"pcp-dstat 6.2.0 CSV Output"
"Author:","PCP team <pcp@groups.io> and Dag Wieers <dag@wieers.com>",,,,"URL:","https://pcp.io/ and http://dag.wieers.com/home-made/dstat/"
"Host:","ubuntu",,,,"User:","ubuntu"
"Cmdline:","dstat -tcmndrylpg --tcp --output /tmp/devstack_logs/dstat-csv.log",,,,"Date:","13 Mar 2026 07:06:23 UTC"
"system","total usage",,,,,"memory usage",,,,"net/total",,"dsk/total",,"io/total",,"system",,"load avg",,,"procs",,,"paging",,"tcp sockets",,,,
"time","total usage:usr","total usage:sys","total usage:idl","total usage:wai","total usage:stl","used","free","buf","cach","net/total:recv","net/total:send","dsk/total:read","dsk/total:writ","read","writ","int","csw","1m","5m","15m","run","blk","new","in","out","lis","act","syn","tim","clo"
13-03 07:06:23,,1074272,1362728,162976,5213436,,,,,,,1.360,1.080,0.640,2,0,,,,10,2,0,17,0
13-03 07:06:24,8.000,20.250,70.251,0.250,0,1075332,1361564,162976,5213540,2717.027,1620.016,0,216.002,0,10.000,5520,4030,1.360,1.080,0.640,1,0,365.004,0,0,10,2,0,17,0
13-03 07:06:25,11.469,21.192,66.318,0,0,996084,1440776,162980,5213572,2716.559,2555.002,0,1212.678,0,9.973,5205,3442,1.360,1.080,0.640,1,0,304.167,0,0,10,3,0,17,0
13-03 07:06:26,14.758,17.759,66.285,0,0,980380,1456316,162980,5213712,4682.445,1759.919,0,16.008,0,4.002,4999,4466,1.360,1.080,0.640,1,0,228.119,0,0,10,2,0,17,0
13-03 07:06:27,18.239,16.240,64.212,0,0,979664,1457008,162980,5214072,2818.326,1619.038,0,11.993,0,2.998,5728,7071,1.330,1.080,0.640,1,0,213.873,0,0,10,2,0,17,0
13-03 07:06:28,12.246,9.247,76.978,0.250,0,1110084,1326228,162984,5338808,2699.213,1619.528,15.995,7.998,1.000,1.999,3498,3621,1.330,1.080,0.640,1,0,90.973,0,0,11,4,0,17,0
13-03 07:06:29,17.791,8.269,72.669,0,0,1113672,1322628,162984,5338820,2783.485,1623.783,0,296.691,0,13.030,2849,1875,1.330,1.080,0.640,1,0,70.163,0,0,11,4,0,17,0
13-03 07:06:30,22.280,10.264,65.087,1.502,0,1124824,1311340,162988,5338928,9160.233,5249.010,16.021,985.316,1.001,35.047,3838,2763,1.330,1.080,0.640,2,0,139.186,0,0,11,4,0,19,0
13-03 07:06:31,42.604,5.730,50.576,0.498,0,1141480,1293632,163120,5339752,6977.063,2947.886,15.945,928.813,0.997,7.973,3015,1675,1.330,1.080,0.640,2,0,21.925,0,0,11,5,0,19,0
13-03 07:06:32,36.246,3.000,58.993,0.250,0,1176976,1256840,163324,5340476,23904.329,11132.756,0,2275.746,0,46.995,2528,1491,1.380,1.100,0.650,2,0,0,0,0,11,6,0,19,0
13-03 07:06:33,27.010,5.502,56.771,9.003,0,1196056,1229132,164468,5347544,31508.720,12687.719,0,32652.145,0,2718.011,12213,21869,1.380,1.100,0.650,2,0,46.017,0,0,11,8,0,19,0
13-03 07:06:34,36.003,5.500,48.254,8.001,0,1221788,1198668,165596,5350868,14522.287,9352.829,0,42983.810,0,3181.282,12447,23182,1.380,1.100,0.650,2,0,36.003,0,0,11,6,0,19,0
13-03 07:06:35,33.098,7.271,58.673,0.501,0,1188580,1231236,165760,5351204,40025.983,13662.272,0,10940.248,0,179.529,3323,2374,1.380,1.100,0.650,2,0,75.222,0,0,11,6,0,19,0
13-03 07:06:36,36.765,3.478,57.880,0.745,0,1250900,1161184,165896,5358484,135153.634,14136.590,0,1788.561,0,68.562,2683,1687,1.380,1.100,0.650,2,0,0,0,0,11,6,0,13,0
13-03 07:06:37,45.797,3.271,48.565,1.258,0,1254680,1138124,166628,5375164,51832.892,4305.903,0,9255.981,0,447.903,3520,3171,1.670,1.160,0.670,3,0,1.007,0,0,11,6,0,13,0
13-03 07:06:38,44.632,5.984,48.622,0.499,0,1294664,1085048,167104,5386252,2692.910,1615.746,0,1352.439,0,33.911,2854,1715,1.670,1.160,0.670,3,0,9.974,0,0,11,6,0,13,0
13-03 07:06:39,45.703,4.246,48.700,0,0,1319160,1048884,167360,5396120,4050.851,1456.508,0,159.836,0,5.994,2808,1443,1.670,1.160,0.670,2,0,0,0,0,11,6,0,13,0
13-03 07:06:40,43.155,7.527,47.671,1.254,0,1315600,1030344,168016,5415708,2649.502,1625.831,0,10481.589,0,146.525,3802,2564,1.670,1.160,0.670,2,0,69.248,0,0,11,6,0,13,0
13-03 07:06:41,31.189,21.208,45.660,0.499,0,1284428,1050444,168608,5424468,2814.452,1616.813,0,1668.711,0,65.870,6188,4786,1.670,1.160,0.670,2,0,401.209,0,0,11,6,0,13,0
13-03 07:06:42,36.315,19.535,42.827,0.751,0,1271164,1037492,169428,5447944,2644.729,1622.902,0,2071.704,0,67.120,5583,5268,1.780,1.190,0.680,2,0,309.554,0,0,11,6,0,13,0
13-03 07:06:43,54.317,15.448,28.654,0.498,0,1231952,1087428,169896,5435928,3193.257,1961.401,0,1275.708,0,41.859,5839,5144,1.780,1.190,0.680,3,0,196.339,0,0,11,5,0,13,0
13-03 07:06:44,45.250,8.000,46.500,0.250,0,1265544,1054080,169904,5435948,2836.970,1619.983,0,567.994,0,18.000,3078,1920,1.780,1.190,0.680,2,0,46.000,0,0,11,5,0,13,0
13-03 07:06:45,47.510,3.251,47.510,0.250,0,1297092,1022076,169908,5436392,2538.550,1458.316,0,11610.513,0,219.047,2916,1416,1.780,1.190,0.680,4,0,0,0,0,11,5,0,13,0
13-03 07:06:46,41.313,9.515,48.574,0,0,1302196,1016364,169908,5437000,4266.541,1622.487,0,600.921,0,48.074,2795,1580,1.780,1.190,0.680,2,0,0,0,0,11,5,0,13,0
13-03 07:06:47,26.795,11.269,60.851,0,0,1301624,1015052,169964,5438788,2764.604,1622.702,0,621.034,0,57.095,4190,4280,1.720,1.190,0.680,3,0,122.203,0,0,10,4,0,14,0
13-03 07:06:48,22.655,4.232,72.196,0,0,1320700,995944,169964,5438808,4528.928,1613.206,0,0,0,0,1987,1517,1.720,1.190,0.680,2,0,17.925,0,0,11,4,0,13,0
13-03 07:06:49,23.520,2.752,73.564,0,0,1354972,961672,169964,5438808,3199.780,1663.445,0,0,0,0,1719,1166,1.720,1.190,0.680,1,0,0,0,0,11,4,0,13,0
13-03 07:06:50,23.294,3.256,70.634,1.753,0,1368340,948208,169964,5439012,2705.126,1623.076,0,40548.842,0,580.099,2381,1809,1.720,1.190,0.680,1,0,1.002,0,0,11,6,0,13,0
13-03 07:06:51,20.958,4.990,70.359,1.746,0,1320340,996148,169988,5439048,2754.469,1616.753,0,6818.308,0,450.096,4311,5557,1.720,1.190,0.680,1,0,42.914,0,0,11,4,0,15,0
13-03 07:06:52,19.255,2.751,73.268,3.751,0,1335392,980776,170252,5439056,2358.583,1458.360,272.067,800.198,10.002,11.003,1671,1360,1.660,1.190,0.690,2,0,0,0,0,11,4,0,14,0
13-03 07:06:53,19.999,1.750,78.244,0,0,1351268,964676,170252,5439244,5245.627,4010.715,0,691.951,0,9.999,1602,1143,1.660,1.190,0.690,2,0,0,0,0,11,11,0,14,0
13-03 07:06:54,17.562,2.509,73.258,5.519,0,1354204,961176,170292,5439604,5083.885,3981.005,268.946,1140.010,66.233,31.109,2384,2634,1.660,1.190,0.690,2,0,2.007,0,0,11,27,0,14,0
13-03 07:06:55,18.986,4.996,74.444,0,0,1350968,964388,170292,5439624,8020.976,5321.004,0,0,0,0,2506,1942,1.660,1.190,0.690,1,0,43.967,0,0,11,28,0,15,0
13-03 07:06:56,22.747,2.750,73.491,0,0,1408420,906936,170292,5439624,2725.679,1619.809,0,403.952,0,4.999,1682,1140,1.660,1.190,0.690,1,0,0,0,0,11,28,0,15,0
13-03 07:06:57,18.453,1.995,79.049,0,0,1380188,935156,170292,5439636,9897.881,8530.351,0,0,0,0,2004,1662,1.610,1.180,0.690,2,0,0.997,0,0,11,28,0,16,0
13-03 07:06:58,34.266,13.256,52.024,0,0,1451132,864180,170292,5439652,2939.373,1620.757,0,2249.050,0,51.024,3674,2385,1.610,1.180,0.690,2,0,155.072,0,0,11,28,0,16,0
13-03 07:06:59,36.245,4.249,58.493,0,0,1500808,814488,170292,5439664,10899.614,9422.802,0,0,0,0,2840,2090,1.610,1.180,0.690,2,0,0,0,0,11,30,0,16,0
13-03 07:07:00,37.082,3.758,57.627,0.251,0,1495712,819368,170304,5439864,13786.491,12088.736,0,296.656,0,23.051,5836,7318,1.610,1.180,0.690,2,0,0,0,0,11,29,0,17,0
13-03 07:07:01,57.290,28.770,13.760,0,0,1495308,819724,170308,5439892,3559.478,2086.453,0,440.307,0,16.011,5688,4561,1.610,1.180,0.690,6,0,554.386,0,0,11,28,0,17,0
13-03 07:07:02,88.465,11.495,0,0,0,1621488,693524,170308,5439908,2690.921,1619.351,0,0,0,0,4811,2550,1.960,1.260,0.720,6,0,24.990,0,0,11,28,0,17,0
13-03 07:07:03,89.538,9.504,1.000,0,0,1753128,561848,170308,5439932,19705.333,18497.823,0,300.127,0,14.006,6249,4662,1.960,1.260,0.720,5,0,0,0,0,11,32,0,17,0
13-03 07:07:04,84.911,7.742,6.743,0,0,1769452,545284,170308,5440168,31278.155,27630.985,0,395.585,0,36.961,7552,10945,1.960,1.260,0.720,5,0,20.978,0,0,11,30,0,21,0
13-03 07:07:05,44.513,15.755,38.261,0,0,1499888,814812,170320,5440188,6198.832,4451.316,0,476.141,0,41.012,5302,5278,1.960,1.260,0.720,1,0,289.085,0,0,11,28,0,23,0
13-03 07:07:06,19.692,3.240,76.276,0.499,0,1505144,809556,170320,5440192,5620.470,3419.942,0,1423.813,0,19.941,1699,1216,1.960,1.260,0.720,0,0,0,0,0,11,29,0,23,0
13-03 07:07:07,17.002,2.750,79.507,0,0,1489976,824700,170332,5440204,8443.766,6667.605,0,312.028,0,18.002,2612,3093,1.800,1.240,0.710,1,0,0,0,0,11,28,0,24,0
13-03 07:07:08,19.314,7.023,72.742,0.251,0,1449384,865280,170336,5440212,2941.773,1625.400,0,148.493,0,8.027,2616,1872,1.800,1.240,0.710,1,0,68.227,0,0,11,28,0,24,0
13-03 07:07:09,18.696,1.745,78.272,0,0,1443928,870724,170340,5440220,7002.591,5520.909,0,223.349,0,8.974,1818,1565,1.800,1.240,0.710,1,0,0,0,0,11,29,0,24,0
13-03 07:07:10,18.977,1.748,77.156,0.250,0.250,1382552,932080,170344,5440236,6011.671,4675.300,0,623.240,0,52.935,2567,2834,1.800,1.240,0.710,1,0,0.999,0,0,11,28,0,25,0
13-03 07:07:11,8.029,24.841,66.242,0,0,1370576,944032,170352,5440240,3071.203,1625.931,0,56542.254,0,268.981,6048,4490,1.800,1.240,0.710,3,0,443.618,0,0,11,28,0,25,0
13-03 07:07:12,42.279,33.773,23.766,0,0,1432700,881880,170352,5440268,2839.959,1459.006,0,1473.016,0,24.017,5817,4667,1.900,1.270,0.730,5,0,596.411,0,0,11,28,0,25,0
13-03 07:07:13,87.310,12.437,0,0,0,1613348,701196,170356,5442868,3168.033,1705.405,0,632.811,0,39.799,5271,6361,1.900,1.270,0.730,7,0,33.830,0,0,11,28,0,20,0
13-03 07:07:14,81.807,8.783,8.783,0,0,1700208,614308,170356,5440308,25062.046,21127.280,0,2240.407,0,96.362,5471,6672,1.900,1.270,0.730,3,0,2.008,0,0,11,33,0,21,0
13-03 07:07:15,75.831,7.258,16.518,0.250,0,1701008,613300,170356,5440516,30226.185,27219.984,0,236.252,0,32.034,8329,12031,1.900,1.270,0.730,5,0,0,0,0,11,31,0,21,0
13-03 07:07:16,76.491,21.497,1.500,0,0,1549268,764920,170364,5440624,7949.071,6377.255,0,28356.686,0,143.983,6429,6826,1.900,1.270,0.730,6,0,309.964,0,0,11,28,0,22,0
13-03 07:07:17,88.029,12.254,0,0,0.250,1628100,686032,170368,5440636,4314.408,3593.172,0,792.259,0,19.006,4887,2600,2.230,1.350,0.750,5,0,0,0,0,11,29,0,21,0
13-03 07:07:18,87.801,8.231,3.742,0,0,1742948,571144,170376,5440660,21821.453,20139.273,0,718.369,0,41.905,5812,4893,2.230,1.350,0.750,4,0,0,0,0,11,33,0,21,0
13-03 07:07:19,83.336,9.009,6.757,0,0,1753648,560088,170376,5441012,36283.467,33111.191,0,140.145,0,13.013,8815,12487,2.230,1.350,0.750,4,0,50.052,0,0,11,31,0,24,0
13-03 07:07:20,64.802,16.013,18.515,0,0,1481752,831816,170380,5441176,14770.848,12561.076,0,520.417,0,26.021,7101,7981,2.230,1.350,0.750,2,0,248.199,0,0,11,28,0,26,0
13-03 07:07:21,42.122,5.733,50.845,0.249,0,1506172,807364,170380,5441188,4545.188,3825.376,0,179.455,0,9.970,2835,1482,2.230,1.350,0.750,1,0,6.979,0,0,11,29,0,23,0
13-03 07:07:22,35.835,4.260,59.140,0,0,1507144,806444,170380,5441212,15990.965,13523.106,0,3833.100,0,342.814,4967,5238,2.290,1.380,0.770,1,0,0,0,0,11,29,0,24,0
13-03 07:07:23,53.483,23.243,22.993,0,0,1471192,842344,170384,5441260,8118.493,5859.191,0,299.907,0,19.994,5945,5370,2.290,1.380,0.770,3,0,377.883,0,0,11,28,0,25,0
13-03 07:07:24,60.686,6.243,31.717,0.250,0,1540932,772572,170404,5441268,9224.259,8897.604,0,3280.536,0,177.812,4062,2583,2.290,1.380,0.770,1,0,0,0,0,11,31,0,25,0
13-03 07:07:25,51.336,5.008,43.073,0.250,0,1544512,768792,170412,5441460,24640.481,20200.006,0,985.659,0,55.093,7081,9156,2.290,1.380,0.770,3,0,0,0,0,11,30,0,26,0
13-03 07:07:26,66.804,20.767,12.510,0,0,1485524,827752,170420,5441480,5274.285,3893.163,0,412.335,0,37.030,5559,4691,2.290,1.380,0.770,4,0,258.210,0,0,11,28,0,26,0
13-03 07:07:27,85.844,8.984,4.991,0,0,1616484,696784,170420,5441484,5615.774,5074.759,0,355.353,0,10.980,4570,1492,2.430,1.420,0.780,0,0,0,0,0,11,30,2,26,0
13-03 07:07:28,60.765,6.252,31.758,0,0,1624360,688720,170420,5441672,30140.529,28139.029,0,748.187,0,49.012,7359,9328,2.430,1.420,0.780,2,0,0,0,0,11,32,0,26,0
13-03 07:07:29,63.600,19.781,16.025,0,0,1489560,823456,170424,5441732,14699.040,12020.842,0,372.584,0,41.064,7029,8265,2.430,1.420,0.780,4,0,324.509,0,0,11,28,0,29,0
13-03 07:07:30,68.252,7.473,24.162,0,0,1560924,752084,170428,5441736,2690.215,1614.129,0,330.797,0,6.975,3612,1396,2.430,1.420,0.780,4,0,0,0,0,11,28,0,29,0
13-03 07:07:31,47.351,4.510,46.599,0,0,1579020,733948,170428,5441772,23306.490,20761.085,0,452.962,0,24.051,5332,5682,2.430,1.420,0.780,2,0,1.002,0,0,11,31,0,29,0
13-03 07:07:32,51.576,20.530,27.540,0.250,0,1490564,822220,170440,5441944,14332.987,11700.132,0,388.569,0,38.056,7392,8337,2.550,1.470,0.800,3,0,299.438,0,0,11,28,0,31,0
13-03 07:07:33,67.422,7.991,23.972,0,0,1540044,772728,170440,5441956,2714.869,1456.320,0,159.816,0,6.992,3551,1315,2.550,1.470,0.800,3,0,0,0,0,11,28,0,29,0
13-03 07:07:34,49.801,5.005,44.545,0,0,1556440,756136,170452,5442140,18672.021,18801.153,0,2822.876,0,103.105,5001,4795,2.550,1.470,0.800,1,0,0,0,0,11,31,0,29,0
13-03 07:07:35,53.591,18.445,27.169,0,0,1437092,875356,170460,5442256,15802.140,12369.320,0,410.782,0,35.894,7034,8318,2.550,1.470,0.800,3,0,286.151,0,0,11,28,0,32,0
13-03 07:07:36,68.739,6.749,23.996,0,0,1533272,779124,170460,5442276,2819.549,1619.741,0,319.949,0,7.999,3726,1355,2.550,1.470,0.800,4,0,0,0,0,11,28,0,32,0
13-03 07:07:37,49.830,5.258,44.321,0.250,0,1565584,746788,170460,5442300,19729.774,17638.406,0,140.226,0,6.010,4500,4150,2.510,1.480,0.810,1,0,0,0,0,11,31,0,32,0
13-03 07:07:38,54.843,13.022,31.053,0.501,0,1413348,898700,170472,5442612,14071.943,11364.336,0,444.757,0,41.070,6952,7461,2.510,1.480,0.810,3,0,114.194,0,0,11,28,0,34,0
13-03 07:07:39,66.438,7.493,25.726,0.250,0,1553352,758676,170476,5442588,5824.607,3588.677,0,199.815,0,8.992,3559,1386,2.510,1.480,0.810,2,0,0,0,0,11,29,0,34,0
13-03 07:07:40,47.496,4.500,46.746,0,0,1566928,745060,170484,5442620,19019.252,18459.303,0,815.925,0,55.995,5332,5755,2.510,1.480,0.810,1,0,0,0,0,11,31,0,34,0
13-03 07:07:41,60.060,22.522,17.267,0.250,0,1476472,835456,170508,5442656,10914.864,8296.257,0,468.466,0,47.047,6626,7343,2.510,1.480,0.810,6,0,401.400,0,0,11,28,0,36,0
13-03 07:07:42,79.501,20.500,0.250,0,0,1565452,746428,170512,5442700,4140.047,1620.018,0,456.005,0,18.000,5322,4076,2.870,1.570,0.840,7,0,336.004,0,0,11,28,0,36,0
13-03 07:07:43,82.355,17.469,0,0,0,1698452,613392,170520,5442724,7122.428,7364.001,0,535.056,0,31.944,5586,4464,2.870,1.570,0.840,6,0,286.494,0,0,11,30,0,36,0
13-03 07:07:44,79.819,16.712,2.494,0,0,1758184,553460,170520,5442924,31186.183,28942.278,0,11.973,0,0.998,6654,6876,2.870,1.570,0.840,7,0,300.318,0,0,11,34,0,36,0
13-03 07:07:45,78.816,19.077,2.008,0,0,1749056,562320,170532,5443172,33313.593,30257.337,0,614.464,0,53.213,8156,10163,2.870,1.570,0.840,6,0,349.401,0,0,11,29,0,37,0
13-03 07:07:46,81.843,17.965,0,0,0,1568136,743212,170532,5443200,7466.661,3709.875,0,275.471,0,21.958,5443,3798,2.870,1.570,0.840,5,0,181.651,0,0,11,28,0,37,0
13-03 07:07:47,89.871,9.763,0.751,0,0,1675824,635520,170536,5443200,8693.728,7972.755,0,120.162,0,9.012,4863,2154,2.960,1.610,0.860,3,0,0,0,0,11,31,0,37,0
13-03 07:07:48,72.446,7.994,18.236,0,0,1692336,618928,170536,5443272,35800.474,31475.678,0,363.730,0,9.993,7271,9286,2.960,1.610,0.860,2,0,0,0,0,11,33,0,37,0
13-03 07:07:49,68.506,17.001,14.501,0,0,1559820,751248,170536,5443468,25302.041,22129.785,0,168.014,0,30.002,8307,10741,2.960,1.610,0.860,4,0,353.028,0,0,11,28,0,42,0
13-03 07:07:50,15.016,30.783,53.057,0,0,1451628,859388,170536,5443488,2636.845,1621.750,0,132.143,0,12.013,6386,5253,2.960,1.610,0.860,4,0,674.728,0,0,11,28,0,41,0
13-03 07:07:51,66.508,29.503,2.750,0,0,1504672,806284,170536,5443544,2762.314,1620.184,0,340.039,0,22.002,5570,4687,2.960,1.610,0.860,4,0,576.065,0,0,11,28,0,41,0
13-03 07:07:52,77.962,8.220,13.699,0,0,1604864,706080,170540,5443552,13041.821,12256.721,0,167.382,0,9.963,4538,2891,2.960,1.630,0.870,3,0,0,0,0,11,31,0,41,0
13-03 07:07:53,67.019,8.502,24.507,0,0,1603352,707380,170556,5443744,23071.571,20634.877,0,632.180,0,49.014,6641,8616,2.960,1.630,0.870,6,0,67.019,0,0,11,30,0,43,0
13-03 07:07:54,77.510,18.562,4.515,0,0,1503020,807676,170560,5443776,5923.891,4835.235,0,377.267,0,38.128,5610,4483,2.960,1.630,0.870,5,0,202.681,0,0,11,30,0,43,0
13-03 07:07:55,77.232,8.248,13.747,0,0,1598912,711760,170564,5443796,14587.635,11986.235,0,215.950,0,13.997,4634,2779,2.960,1.630,0.870,3,0,1.000,0,0,11,35,0,43,0
13-03 07:07:56,61.940,6.244,30.471,0,0,1609904,700684,170564,5443868,28536.559,26408.606,0,147.858,0,8.991,8485,11263,2.960,1.630,0.870,3,0,0,0,0,11,36,0,43,0
13-03 07:07:57,52.787,5.754,40.778,0.250,0.250,1610420,699932,170568,5444100,31055.543,28029.444,0,424.294,0,54.037,11013,16134,2.880,1.640,0.880,3,0,0,0,0,11,35,0,43,0
13-03 07:07:58,75.535,13.006,10.755,0,0,1493132,817036,170572,5444280,18164.333,13634.255,0,748.343,0,50.023,7154,8807,2.880,1.640,0.880,4,0,120.055,0,0,11,32,0,41,0
13-03 07:07:59,83.999,11.000,4.500,0,0,1584432,725732,170572,5444284,6712.959,5536.966,0,147.999,0,9.000,4726,2105,2.880,1.640,0.880,4,0,0,0,0,11,33,0,41,0
13-03 07:08:00,68.693,7.494,23.231,0,0,1621004,689092,170576,5444344,27685.915,24423.635,0,143.880,0,7.993,5501,7523,2.880,1.640,0.880,3,0,0,0,0,11,36,0,41,0
13-03 07:08:01,49.536,5.004,44.532,0,0,1620764,689092,170576,5444580,34538.808,31826.860,0,140.101,0,10.007,11233,16492,2.880,1.640,0.880,3,0,1.001,0,0,11,35,0,42,0
13-03 07:08:02,70.008,12.501,16.502,0,0,1596648,712996,170580,5444784,24296.754,21298.414,0,128.015,0,8.001,8100,9993,2.970,1.680,0.890,4,0,142.016,0,0,11,32,0,44,0
13-03 07:08:03,81.253,16.251,2.750,0,0,1529272,780356,170580,5444800,4373.140,3592.115,0,148.005,0,10.000,4778,2200,2.970,1.680,0.890,3,0,118.004,0,0,11,33,0,44,0
13-03 07:08:04,71.753,7.000,20.751,0,0,1610596,699000,170580,5444828,21110.813,19717.759,0,136.005,0,10.000,5160,4774,2.970,1.680,0.890,3,0,0,0,0,11,36,0,44,0
13-03 07:08:05,63.495,5.500,29.998,0,0,1612148,697236,170584,5445032,27418.886,25276.051,0,3491.731,0,136.989,8943,12810,2.970,1.680,0.890,3,0,0,0,0,11,34,0,46,0
13-03 07:08:06,76.006,14.751,8.501,0,0,1536632,772692,170600,5445072,14452.132,10373.813,0,324.025,0,33.003,6235,6546,2.970,1.680,0.890,5,0,98.008,0,0,11,32,0,40,0
13-03 07:08:07,80.061,10.475,8.979,0,0,1581088,728216,170600,5445092,12225.149,9431.741,0,107.746,0,6.984,4796,2473,3.060,1.720,0.910,5,0,29.929,0,0,11,34,0,40,0
13-03 07:08:08,68.172,11.278,20.051,0.251,0,1548920,760216,170608,5445248,16488.626,15125.184,0,401.012,0,43.109,5794,5542,3.060,1.720,0.910,6,0,117.296,0,0,11,34,0,42,0
13-03 07:08:09,73.684,9.179,15.630,0.248,0,1579012,730048,170612,5445320,22305.652,20316.929,0,154.811,0,7.939,6493,9185,3.060,1.720,0.910,3,0,2.977,0,0,11,34,0,42,0
13-03 07:08:10,69.177,12.075,18.615,0,0,1550864,758012,170616,5445492,22749.522,20325.550,0,112.696,0,9.056,5670,6747,3.060,1.720,0.910,4,0,141.876,0,0,11,34,0,43,0
13-03 07:08:11,79.357,9.513,11.265,0,0,1544104,764736,170616,5445528,16431.080,14226.117,0,124.167,0,8.011,5062,6856,3.060,1.720,0.910,5,0,6.008,0,0,11,32,0,45,0
13-03 07:08:12,77.499,12.250,10.000,0,0,1586280,722524,170616,5445564,11419.830,9861.853,0,119.998,0,7.000,4657,2739,2.970,1.720,0.920,4,0,80.999,0,0,11,34,0,45,0
13-03 07:08:13,75.232,9.248,14.997,0,0,1581068,727696,170616,5445600,17358.956,15702.342,0,331.923,0,10.997,5186,5227,2.970,1.720,0.920,3,0,67.984,0,0,11,34,0,47,0
13-03 07:08:14,76.853,11.977,10.480,0,0,1621556,687160,170620,5445644,15107.067,13790.588,0,119.771,0,6.987,6261,13275,2.970,1.720,0.920,2,0,35.931,0,0,11,34,0,46,0
13-03 07:08:15,71.674,11.738,16.233,0,0,1583548,725116,170636,5445680,16907.004,14142.946,0,403.570,0,38.959,5538,5497,2.970,1.720,0.920,3,0,137.853,0,0,11,34,0,48,0
13-03 07:08:16,58.185,10.784,30.848,0.502,0,1492032,816612,170640,5445692,6422.421,4873.496,0,341.085,0,34.108,4394,3323,2.970,1.720,0.920,3,0,120.383,0,0,11,32,0,50,0
13-03 07:08:17,58.218,7.496,33.232,0,0,1527692,780720,170640,5445920,9827.666,8455.411,0,219.881,0,14.992,4408,3678,2.970,1.740,0.930,3,0,0,0,0,11,33,0,50,0
13-03 07:08:18,53.762,9.252,36.758,0,0,1562664,745572,170656,5446080,15953.613,14347.249,0,1952.442,0,122.028,4965,4572,2.970,1.740,0.930,3,0,96.022,0,0,11,34,0,50,0
13-03 07:08:19,58.260,7.751,33.256,0,0,1498640,809548,170656,5446128,15499.742,13526.393,0,0,0,0,6234,7277,2.970,1.740,0.930,5,0,75.013,0,0,11,32,0,52,0
13-03 07:08:20,57.940,8.491,32.466,0,0,1525464,782664,170660,5446180,8191.471,7645.040,0,95.900,0,6.993,3988,3302,2.970,1.740,0.930,2,0,10.989,0,0,11,33,0,52,0
13-03 07:08:21,50.770,8.753,39.766,0,0,1545156,762808,170660,5446332,15932.306,13709.426,0,116.046,0,10.004,4721,4018,2.970,1.740,0.930,2,0,93.037,0,0,11,34,0,53,0
13-03 07:08:22,34.904,3.740,59.587,0.249,0.249,1541884,766020,170664,5446384,17365.398,15588.269,0,351.038,0,28.921,5973,7739,2.740,1.710,0.920,3,0,0,0,0,11,32,0,49,0
13-03 07:08:23,38.242,12.497,47.990,0.250,0,1471068,836836,170664,5446384,2765.399,1685.634,0,255.944,0,9.998,3704,2300,2.740,1.710,0.920,2,0,134.971,0,0,11,32,0,49,0
13-03 07:08:24,37.250,4.000,58.251,0,0,1498184,809712,170664,5446392,12437.146,11036.130,0,140.002,0,8.000,3043,2270,2.740,1.710,0.920,3,0,0,0,0,11,34,0,49,0
13-03 07:08:25,38.138,5.520,54.698,0,0,1427348,880336,170668,5446600,12891.650,9631.854,0,794.876,0,57.207,5448,6434,2.740,1.710,0.920,3,0,34.123,0,0,11,32,0,51,0
13-03 07:08:26,40.616,10.715,47.842,0,0,1424528,883144,170668,5446612,2930.314,1614.663,0,2798.749,0,126.582,3520,2077,2.740,1.710,0.920,3,0,103.657,0,0,11,32,0,51,0
13-03 07:08:27,35.240,3.499,60.233,0,0,1465824,841840,170668,5446620,13744.210,12108.661,0,0,0,0,2807,2187,2.680,1.720,0.930,3,0,0,0,0,11,34,0,49,0
13-03 07:08:28,37.020,6.754,55.280,0.250,0,1470068,837564,170672,5446644,8754.764,7205.921,0,304.166,0,48.026,4318,4494,2.680,1.720,0.930,1,0,60.033,0,0,11,33,0,50,0
13-03 07:08:29,41.219,5.496,52.710,0,0,1474584,833044,170672,5446648,5873.579,4745.428,0,1267.046,0,21.983,3070,2087,2.680,1.720,0.930,2,0,4.996,0,0,11,33,0,51,0
13-03 07:08:30,36.628,4.516,57.451,0,0.251,1496916,810680,170676,5446672,16134.458,13693.918,0,120.421,0,8.028,4131,4497,2.680,1.720,0.930,2,0,0,0,0,11,34,0,51,0
13-03 07:08:31,37.009,7.002,56.264,0,0,1416408,891024,170680,5446832,10073.524,8369.097,0,60.015,0,5.001,4015,4374,2.680,1.720,0.930,5,0,44.011,0,0,11,33,0,49,0
13-03 07:08:32,40.729,5.247,52.472,0.500,0,1489116,818300,170684,5446844,5187.277,4813.473,0,243.872,0,23.987,2941,1819,2.620,1.720,0.940,1,0,4.997,0,0,11,33,0,50,0
13-03 07:08:33,36.933,3.993,58.145,0,0,1514088,793296,170688,5446872,16851.514,14818.192,0,111.798,0,6.987,3855,4486,2.620,1.720,0.940,2,0,0,0,0,11,34,0,50,0
13-03 07:08:34,31.054,13.273,54.094,0,0,1488412,818820,170704,5446984,10932.925,8669.006,0,380.659,0,35.061,5716,6087,2.620,1.720,0.940,2,0,262.454,0,0,11,32,0,52,0
13-03 07:08:35,21.697,4.489,72.572,0,0,1442448,864776,170704,5446988,2693.410,1616.046,0,179.561,0,8.978,1988,1398,2.620,1.720,0.940,1,0,19.951,0,0,11,32,0,49,0
13-03 07:08:36,18.493,2.249,77.969,0.250,0,1457596,849616,170708,5446996,8104.795,6726.340,0,103.959,0,6.997,1889,1579,2.620,1.720,0.940,1,0,0,0,0,11,33,0,49,0
13-03 07:08:37,19.252,1.250,77.509,0.500,0,1448788,858392,170716,5447016,10346.161,7363.827,0,632.071,0,46.005,3402,4135,2.410,1.690,0.930,2,0,0,0,0,11,32,0,50,0
13-03 07:08:38,12.495,16.744,69.975,0,0,1410028,897144,170716,5447024,2537.077,1457.470,0,179.935,0,14.995,4315,3133,2.410,1.690,0.930,1,0,283.897,0,0,11,32,0,50,0
13-03 07:08:39,20.495,3.499,75.231,0,0.250,1453212,853956,170716,5447028,4388.903,3591.103,0,39.990,0,2.000,1667,1053,2.410,1.690,0.930,0,0,0,0,0,11,33,0,46,0
13-03 07:08:40,17.759,2.001,78.791,0,0,1445328,861692,170716,5447176,13013.814,9636.046,0,224.117,0,9.005,3110,3567,2.410,1.690,0.930,1,0,0,0,0,11,33,0,46,0
13-03 07:08:41,20.060,5.767,72.967,0,0,1434544,872472,170716,5447180,3741.151,2447.295,0,4.012,0,1.003,2576,2073,2.410,1.690,0.930,1,0,47.141,0,0,11,32,0,47,0
13-03 07:08:42,18.197,2.493,78.273,0.249,0,1453392,853612,170724,5447184,5500.029,4007.363,0,223.351,0,15.954,1663,1366,2.300,1.680,0.930,1,0,0,0,0,11,33,0,47,0
13-03 07:08:43,19.520,3.003,76.578,0,0,1447776,859204,170728,5447204,10710.856,9419.547,0,108.110,0,7.007,3190,3791,2.300,1.680,0.930,1,0,0,0,0,11,33,0,45,0
13-03 07:08:44,17.287,7.015,73.406,0,0,1378420,928464,170736,5447288,7607.131,5449.556,0,220.468,0,28.060,4326,4378,2.300,1.680,0.930,1,0,132.281,0,0,11,32,0,45,0
13-03 07:08:45,15.959,22.692,60.095,0.249,0,1380708,926092,170756,5447372,2752.921,1657.737,0,406.953,0,25.933,6151,4896,2.300,1.680,0.930,2,0,492.733,0,0,11,32,0,47,0
13-03 07:08:46,44.703,6.243,48.699,0.250,0,1470328,836380,170784,5447432,2697.153,1618.292,0,531.439,0,25.973,2899,1598,2.300,1.680,0.930,3,0,0,0,0,11,32,0,47,0
13-03 07:08:47,42.384,6.019,47.149,2.759,0,1532036,770740,171212,5450504,2838.992,1625.147,0,8310.322,0,740.345,6015,8335,2.270,1.690,0.940,2,0,38.121,0,0,11,36,0,46,0
13-03 07:08:48,38.421,7.235,41.664,10.478,0,1497900,799720,171816,5454740,2694.460,1616.676,0,46208.999,0,3775.239,15107,29021,2.270,1.690,0.940,3,0,99.795,0,0,11,36,0,46,0
13-03 07:08:49,38.227,8.245,41.475,8.745,0,1542816,753444,172436,5455420,2845.314,1619.040,0,34031.831,0,3043.196,13615,25139,2.270,1.690,0.940,2,0,32.980,0,0,11,36,0,46,0
13-03 07:08:50,44.643,7.775,46.398,1.505,0,1503340,792852,172500,5455424,2658.499,1625.196,0,11207.832,0,626.001,4226,4221,2.270,1.690,0.940,2,0,7.022,0,0,11,32,0,46,0
13-03 07:08:51,44.249,5.750,46.749,2.000,0,1492696,803184,172676,5455556,2597.945,1457.969,0,3691.922,0,552.988,5398,7106,2.270,1.690,0.940,2,1,3.000,0,0,11,34,0,41,0
13-03 07:08:52,39.464,6.494,42.211,8.242,0,1531856,763264,173028,5455944,3057.202,1618.519,0,20541.203,0,2603.617,12467,23296,2.490,1.740,0.960,2,0,0,0,0,11,34,0,41,0
13-03 07:08:53,28.171,8.227,62.825,0.499,0,1492476,802620,173048,5455948,2931.819,1615.492,0,4379.779,0,226.368,3261,2880,2.490,1.740,0.960,1,0,99.722,0,0,11,32,0,41,0
13-03 07:08:54,22.763,3.752,72.540,0.250,0,1487412,807672,173048,5455960,2838.575,1620.900,0,148.082,0,19.011,1927,1512,2.490,1.740,0.960,1,0,1.001,0,0,11,32,0,41,0
13-03 07:08:55,22.500,3.250,71.999,0.500,0,1517340,777728,173064,5455960,2699.958,1619.975,0,5655.911,0,311.995,2277,2324,2.490,1.740,0.960,1,0,2.000,0,0,11,32,0,37,0
13-03 07:08:56,23.000,2.750,73.750,0,0,1479580,815464,173064,5455984,2819.997,1619.998,0,0,0,0,1742,1150,2.490,1.740,0.960,1,0,1.000,0,0,11,32,0,37,0
13-03 07:08:57,22.536,3.506,73.367,0,0,1470968,824084,173064,5455980,2824.505,1622.588,0,380.607,0,79.126,1849,1234,2.370,1.730,0.960,1,0,1.002,0,0,11,32,0,37,0
13-03 07:08:58,22.710,3.244,73.121,0,0,1488268,806784,173064,5455980,4090.810,1455.442,0,3.993,0,0.998,1759,1110,2.370,1.730,0.960,1,0,1.996,0,0,11,32,0,37,0
13-03 07:08:59,22.742,3.249,73.474,0,0,1462048,832992,173064,5455992,3075.919,1619.431,0,1727.393,0,211.926,1862,1250,2.370,1.730,0.960,1,0,1.000,0,0,11,32,0,37,0
13-03 07:09:00,22.255,3.751,73.267,0,0,1498280,796760,173064,5455992,2820.670,1620.385,0,196.047,0,1.000,1706,1105,2.370,1.730,0.960,1,0,2.000,0,0,11,32,0,37,0
13-03 07:09:01,23.747,2.500,72.990,0,0,1459956,835000,173072,5456068,3059.589,1619.783,0,87.988,0,2.000,1771,1176,2.370,1.730,0.960,2,0,2.000,0,0,11,32,0,37,0
13-03 07:09:02,22.757,3.001,73.022,0.250,0,1455968,839004,173072,5456076,2700.828,1620.497,0,600.184,0,41.013,1937,1635,2.260,1.720,0.960,1,0,0,0,0,11,32,0,37,0
13-03 07:09:03,21.996,3.749,72.987,0,0,1501372,793600,173072,5456076,2939.467,1619.706,0,0,0,0,1722,1067,2.260,1.720,0.960,1,0,2.000,0,0,11,32,0,33,0
13-03 07:09:04,23.510,2.751,73.530,0,0,1464744,830140,173080,5456156,2436.002,1458.600,0,4.002,0,1.000,1736,1193,2.260,1.720,0.960,1,0,1.000,0,0,11,32,0,33,0
13-03 07:09:05,22.792,3.006,73.637,0,0.250,1458088,836732,173080,5456188,2524.698,1623.020,0,0,0,0,1743,1236,2.260,1.720,0.960,1,0,1.002,0,0,11,32,0,33,0
13-03 07:09:06,22.952,2.495,73.097,0,0,1470576,824244,173080,5456188,2644.469,1616.619,0,0,0,0,1706,1210,2.260,1.720,0.960,1,0,0,0,0,11,32,0,33,0
13-03 07:09:07,23.002,3.000,73.505,0,0,1484316,810504,173080,5456188,2700.184,1620.111,0,0,0,0,1701,1072,2.160,1.710,0.960,1,0,2.000,0,0,11,32,0,33,0
13-03 07:09:08,22.496,3.749,72.987,0,0,1454748,840052,173088,5456200,2639.528,1619.711,0,263.953,0,34.994,1818,1387,2.160,1.710,0.960,1,0,1.000,0,0,11,32,0,31,0
13-03 07:09:09,23.556,2.506,73.675,0,0,1457980,836776,173088,5456240,2783.620,1623.862,0,4.010,0,1.002,1727,1156,2.160,1.710,0.960,1,0,1.002,0,0,11,32,0,31,0
13-03 07:09:10,23.188,2.493,73.305,0,0,1459496,835260,173088,5456240,2882.341,1615.707,0,3.989,0,0.997,1799,1355,2.160,1.710,0.960,1,0,0,0,0,11,32,0,31,0
13-03 07:09:11,23.258,3.251,73.026,0,0,1497204,797552,173088,5456240,4159.484,1458.521,0,0,0,0,1839,1261,2.160,1.710,0.960,1,0,3.001,0,0,11,32,0,31,0
13-03 07:09:12,14.547,14.046,70.228,0.502,0,1454588,840004,173096,5456396,2708.797,1667.415,0,878.854,0,46.150,4537,3559,2.150,1.710,0.970,1,0,254.828,0,0,11,32,0,25,0
13-03 07:09:13,8.478,21.194,68.321,0,0,1430948,863604,173100,5456428,2936.307,1709.521,0,789.930,0,8.976,5564,4016,2.150,1.710,0.970,2,0,387.983,0,0,11,32,0,25,0
13-03 07:09:14,17.027,23.037,59.095,0,0,1410824,883688,173100,5456464,2961.748,1622.601,0,689.105,0,80.128,6138,11113,2.150,1.710,0.970,1,0,407.654,0,0,11,32,0,26,0
13-03 07:09:15,9.260,18.270,70.077,0,0,1408928,885540,173100,5456492,3003.311,1621.788,0,0,0,0,5276,3949,2.150,1.710,0.970,1,0,355.392,0,0,11,32,0,26,0
13-03 07:09:16,22.179,3.738,73.762,0,0,1427812,866668,173100,5456480,2751.142,1614.800,0,15.949,0,2.990,1802,1387,2.150,1.710,0.970,1,0,0,0,0,11,32,0,21,0
13-03 07:09:17,22.503,3.750,73.260,0,0,1480972,813508,173100,5456480,2890.379,1620.213,0,0,0,0,1749,1103,2.060,1.700,0.970,1,0,2.000,0,0,11,32,0,21,0
13-03 07:09:18,23.075,2.508,73.237,0,0,1452792,841668,173100,5456496,2666.619,1462.728,0,156.506,0,3.010,1697,1158,2.060,1.700,0.970,1,0,1.003,0,0,11,32,0,21,0
13-03 07:09:19,22.424,2.990,73.750,0,0,1446788,847688,173100,5456476,2947.025,1614.535,0,2356.026,0,73.750,1782,1167,2.060,1.700,0.970,2,0,1.993,0,0,11,32,0,21,0
13-03 07:09:20,24.042,2.254,73.128,0,0,1405440,889016,173100,5456496,4147.273,1622.846,0,20.035,0,1.002,1657,1002,2.060,1.700,0.970,1,0,1.002,0,0,11,32,0,16,0
13-03 07:09:21,22.219,4.494,72.149,0,0,1454016,840452,173100,5456484,2696.218,1617.731,0,0,0,0,1929,1389,2.060,1.700,0.970,2,0,5.992,0,0,11,32,0,16,0
13-03 07:09:22,23.246,3.749,72.238,0.500,0,1510564,783864,173120,5456492,2579.559,1619.723,0,4207.281,0,208.964,2329,2348,1.970,1.690,0.970,1,0,2.999,0,0,11,32,0,16,0
13-03 07:09:23,23.311,2.757,73.442,0,0,1482760,811656,173120,5456504,2947.692,1624.239,0,12.031,0,1.003,1763,1142,1.970,1.690,0.970,1,0,1.003,0,0,11,32,0,16,0
13-03 07:09:24,21.992,3.249,73.724,0,0,1507596,786840,173120,5456484,2776.012,1619.424,0,219.922,0,27.990,1725,1195,1.970,1.690,0.970,1,0,1.999,0,0,11,32,0,13,0
13-03 07:09:25,23.690,1.995,73.563,0,0,1522336,772100,173120,5456484,2411.854,1454.294,0,19.949,0,0.997,1624,993,1.970,1.690,0.970,1,0,0,0,0,11,32,0,13,0
13-03 07:09:26,22.068,4.263,73.227,0,0,1512504,781924,173120,5456492,4267.241,1625.042,0,0,0,0,1819,1363,1.970,1.690,0.970,1,0,1.003,0,0,11,32,0,13,0
13-03 07:09:27,22.438,3.241,73.298,0,0,1542228,752200,173120,5456492,2812.245,1615.545,0,0,0,0,1746,1163,1.890,1.680,0.970,3,0,1.995,0,0,11,32,0,13,0
13-03 07:09:28,23.252,2.500,73.256,0,0,1499792,794624,173120,5456504,4320.363,1620.136,0,76.006,0,4.000,1703,1210,1.890,1.680,0.970,2,0,1.000,0,0,11,32,0,10,0
13-03 07:09:29,22.307,3.258,73.688,0,0,1521828,772616,173120,5456476,3024.724,1624.147,0,0,0,0,1693,1153,1.890,1.680,0.970,2,0,2.005,0,0,11,32,0,10,0
13-03 07:09:30,23.249,2.250,74.247,0,0,1548284,746156,173120,5456480,4313.830,1619.936,0,27.999,0,1.000,1553,988,1.890,1.680,0.970,1,0,0,0,0,11,32,0,10,0
13-03 07:09:31,22.195,3.491,73.070,0,0,1507540,786960,173120,5456420,2711.309,1454.411,0,11.970,0,0.998,1777,1253,1.890,1.680,0.970,3,0,1.995,0,0,11,32,0,10,0
13-03 07:09:32,22.253,3.500,72.509,0.500,0,1533148,761348,173124,5456420,2820.363,1620.209,0,540.070,0,38.005,1925,1607,1.820,1.660,0.970,2,0,2.000,0,0,11,32,0,7,0
13-03 07:09:33,24.560,2.005,73.931,0,0,1487924,806484,173124,5456508,3007.358,1623.973,0,88.216,0,1.002,1634,1018,1.820,1.660,0.970,2,0,1.002,0,0,11,32,0,7,0
13-03 07:09:34,22.192,3.491,72.811,0,0.249,1480268,814108,173124,5456540,2829.645,1615.800,0,15.959,0,1.995,1745,1227,1.820,1.660,0.970,1,0,0.997,0,0,11,32,0,7,0
13-03 07:09:35,22.739,3.248,73.464,0,0,1471180,823216,173124,5456520,4257.885,1619.196,0,599.702,0,97.951,1787,1303,1.820,1.660,0.970,1,0,0,0,0,11,32,0,7,0
13-03 07:09:36,22.263,3.752,73.542,0,0,1503912,790484,173124,5456520,2701.538,1620.923,0,0,0,0,1655,1098,1.820,1.660,0.970,2,0,2.001,0,0,11,32,0,5,0
13-03 07:09:37,23.307,2.506,73.428,0,0,1466904,827472,173124,5456540,2887.000,1623.937,0,20.049,0,1.002,1719,1176,1.750,1.650,0.970,2,0,1.002,0,0,11,32,0,5,0
13-03 07:09:38,23.187,2.493,73.300,0,0,1493768,800632,173124,5456516,2780.406,1454.029,0,91.749,0,2.992,1667,1226,1.750,1.650,0.970,1,0,0,0,0,11,32,0,5,0
13-03 07:09:39,22.563,3.259,73.454,0,0,1468856,825532,173124,5456528,3025.403,1624.512,0,0,0,0,1758,1310,1.750,1.650,0.970,2,0,1.003,0,0,11,32,0,5,0
13-03 07:09:40,22.747,2.750,73.742,0,0,1507420,786968,173124,5456528,3059.657,1619.818,0,171.981,0,29.997,1779,1251,1.750,1.650,0.970,3,0,2.000,0,0,11,32,0,4,0
13-03 07:09:41,17.496,10.747,71.482,0,0,1471528,822808,173124,5456576,4558.840,1619.588,0,107.973,0,4.999,3516,2507,1.750,1.650,0.970,2,0,197.950,0,0,11,32,0,4,0
13-03 07:09:42,14.476,13.977,69.885,0.499,0,1452456,841848,173132,5456600,4492.579,1659.259,0,630.958,0,39.934,4433,3773,1.690,1.640,0.970,1,0,262.566,0,0,11,32,0,4,0
13-03 07:09:43,22.489,3.248,72.963,0,0,1490496,803796,173132,5456612,2998.485,1619.182,0,0,0,0,1703,1179,1.690,1.640,0.970,1,0,0,0,0,11,32,0,4,0
13-03 07:09:44,24.248,2.250,73.495,0,0,1465772,828264,173136,5456860,2554.835,1457.906,0,0,0,0,1747,1048,1.690,1.640,0.970,1,0,8.999,0,0,11,32,0,3,0
13-03 07:09:45,22.242,3.499,73.473,0,0,1459228,834808,173136,5456860,2698.999,1661.384,0,39.985,0,1.999,1785,1339,1.690,1.640,0.970,1,0,0,0,0,11,32,0,3,0
13-03 07:09:46,21.806,5.264,71.435,0,0,1462084,831944,173136,5456868,2767.151,1624.197,0,128.332,0,28.073,2337,1641,1.690,1.640,0.970,1,0,79.205,0,0,11,32,0,3,0
13-03 07:09:47,8.747,22.243,68.230,0.250,0,1442584,851284,173136,5457008,2759.191,1619.525,39.988,139.959,1.999,4.999,5873,4419,1.640,1.630,0.970,2,0,433.873,0,0,11,32,0,3,0
13-03 07:09:48,8.759,22.272,68.066,0,0,1439104,854716,173136,5457036,2952.879,1621.581,0,412.402,0,7.007,5882,4430,1.640,1.630,0.970,1,0,435.425,0,0,11,32,0,3,0
13-03 07:09:49,8.752,22.255,67.764,0,0,1428104,865680,173136,5457064,2777.586,1620.342,0,188.040,0,3.001,5849,4309,1.640,1.630,0.970,2,0,428.090,0,0,11,32,0,1,0
13-03 07:09:50,8.736,21.965,68.392,0,0,1416224,877540,173136,5457084,2755.664,1617.455,0,1010.410,0,10.983,5815,4300,1.640,1.630,0.970,2,0,418.342,0,0,11,32,0,1,0
13-03 07:09:51,8.514,22.288,67.865,0,0,1404556,889188,173136,5457104,2602.423,1460.482,0,1133.927,0,37.063,5881,4317,1.640,1.630,0.970,1,0,427.727,0,0,11,32,0,1,0
13-03 07:09:52,8.989,20.726,68.670,0,0,1394096,899620,173136,5457128,2756.771,1618.105,0,831.027,0,9.988,5674,4105,1.590,1.620,0.970,2,0,391.541,0,0,11,32,0,1,0
13-03 07:09:53,7.760,21.027,70.091,0,0,1391532,902124,173136,5457156,2943.836,1622.114,0,292.381,0,8.010,5673,4198,1.590,1.620,0.970,2,0,381.497,0,0,11,32,0,1,0
13-03 07:09:54,7.999,21.748,68.995,0,0,1383784,909848,173136,5457180,2896.775,1619.874,0,323.975,0,6.999,5629,4076,1.590,1.620,0.970,2,0,383.970,0,0,11,32,0,1,0
13-03 07:09:55,9.235,22.214,67.890,0,0,1372724,920876,173136,5457212,2456.018,1617.378,0,43.929,0,10.982,5917,4354,1.590,1.620,0.970,2,0,437.291,0,0,11,32,0,1,0
13-03 07:09:56,9.012,20.027,69.595,0,0,1338144,955424,173152,5456872,2653.624,1622.216,0,24.033,0,6.008,5485,3905,1.590,1.620,0.970,1,0,317.434,0,0,11,32,0,1,0
13-03 07:09:57,22.006,27.508,48.764,0,0.250,1363236,930276,173160,5457264,2700.779,1620.467,0,1308.377,0,156.045,6691,5598,1.540,1.610,0.970,4,0,619.178,0,0,11,32,0,3,0
13-03 07:09:58,60.219,18.490,20.240,0.250,0,1490488,802980,173204,5457264,2476.722,1457.248,0,459.763,0,33.982,4987,3738,1.540,1.610,0.970,3,0,284.853,0,0,11,32,0,7,0
13-03 07:09:59,66.417,8.739,24.969,0.250,0,1636888,654844,173336,5458776,2953.306,1617.976,0,0,0,0,3638,1595,1.540,1.610,0.970,2,1,2.996,0,0,11,34,0,7,0
13-03 07:10:00,56.002,9.500,22.001,11.000,0,1652352,628984,174208,5467132,2640.116,1620.071,372.016,50502.228,3.000,3611.159,14315,27592,1.540,1.610,0.970,3,1,74.003,0,0,11,38,0,8,0
13-03 07:10:01,42.206,11.488,31.467,11.738,0,1604756,667036,174588,5475992,2817.078,1618.321,0,67294.191,0,5000.812,18347,36681,1.540,1.610,0.970,2,1,156.837,0,0,11,36,0,8,0
13-03 07:10:02,43.024,9.505,31.517,12.757,0,1643108,619672,174956,5484328,5322.933,3979.193,0,83349.929,0,6207.421,19653,39627,1.740,1.650,0.990,7,0,51.028,0,0,11,37,0,8,0
13-03 07:10:03,47.994,8.499,29.246,11.499,0,1643956,611104,175268,5491484,8623.936,7478.077,0,67419.682,0,4894.396,17735,34456,1.740,1.650,0.990,3,0,38.995,0,0,11,37,0,8,0
13-03 07:10:04,43.556,18.023,26.284,10.013,0,1506880,741936,175560,5497232,4735.056,2759.529,0,51802.254,0,3764.815,14900,27921,1.740,1.650,0.990,2,1,259.332,0,0,11,34,0,9,0
13-03 07:10:05,46.000,16.250,26.000,9.250,0,1537528,706100,175768,5502320,2478.026,1458.015,296.003,39820.414,4.000,3103.032,14161,26216,1.740,1.650,0.990,5,0,166.002,0,0,11,34,0,9,0
13-03 07:10:06,47.295,18.268,25.524,7.507,0,1557500,682692,175920,5505048,7995.667,6669.395,620.595,44952.105,10.010,3347.210,15269,29932,1.740,1.650,0.990,4,0,184.177,0,0,11,35,0,9,0
13-03 07:10:07,38.979,12.244,35.981,10.245,0,1568836,668080,176020,5508116,11923.712,8709.407,1023.460,43169.234,16.991,3525.141,15530,29195,2.080,1.720,1.010,3,1,141.925,0,0,11,35,0,9,0
13-03 07:10:08,33.249,7.250,47.748,9.750,0,1570172,667604,176164,5507096,10692.581,8970.648,0,43578.291,0,3716.854,16648,31644,2.080,1.720,1.010,2,0,17.999,0,0,11,34,0,9,0
13-03 07:10:09,39.771,8.755,40.021,9.255,0,1550016,685632,176384,5508976,2788.487,1620.864,0,32745.458,0,3178.695,12324,24227,2.080,1.720,1.010,1,2,69.037,0,0,11,34,0,9,0
13-03 07:10:10,34.994,7.499,43.742,11.248,0,1579008,655944,176464,5509584,5031.123,3976.307,0,47259.759,0,4148.277,15091,29843,2.080,1.720,1.010,5,1,32.994,0,0,11,37,0,9,0
13-03 07:10:11,39.145,5.485,44.381,8.477,0,1575620,657840,176508,5511000,11862.233,10168.768,0,21279.015,0,2356.689,12850,23439,2.080,1.720,1.010,3,0,33.909,0,0,11,37,0,9,0
13-03 07:10:12,34.769,7.004,47.275,9.255,0,1570584,660960,176584,5512792,12613.717,10872.790,0,51759.564,0,4249.263,17803,34714,2.150,1.740,1.020,3,1,48.026,0,0,11,36,0,10,0
13-03 07:10:13,34.542,10.012,41.550,10.513,0,1543628,684652,176656,5515884,6251.541,1716.070,0,43828.868,0,3772.551,16123,29988,2.150,1.740,1.020,7,0,116.140,0,0,11,36,0,10,0
13-03 07:10:14,40.676,10.731,36.683,9.233,0,1588216,637580,176752,5520656,2771.969,1617.065,0,47933.008,0,4025.694,16619,34821,2.150,1.740,1.020,4,1,78.857,0,0,11,36,0,10,0
13-03 07:10:15,37.614,7.523,43.633,8.777,0,1577740,645180,176808,5520952,8719.538,7846.882,0,39203.318,0,3514.697,16112,36058,2.150,1.740,1.020,2,0,92.281,0,0,11,37,0,11,0
13-03 07:10:16,32.403,7.478,47.110,9.222,0,1575448,644676,176852,5523632,11759.928,10090.906,0,49432.578,0,3889.401,17625,32971,2.150,1.740,1.020,1,0,38.884,0,0,11,37,0,11,0
13-03 07:10:17,34.077,8.519,43.849,10.273,0,1520980,703620,176872,5519116,10135.792,6474.559,0,46067.590,0,3955.895,16751,31830,2.140,1.750,1.030,4,0,39.088,0,0,11,36,0,10,0
13-03 07:10:18,36.771,8.755,41.523,11.256,0,1561908,662496,176904,5519280,2821.597,1620.917,0,32086.155,0,3034.717,13545,25243,2.140,1.750,1.030,1,1,39.022,0,0,11,36,0,10,0
13-03 07:10:19,37.256,11.002,50.008,1.000,0,1444716,779908,176912,5519048,7844.258,6502.043,0,19071.059,0,1089.175,6045,7725,2.140,1.750,1.030,4,0,165.026,0,0,11,33,0,11,0
13-03 07:10:20,18.829,4.460,74.573,0,0,1444684,779908,176912,5519080,11752.277,10134.964,0,1565.781,0,74.325,4597,5693,2.140,1.750,1.030,1,0,46.577,0,0,11,33,0,11,0
13-03 07:10:21,20.419,2.269,76.384,0.252,0,1380172,844392,176912,5519108,9980.794,8395.644,0,1097.101,0,65.544,3886,4698,2.140,1.750,1.030,1,0,11.092,0,0,11,32,0,12,0
13-03 07:10:22,21.148,6.220,71.405,0,0.249,1427920,796616,176912,5519112,2627.288,1612.200,0,477.689,0,33.836,2283,1735,2.050,1.730,1.030,1,0,50.754,0,0,11,32,0,12,0
13-03 07:10:23,19.034,2.004,77.890,0.250,0,1428860,795672,176912,5519116,8122.560,6741.084,0,392.704,0,26.047,1890,1512,2.050,1.730,1.030,1,0,0,0,0,11,33,0,12,0
13-03 07:10:24,19.562,4.263,74.987,0.752,0,1374120,850044,176912,5519484,6979.015,5391.006,0,2495.873,0,135.427,3463,3832,2.050,1.730,1.030,1,0,34.108,0,0,11,32,0,13,0
13-03 07:10:25,22.226,3.496,74.169,0,0,1431104,793060,176912,5519484,2697.049,1618.229,0,43.952,0,3.996,1632,993,2.050,1.730,1.030,1,0,0,0,0,11,32,0,13,0
13-03 07:10:26,16.225,1.248,81.125,0,0.250,1439400,784756,176912,5519492,10461.941,7503.482,0,0,0,0,2104,2119,2.050,1.730,1.030,1,0,0,0,0,11,33,0,13,0
13-03 07:10:27,20.246,6.249,72.485,0.250,0,1455944,768208,176912,5519496,5189.935,2286.531,0,303.938,0,30.994,2718,2300,1.960,1.720,1.030,2,0,59.988,0,0,11,32,0,14,0
13-03 07:10:28,18.755,2.001,78.273,0,0,1486160,737988,176912,5519500,5327.558,3978.163,0,16.005,0,2.001,1754,1435,1.960,1.720,1.030,1,0,0,0,0,11,33,0,14,0
13-03 07:10:29,19.494,2.249,77.226,0,0,1477228,746772,176912,5519652,11650.347,9755.941,0,243.924,0,14.995,3295,3769,1.960,1.720,1.030,1,0,0,0,0,11,32,0,15,0
13-03 07:10:30,20.559,5.265,73.462,0,0,1444512,779484,176912,5519656,2836.178,1690.875,0,0,0,0,2120,1325,1.960,1.720,1.030,1,0,43.124,0,0,11,32,0,15,0
13-03 07:10:31,18.950,2.743,76.298,1.496,0,1463400,760588,176912,5519664,8249.130,6748.110,0,4300.598,0,26.929,1941,1531,1.960,1.720,1.030,1,0,0.997,0,0,11,33,0,15,0
13-03 07:10:32,17.537,2.004,78.665,0.251,0,1457312,766532,176912,5519808,8937.775,7392.529,0,456.960,0,26.055,3090,3671,1.890,1.710,1.030,2,0,0,0,0,11,32,0,16,0
13-03 07:10:33,11.010,18.767,69.312,0,0,1398664,825076,176912,5519912,2600.310,1459.297,0,1765.569,0,170.151,5074,3537,1.890,1.710,1.030,2,0,340.302,0,0,11,32,0,16,0
13-03 07:10:34,24.207,24.207,50.161,0.250,0,1388000,835588,176916,5520052,2652.297,1617.133,0,802.577,0,55.901,6182,5000,1.890,1.710,1.030,3,0,456.191,0,0,11,32,0,22,0
13-03 07:10:35,66.730,8.747,23.993,0,0,1518776,704644,176916,5520220,2699.209,1619.526,0,339.900,0,18.994,3952,1757,1.890,1.710,1.030,3,0,2.999,0,0,11,32,0,22,0
13-03 07:10:36,67.950,7.744,23.733,0,0,1664548,557108,176964,5521924,2638.078,1618.821,0,5264.165,0,255.814,4217,2410,1.890,1.710,1.030,3,0,0,0,0,11,32,0,22,0
13-03 07:10:37,68.038,7.004,23.763,1.251,0,1764664,453592,177060,5524904,2701.502,1620.901,0,8288.610,0,326.181,4388,2573,1.980,1.730,1.040,2,1,0,0,0,11,32,0,22,0
13-03 07:10:38,52.313,6.007,32.039,7.259,0,1774392,436232,177188,5531892,2462.968,1621.955,0,22210.767,0,1727.081,10977,16556,1.980,1.730,1.040,0,0,111.134,0,0,11,38,0,22,0
13-03 07:10:39,30.750,10.000,43.250,13.000,0,1770580,429176,177252,5542376,2537.019,1620.012,0,96712.735,0,6761.051,23668,46867,1.980,1.730,1.040,2,1,195.001,0,0,11,38,0,22,0
13-03 07:10:40,29.025,9.759,44.289,13.011,0,1770476,421152,177296,5550112,2239.955,1459.274,0,93337.475,0,6851.981,23699,46668,1.980,1.730,1.040,3,0,174.152,0,0,11,38,0,22,0
13-03 07:10:41,43.964,11.241,31.224,10.741,0,1687052,496020,177364,5558364,2757.745,1618.676,0,65610.349,0,5132.803,19456,38250,1.980,1.730,1.040,2,0,213.825,0,0,11,36,0,22,0
13-03 07:10:42,44.112,13.209,30.904,10.218,0,1725952,449724,177428,5565424,4366.382,1656.833,0,79930.707,0,5622.464,19402,38315,2.300,1.800,1.070,3,1,132.586,0,0,11,36,0,22,0
13-03 07:10:43,49.935,9.535,29.108,10.288,0,1764592,400396,177464,5575700,2890.698,1626.018,0,64936.323,0,4636.158,15976,31713,2.300,1.800,1.070,1,1,0,0,0,11,36,0,22,0
13-03 07:10:44,42.745,10.499,33.246,11.249,0,1811984,346268,177480,5582092,2836.677,1661.811,0,84778.341,0,6073.308,20260,41268,2.300,1.800,1.070,2,2,64.993,0,0,11,38,0,22,0
13-03 07:10:45,46.142,8.979,33.921,8.480,0,1751320,404192,177492,5584740,2573.979,1616.219,0,52932.182,0,4269.014,15254,30050,2.300,1.800,1.070,2,0,143.664,0,0,11,36,0,22,0
13-03 07:10:46,31.736,13.494,53.227,1.249,0,1481652,673728,177492,5584872,2758.824,1619.310,0,14501.819,0,839.642,5225,6310,2.300,1.800,1.070,1,0,248.894,0,0,11,32,0,22,0
13-03 07:10:47,23.249,2.500,72.497,0.250,0,1479836,675540,177492,5584876,2819.872,1619.927,0,1451.934,0,87.996,1978,1666,2.190,1.790,1.070,1,0,1.000,0,0,11,32,0,22,0
13-03 07:10:48,23.993,2.749,72.229,0.500,0,1519728,635648,177492,5584876,2657.212,1457.568,0,5058.499,0,301.910,2265,2386,2.190,1.790,1.070,1,0,0,0,0,11,32,0,22,0
13-03 07:10:49,23.989,1.999,72.717,0,0,1538820,616548,177492,5584884,3015.628,1619.263,0,323.853,0,57.974,2117,1658,2.190,1.790,1.070,1,0,1.999,0,0,11,38,0,22,0
13-03 07:10:50,21.510,4.752,73.034,0,0,1463144,692224,177492,5584884,2761.269,1620.745,0,100.046,0,10.005,2185,1398,2.190,1.790,1.070,1,0,27.012,0,0,11,32,0,22,0
13-03 07:10:51,22.504,3.751,73.264,0,0,1474576,680792,177492,5584884,2940.556,1620.306,0,280.053,0,4.001,1802,1182,2.190,1.790,1.070,1,0,2.000,0,0,11,32,0,22,0
13-03 07:10:52,23.244,2.749,72.731,0.250,0,1512016,643352,177492,5584884,2699.306,1619.584,0,119.969,0,12.997,1924,1469,2.100,1.780,1.070,2,0,1.999,0,0,11,34,0,22,0
13-03 07:10:53,19.326,15.812,64.252,0,0,1442608,712728,177500,5584900,2831.111,1626.383,0,240.946,0,18.071,4112,3159,2.100,1.780,1.070,2,0,334.312,0,0,11,32,0,22,0
13-03 07:10:54,14.251,39.002,45.752,0,0,1440120,715160,177500,5584952,2657.124,1620.076,0,452.021,0,68.003,7442,6687,2.100,1.780,1.070,1,0,921.043,0,0,11,32,0,22,0
13-03 07:10:55,8.998,21.494,68.482,0,0,1443056,712156,177500,5585020,2417.347,1457.606,0,235.936,0,18.995,5622,3923,2.100,1.780,1.070,1,0,423.886,0,0,11,32,0,22,0
13-03 07:10:56,8.493,20.482,69.940,0,0,1439704,715468,177500,5585060,2877.517,1618.603,0,7.993,0,1.998,5548,3956,2.100,1.780,1.070,1,0,356.692,0,0,11,32,0,22,0
13-03 07:10:57,9.009,21.021,68.068,0,0,1400964,754176,177500,5585084,2822.817,1621.618,0,28.028,0,7.007,5317,3792,2.010,1.760,1.060,1,0,310.310,0,0,11,32,0,22,0
13-03 07:10:58,14.960,16.705,66.821,0,0.499,1416124,738968,177500,5585100,4428.146,1615.675,0,27.925,0,6.981,5434,5723,2.010,1.760,1.060,1,0,243.349,0,0,11,32,0,16,0
13-03 07:10:59,34.002,16.001,48.503,0,0,1432476,722592,177504,5585476,3077.219,1620.115,0,176.013,0,4.000,5131,4834,2.010,1.760,1.060,3,0,192.014,0,0,11,33,0,16,0
13-03 07:11:00,44.741,6.499,47.741,0.750,0,1503268,651672,177508,5585684,4439.117,1619.678,0,7134.581,0,351.930,3173,2406,2.010,1.760,1.060,2,0,0,0,0,11,33,0,16,0
13-03 07:11:01,43.730,7.497,47.978,0.250,0,1573820,581116,177508,5585692,3058.611,1619.264,0,2790.732,0,129.941,2846,1621,2.010,1.760,1.060,3,0,1.000,0,0,11,33,0,16,0
13-03 07:11:02,46.000,5.500,47.500,0,0,1634152,520412,177536,5586016,2418.003,1458.002,0,724.001,0,51.000,3752,3183,2.010,1.770,1.070,2,0,19.000,0,0,11,49,0,15,0
13-03 07:11:03,40.852,7.769,49.122,0.251,0,1664480,485888,177584,5589780,2947.324,1624.036,0,1455.617,0,132.329,6180,8108,2.010,1.770,1.070,2,0,66.164,0,0,11,48,0,16,0
13-03 07:11:04,11.969,19.699,66.576,0.249,0,1666620,483664,177588,5590244,2889.453,1615.780,0,961.489,0,9.974,6023,5810,2.010,1.770,1.070,1,0,336.122,0,0,11,48,0,16,0
13-03 07:11:05,16.748,8.499,74.240,0,0,1664704,485400,177588,5589936,2579.660,1619.787,0,4127.457,0,293.961,4040,4859,2.010,1.770,1.070,1,0,90.988,0,0,11,48,0,16,0
13-03 07:11:06,0.750,0.750,97.984,0,0,1664700,485400,177588,5589940,2639.569,1619.735,0,0,0,0,651,869,2.010,1.770,1.070,0,0,3.000,0,0,11,48,0,15,0
13-03 07:11:07,0.500,0.750,97.720,0,0,1664544,485556,177588,5589940,2579.204,1619.500,0,1615.502,0,14.995,668,899,1.850,1.740,1.060,0,0,1.999,0,0,11,48,0,15,0
13-03 07:11:08,0.500,0.750,97.986,0,0,1664544,485556,177588,5589940,2537.642,1457.795,0,731.897,0,116.984,892,951,1.850,1.740,1.060,0,0,3.999,0,0,11,48,0,15,0
13-03 07:11:09,2.251,2.251,94.801,0,0,1631812,518316,177588,5589932,3028.645,1620.880,0,36.020,0,3.002,1244,1376,1.850,1.740,1.060,0,0,27.015,0,0,11,48,0,15,0
13-03 07:11:10,18.053,16.047,64.688,0,0,1651048,499052,177588,5590380,2948.576,1624.726,0,4.012,0,1.003,6030,7510,1.850,1.740,1.060,1,0,253.738,0,0,11,48,0,15,0
13-03 07:11:11,13.493,12.993,72.210,0,0,1693700,456396,177588,5589944,2878.417,1661.086,0,3.998,0,0.999,3949,3536,1.850,1.740,1.060,5,0,184.898,0,0,11,48,0,15,0
13-03 07:11:12,16.706,20.197,61.088,0.249,0,1679584,470440,177588,5590368,3047.929,1853.093,0,1404.282,0,123.673,6784,7566,1.780,1.720,1.060,1,0,334.115,0,0,12,64,0,15,0
13-03 07:11:13,17.784,12.774,68.629,0.250,0,1663480,486472,177588,5590120,3009.670,1717.235,0,376.710,0,23.043,4729,5929,1.780,1.720,1.060,1,0,153.289,0,0,12,64,0,15,0
13-03 07:11:14,5.508,9.515,82.877,0,0,1659184,490700,177588,5590148,2841.360,1622.490,0,188.289,0,10.015,2823,2592,1.780,1.720,1.060,1,0,178.274,0,0,12,64,0,15,0
13-03 07:11:15,27.205,18.469,53.411,0,0,1670992,478868,177588,5590612,2473.871,1455.570,0,35.940,0,6.988,6406,16035,1.780,1.720,1.060,1,0,218.635,0,0,14,64,0,15,0
13-03 07:11:16,13.524,14.776,70.875,0,0,1673904,475928,177588,5590196,2764.867,1622.857,0,4.007,0,1.002,4488,3656,1.780,1.720,1.060,1,0,246.434,0,0,14,66,0,15,0
13-03 07:11:17,8.744,19.987,69.206,0,0,1657444,492364,177588,5590236,2878.154,1660.935,0,31.979,0,7.995,5507,3940,1.720,1.710,1.060,2,0,329.788,0,0,14,66,0,15,0
13-03 07:11:18,15.721,17.468,65.880,0,0,1662524,487272,177588,5590348,2814.866,1617.050,0,15.971,0,3.993,5161,5112,1.720,1.710,1.060,5,0,224.590,0,0,14,66,0,15,0
13-03 07:11:19,26.820,17.546,54.391,0.251,0,1689540,460216,177588,5590272,4462.582,1624.215,0,176.458,0,8.021,5523,5431,1.720,1.710,1.060,3,0,271.705,0,0,14,66,0,13,0
13-03 07:11:20,30.481,23.486,45.222,0,0,1746168,403536,177596,5590316,2758.319,1660.988,0,351.786,0,6.996,6025,4550,1.720,1.710,1.060,3,0,436.734,0,0,14,66,0,13,0
13-03 07:11:21,32.242,22.744,43.989,0,0,1792988,355888,177656,5591068,2819.300,1619.598,0,31.992,0,4.999,6706,6330,1.720,1.710,1.060,3,0,479.881,0,0,14,66,0,13,0
13-03 07:11:22,30.037,26.032,42.802,0,0,1887752,260296,177676,5591804,2689.297,1658.033,0,592.727,0,17.021,6683,6041,1.900,1.750,1.080,3,0,385.473,0,0,14,70,0,15,0
13-03 07:11:23,40.445,16.977,40.945,0,0,1934472,213524,177676,5592260,2908.076,1509.963,0,467.369,0,26.964,5557,6487,1.900,1.750,1.080,2,0,182.753,0,0,14,70,0,14,0
13-03 07:11:24,67.044,22.431,11.465,0,0,2018484,149964,171908,5577764,2828.312,1615.039,0,3.988,0,0.997,4962,3520,1.900,1.750,1.080,6,0,340.953,0,0,14,70,0,14,0
13-03 07:11:25,59.313,23.024,14.015,3.003,0,2089168,207316,160708,5464188,2702.853,1621.712,248.262,7191.592,15.016,459.485,5831,5312,1.900,1.750,1.080,3,0,312.330,0,0,14,70,0,14,0
13-03 07:11:26,62.665,17.797,16.794,2.507,0,2164672,181640,159972,5415972,2646.988,1624.288,148.392,272.720,25.066,16.042,5653,6619,1.900,1.750,1.080,4,0,182.482,0,0,14,70,0,14,0
13-03 07:11:27,68.946,26.729,2.248,1.499,0,2234912,179300,160012,5349600,2518.043,1618.742,1127.124,1035.195,64.950,87.932,5327,4463,2.150,1.810,1.100,4,0,388.698,0,0,14,70,0,12,0
13-03 07:11:28,70.604,18.527,4.256,6.760,0,2314760,208592,161928,5241332,2523.703,1622.380,1886.768,1966.886,122.179,28.041,6963,7850,2.150,1.810,1.100,5,0,212.312,0,0,14,74,0,12,0
13-03 07:11:29,77.181,20.731,1.249,0.250,0,2469188,131412,161928,5165380,2774.509,1688.484,55.950,5543.023,8.992,619.444,7568,10100,2.150,1.810,1.100,4,1,241.783,0,0,14,74,0,12,0
13-03 07:11:30,68.149,24.713,4.493,1.498,0,2537088,201292,161612,5031312,3852.289,1455.842,946.597,28409.882,41.938,2149.813,13356,23583,2.150,1.810,1.100,6,0,304.548,0,0,14,76,0,12,0
13-03 07:11:31,72.611,19.029,7.261,0.751,0,2597500,134988,161716,5037556,2644.054,1622.488,32.049,11685.920,3.005,1116.712,12690,21105,2.150,1.810,1.100,3,0,184.283,0,0,14,76,0,11,0
13-03 07:11:32,79.186,17.986,0.999,1.998,0,2674588,130172,161716,4966388,2697.835,1708.629,155.875,1422.858,7.994,66.946,7404,8080,2.380,1.860,1.120,6,0,206.834,0,0,14,82,0,14,0
13-03 07:11:33,66.356,23.538,9.014,0.501,0,2764612,177056,161724,4832528,3004.790,1622.586,80.128,1169.865,10.016,66.105,8326,11863,2.380,1.860,1.120,5,0,352.562,0,0,14,93,0,20,0
13-03 07:11:34,43.444,24.469,30.211,0,0,2821924,189776,161724,4764320,2893.282,1617.921,3.995,39.949,0.999,9.987,7460,10350,2.380,1.860,1.120,2,0,372.521,0,0,14,93,0,20,0
13-03 07:11:35,43.194,15.480,40.198,0.499,0,2867368,144244,161724,4764860,2696.531,1617.919,47.938,95.877,2.996,4.994,5719,6644,2.380,1.860,1.120,2,0,180.767,0,0,14,95,0,13,0
13-03 07:11:36,61.197,15.736,18.234,3.997,0,2988828,150840,161732,4639384,2699.682,1618.610,3117.323,4743.926,35.969,247.787,6904,9164,2.380,1.860,1.120,3,0,136.882,0,0,14,98,0,16,0
13-03 07:11:37,47.733,5.998,45.734,0,0,3071092,133264,161748,4575972,2417.164,1457.496,0,11.996,0,2.999,2891,1544,2.350,1.860,1.130,2,0,0,0,0,14,98,0,16,0
13-03 07:11:38,14.759,17.260,66.289,0.500,0,3079472,191180,161752,4511172,2821.648,1620.947,8.005,1384.809,2.001,83.049,5980,5414,2.350,1.860,1.130,1,0,305.178,0,0,14,101,0,16,0
13-03 07:11:39,8.507,19.016,71.060,0,0,3084720,185892,161752,4511212,2974.494,1621.360,8.007,68.057,2.002,7.006,5468,3878,2.350,1.860,1.130,3,0,307.258,0,0,14,101,0,16,0
13-03 07:11:40,8.766,19.034,70.878,0.250,0,3098092,172484,161756,4511244,2765.008,1622.939,4.007,180.327,1.002,13.024,5485,3995,2.350,1.860,1.130,2,0,330.599,0,0,14,101,0,16,0
13-03 07:11:41,20.680,5.730,71.257,1.246,0,3153648,116916,161760,4511252,2810.419,1614.496,3.986,306.954,0.997,0.997,2304,1653,2.350,1.860,1.130,1,1,49.830,0,0,14,101,0,16,0
13-03 07:11:42,18.007,3.501,76.281,1.751,0,3172344,163972,161760,4447308,8608.525,7391.026,60.025,148.061,5.002,7.003,1936,1724,2.160,1.830,1.120,2,0,1.000,0,0,14,104,0,16,0
13-03 07:11:43,20.025,6.258,71.839,0.250,0,3107956,228316,161764,4447348,20685.706,18649.175,8.010,436.542,2.002,39.049,3283,3156,2.160,1.830,1.120,1,0,66.082,0,0,14,111,0,17,0
13-03 07:11:44,23.211,3.494,72.627,0.250,0,3161600,174668,161764,4447352,2430.893,1563.359,3.993,87.852,0.998,12.978,1876,1338,2.160,1.830,1.120,1,0,0.998,0,0,14,113,0,17,0
13-03 07:11:45,16.035,2.505,80.676,0,0,3168640,167612,161764,4447372,9236.103,8168.780,0,224.489,0,21.046,2294,2439,2.160,1.830,1.120,3,0,0,0,0,14,117,0,17,0
13-03 07:11:46,22.953,4.491,69.858,0.748,0,3170444,165104,161776,4448044,2694.519,1616.712,419.147,2766.373,19.959,142.710,3473,4460,2.160,1.830,1.120,2,0,0.998,0,0,14,118,0,17,0
13-03 07:11:47,31.619,5.772,59.975,1.004,0,3203612,131600,161780,4448360,2710.161,1626.097,192.723,1280.802,10.038,133.501,5079,6619,2.070,1.820,1.120,3,0,6.023,0,0,14,121,0,18,0
13-03 07:11:48,22.653,8.464,66.218,0.747,0,3151092,183916,161780,4448564,4089.557,2751.265,0,3027.089,0,234.002,4451,4888,2.070,1.820,1.120,4,0,114.512,0,0,14,126,0,19,0
13-03 07:11:49,20.510,2.001,77.287,0.250,0,3194152,140836,161780,4448568,6327.014,3945.880,0,400.191,0,27.013,1651,1215,2.070,1.820,1.120,0,0,0,0,0,14,127,0,19,0
13-03 07:11:50,22.742,2.999,73.226,0.500,0,3190248,144732,161780,4448576,7269.585,5542.159,0,12375.889,0,625.792,2899,2328,2.070,1.820,1.120,1,0,0,0,0,14,127,0,19,0
13-03 07:11:51,19.999,3.750,73.496,1.000,0,3194720,140224,161780,4448612,4917.750,3605.817,15.999,767.961,1.000,82.996,3793,4780,2.070,1.820,1.120,3,0,1.000,0,0,14,127,0,19,0
13-03 07:11:52,39.108,10.780,48.635,0,0,3259672,141768,161784,4384124,3748.395,2821.825,0,790.191,0,76.211,4683,4305,2.060,1.820,1.120,2,0,95.264,0,0,14,126,0,20,0
13-03 07:11:53,44.365,6.979,47.605,0,0,3310764,153180,161784,4322688,4670.738,1856.332,0,330.989,0,14.954,3039,1599,2.060,1.820,1.120,1,0,3.988,0,0,14,127,0,20,0
13-03 07:11:54,29.101,4.014,65.979,0.502,0,3265820,198084,161784,4322728,25704.119,24211.946,8.028,1332.620,2.007,79.275,2759,2077,2.060,1.820,1.120,1,0,17.059,0,0,14,126,0,21,0
13-03 07:11:55,20.949,5.487,72.572,0,0,3319660,144236,161784,4322736,2453.975,1616.033,0,3627.095,0,20.949,2132,1545,2.060,1.820,1.120,1,0,37.907,0,0,14,126,0,21,0
13-03 07:11:56,17.533,1.753,79.899,0,0,3329988,133904,161784,4322740,10434.494,8024.992,0,0,0,0,1685,1223,2.060,1.820,1.120,2,0,0,0,0,14,128,0,21,0
13-03 07:11:57,35.155,8.976,53.356,0,0,3369448,158528,161784,4260232,19285.780,17638.241,7.978,299.190,1.995,20.943,7877,12358,2.700,1.950,1.170,1,0,82.776,0,0,14,134,0,26,0
13-03 07:11:58,20.239,2.499,76.959,0.250,0,3408512,119444,161788,4260248,4256.729,3866.937,0,255.864,0,22.988,1898,1583,2.700,1.950,1.170,0,0,0,0,0,14,135,0,26,0
13-03 07:11:59,19.755,2.751,75.018,0.500,0,3398564,129356,161788,4260284,8890.154,7007.698,0,696.169,0,95.023,3038,3597,2.700,1.950,1.170,2,0,0,0,0,14,134,0,27,0
13-03 07:12:00,20.088,7.533,72.318,0,0,3376740,151160,161788,4260304,2591.386,1627.150,0,293.289,0,19.084,2755,2168,2.700,1.950,1.170,1,0,82.362,0,0,14,134,0,27,0
13-03 07:12:01,18.181,2.241,77.456,0.498,0,3395380,132532,161788,4260308,8626.287,7318.248,0,2147.855,0,272.965,1894,1420,2.700,1.950,1.170,1,0,0.996,0,0,14,135,0,27,0
13-03 07:12:02,21.053,5.514,72.432,0.752,0,3335376,192504,161788,4260340,20585.816,18558.714,4.010,1283.230,1.003,92.232,2956,2696,2.560,1.940,1.170,2,0,56.141,0,0,14,134,0,28,0
13-03 07:12:03,22.191,3.989,72.309,0,0,3374688,153192,161788,4260340,2531.315,1454.159,0,167.557,0,19.947,1992,1783,2.560,1.940,1.170,1,0,0.997,0,0,14,134,0,28,0
13-03 07:12:04,15.001,1.750,81.506,0,0,3385724,142144,161788,4260352,9389.657,8353.585,0,0,0,0,1798,1535,2.560,1.940,1.170,3,0,0,0,0,14,135,0,27,0
13-03 07:12:05,25.825,6.268,64.187,2.758,0,3393492,134080,161788,4260648,2543.418,1624.739,44.129,4649.561,2.006,453.322,6954,10984,2.560,1.940,1.170,2,0,1.003,0,0,14,136,0,28,0
13-03 07:12:06,23.267,6.255,68.549,0.500,0,3385188,142356,161788,4260676,5357.865,2862.064,0,1184.855,0,102.074,4122,4933,2.560,1.940,1.170,1,0,53.038,0,0,14,135,0,29,0
13-03 07:12:07,19.930,2.740,76.729,0,0,3410392,180388,161788,4198988,4921.602,3995.874,3.986,362.718,0.996,29.894,1764,1343,2.440,1.920,1.170,1,0,0,0,0,14,138,0,29,0
13-03 07:12:08,19.317,2.007,77.017,0.502,0,3412996,177756,161788,4199016,10517.398,9313.230,0,1541.334,0,90.313,2172,2031,2.440,1.920,1.170,1,0,0,0,0,14,138,0,29,0
13-03 07:12:09,24.165,4.982,67.014,1.246,0,3413948,176716,161788,4199104,2647.659,1614.305,19.930,1167.880,1.993,147.480,4939,6818,2.440,1.920,1.170,1,0,0,0,0,14,138,0,29,0
13-03 07:12:10,35.896,7.280,55.475,0.251,0,3344900,245684,161792,4199180,3200.994,2333.473,0,996.043,0,104.424,6311,8377,2.440,1.920,1.170,1,0,69.281,0,0,14,141,0,30,0
13-03 07:12:11,22.161,3.984,72.209,0.747,0.249,3404876,185708,161792,4199180,2808.693,1655.336,0,4003.881,0,228.082,2221,2292,2.440,1.920,1.170,2,0,0.996,0,0,14,141,0,30,0
13-03 07:12:12,18.495,2.749,77.980,0,0,3425784,164788,161792,4199192,10427.282,9694.473,0,283.926,0,13.996,1972,1679,2.320,1.910,1.170,1,0,1.000,0,0,14,142,0,30,2
13-03 07:12:13,17.502,9.501,70.010,1.750,0,3412104,178356,161796,4199300,5350.748,3276.458,68.010,4204.588,5.001,282.039,5035,5917,2.320,1.910,1.170,1,0,147.021,0,0,14,141,0,31,2
13-03 07:12:14,22.238,3.498,73.212,0,0,3465808,124648,161796,4199304,4334.746,1619.158,0,75.961,0,5.997,1788,1268,2.320,1.910,1.170,1,0,0,0,0,14,141,0,31,2
13-03 07:12:15,24.501,5.500,68.503,0.500,0,3438116,214436,161796,4138792,12782.519,11559.469,24.001,32.001,2.000,3.000,3196,7671,2.320,1.910,1.170,2,0,36.001,0,0,14,142,0,32,2
13-03 07:12:16,25.793,4.758,66.861,0.250,0,3431348,221128,161796,4138852,4231.041,3087.137,12.020,3313.514,3.005,381.635,5457,7276,2.320,1.910,1.170,3,0,0,0,0,14,144,0,31,2
13-03 07:12:17,23.218,5.742,69.655,0.499,0,3431688,220776,161796,4138864,2622.415,1563.862,0,643.121,0,72.900,4281,5520,2.210,1.890,1.170,2,0,0.999,0,0,14,144,0,31,2
13-03 07:12:18,42.909,12.045,40.650,3.262,0,3368392,283268,161812,4139620,5956.040,3288.168,658.437,1188.398,116.431,125.464,9270,12949,2.210,1.890,1.170,3,0,137.509,0,0,14,143,0,32,2
13-03 07:12:19,31.373,10.707,55.526,0.249,0,3398660,252932,161812,4139672,3205.074,1940.175,0,920.288,0,77.687,5584,6483,2.210,1.890,1.170,1,0,152.385,0,0,14,143,0,32,2
13-03 07:12:20,20.560,3.260,75.973,0.251,0,3432176,219416,161812,4139672,8617.289,7544.139,4.012,525.542,1.003,35.103,1973,1688,2.210,1.890,1.170,1,0,0,0,0,14,144,0,32,2
13-03 07:12:21,19.008,7.753,72.532,0,0,3411744,239828,161812,4139692,6073.648,3410.487,0,392.171,0,28.012,3202,2432,2.210,1.890,1.170,1,0,99.043,0,0,14,143,0,33,2
13-03 07:12:22,9.221,20.935,67.539,0,0,3380932,270472,161812,4139860,4035.420,1614.965,0,1483.376,0,207.354,5965,4508,2.120,1.880,1.170,1,0,378.819,0,0,14,145,0,33,2
13-03 07:12:23,15.806,17.562,64.728,0.251,0,3362876,288508,161816,4140220,2567.044,1463.155,0,365.287,0,22.078,5731,6480,2.120,1.880,1.170,4,0,241.852,0,0,14,145,0,33,2
13-03 07:12:24,27.236,17.491,54.222,0.500,0,3410436,240920,161816,4139908,2595.652,1619.159,0,1615.161,0,92.952,5456,5458,2.120,1.880,1.170,2,0,287.851,0,0,14,145,0,31,2
13-03 07:12:25,32.652,22.433,44.117,0,0,3454068,197256,161816,4139940,2452.630,1684.937,0,35.892,0,8.973,5697,4234,2.120,1.880,1.170,3,0,364.904,0,0,14,145,0,31,2
13-03 07:12:26,35.902,17.072,45.191,0,0,3482144,168768,161828,4140312,2679.337,1626.884,80.340,638.703,5.021,19.081,6066,6256,2.120,1.880,1.170,1,0,229.973,0,0,14,151,0,31,2
13-03 07:12:27,36.854,19.174,42.830,0,0,3535084,176056,161828,4081912,2991.160,1613.613,3.984,235.070,0.996,10.957,5886,7433,2.190,1.900,1.180,6,0,285.868,0,0,16,151,0,31,2
13-03 07:12:28,57.120,26.806,15.282,0,0,3650496,164788,161840,3979828,2835.943,1623.402,120.252,432.907,9.019,34.071,8282,11078,2.190,1.900,1.180,3,0,423.888,0,0,16,157,0,31,2
13-03 07:12:29,58.543,21.015,19.014,0,0,3722432,136140,161840,3936740,2899.114,1711.248,20.015,616.449,2.001,27.020,5448,5617,2.190,1.900,1.180,3,0,262.191,0,0,16,157,0,31,2
13-03 07:12:30,58.554,20.269,20.519,0.250,0.250,3782596,119068,161840,3894004,2642.436,1621.495,8.007,532.491,2.002,38.035,9260,13383,2.190,1.900,1.180,2,0,289.267,0,0,16,173,0,31,2
13-03 07:12:31,38.002,21.501,39.002,0,0,3824176,174960,161840,3797956,2358.126,1458.078,4.000,1064.057,1.000,95.005,6398,4811,2.190,1.900,1.180,2,0,429.023,0,0,16,173,0,31,2
13-03 07:12:32,28.182,21.947,48.384,0.249,0,3863708,135308,161844,3798056,2394.240,1616.112,7.981,407.021,1.995,30.926,6097,5186,2.250,1.910,1.190,1,0,378.090,0,0,17,173,0,28,2
13-03 07:12:33,20.975,14.982,61.426,0.250,0,3865652,133352,161844,3798512,2516.982,1618.060,3.995,431.483,0.999,37.954,6082,8236,2.250,1.910,1.190,1,0,192.769,0,0,17,173,0,28,2
13-03 07:12:34,28.808,21.042,49.599,0,0,3911048,139772,161844,3747152,2570.151,1693.394,0,196.394,0,9.018,5687,4368,2.250,1.910,1.190,2,0,354.711,0,0,17,173,0,28,2
13-03 07:12:35,34.057,24.040,41.319,0.250,0,3956484,148288,161844,3695072,2584.327,1622.717,8.013,376.631,2.003,25.042,6545,5891,2.250,1.910,1.190,3,0,361.605,0,0,17,173,0,28,2
13-03 07:12:36,47.965,15.739,34.725,0,0,4032736,153660,161856,3614880,4424.774,1618.820,139.898,543.604,3.997,38.972,6183,8160,2.250,1.910,1.190,4,0,137.899,0,0,17,191,0,20,2
13-03 07:12:37,32.507,24.005,40.759,0.750,0,4087008,159972,161856,3555564,2880.649,1620.365,32.007,11314.548,2.000,914.206,7323,6485,2.310,1.930,1.200,3,0,492.111,0,0,17,193,0,20,0
13-03 07:12:38,31.226,24.981,42.467,0.749,0,4134156,159956,161860,3509768,2877.770,1456.871,19.985,3341.411,1.998,185.856,6804,6314,2.310,1.930,1.200,3,0,508.606,0,0,17,193,0,20,0
13-03 07:12:39,24.250,23.000,51.250,0.250,0,4186416,136464,161860,3481788,2554.994,1709.996,12.000,823.998,3.000,43.000,7754,9284,2.310,1.930,1.200,3,0,392.999,0,0,17,199,0,20,0
13-03 07:12:40,19.922,17.432,60.513,0.498,0,4202152,161688,161860,3442356,2988.304,1613.684,3.984,577.739,0.996,42.832,7156,9226,2.310,1.930,1.200,4,0,248.029,0,0,17,215,0,20,0
13-03 07:12:41,33.811,11.771,51.343,2.004,0,4248492,140580,161860,3417068,2704.907,1622.944,252.458,1001.817,5.009,61.111,4325,3575,2.310,1.930,1.200,3,0,118.214,0,0,17,215,0,19,0
13-03 07:12:42,44.946,7.741,45.945,0.999,0,4351268,119192,161860,3337564,2636.834,1618.057,211.746,283.659,4.994,24.970,3356,2176,2.290,1.930,1.200,3,0,0.999,0,0,17,215,0,19,0
13-03 07:12:43,43.757,6.251,45.258,2.500,0,4418504,143888,161860,3247348,2640.450,1662.283,208.035,192.033,11.002,26.004,3325,2067,2.290,1.930,1.200,1,1,6.001,0,0,17,219,0,19,0
13-03 07:12:44,34.330,6.014,57.384,2.005,0,4350952,257084,161868,3203252,2723.382,1623.806,76.179,188.442,6.014,17.040,3528,2986,2.290,1.930,1.200,2,0,40.094,0,0,17,223,0,19,0
13-03 07:12:45,37.515,25.010,35.764,0.750,0,4403636,202584,161876,3205044,2238.885,1458.577,916.362,228.090,9.004,16.006,7627,8814,2.290,1.930,1.200,2,0,473.187,0,0,17,223,0,18,0
13-03 07:12:46,34.524,28.019,34.774,1.001,0,4456600,148412,161892,3206236,8298.710,7417.103,732.504,1204.829,16.011,32.022,6685,6120,2.290,1.930,1.200,5,0,462.318,0,0,17,232,0,18,0
13-03 07:12:47,43.701,14.484,40.205,0.749,0,4429340,174984,161900,3206896,7432.677,4657.784,43.951,427.521,3.996,23.973,6449,8826,2.260,1.940,1.210,5,0,155.826,0,0,17,233,0,19,0
13-03 07:12:48,69.930,19.481,8.991,1.499,0,4523180,141616,161908,3147864,2877.123,1618.382,167.832,487.512,6.993,35.964,5642,5045,2.260,1.940,1.210,5,0,158.841,0,0,17,234,0,19,0
13-03 07:12:49,65.959,12.540,14.546,6.521,0.251,4594120,149940,161912,3071664,10268.460,7459.581,1300.110,276.875,27.086,15.048,4591,3277,2.260,1.940,1.210,4,0,13.041,0,0,17,237,0,17,0
13-03 07:12:50,58.440,7.992,20.729,11.738,0,4638912,137368,161944,3039776,8422.327,6941.852,4131.745,1218.745,251.741,50.948,5565,5286,2.260,1.940,1.210,3,0,23.975,0,0,17,242,0,18,0
13-03 07:12:51,66.823,11.924,11.427,7.452,0,4663568,149668,162012,3003564,3106.158,1679.273,2603.369,8795.812,248.413,129.175,6056,6882,2.260,1.940,1.210,5,0,33.784,0,0,17,246,0,22,0
13-03 07:12:52,39.193,23.114,37.937,0,0,4684776,169484,162012,2964232,9805.340,7219.592,0,3641.955,0,23.114,7032,7361,2.160,1.920,1.200,4,0,401.982,0,0,17,246,0,22,0
13-03 07:12:53,35.824,20.542,41.836,0.251,0,4613052,239224,162012,2966336,8262.015,6867.142,72.149,705.453,4.008,49.101,7050,8240,2.160,1.920,1.200,1,0,299.617,0,0,17,245,0,22,0
13-03 07:12:54,52.592,22.682,24.177,0,0.249,4715388,136332,162012,2966772,2828.516,1615.155,3.988,338.983,0.997,22.931,5828,6871,2.160,1.920,1.200,4,0,301.097,0,0,17,245,0,22,0
13-03 07:12:55,56.102,26.548,16.781,0,0,4737588,151548,162012,2930580,10122.419,8821.051,0,344.627,0,23.042,6490,6485,2.160,1.920,1.200,3,0,390.711,0,0,17,246,0,22,0
13-03 07:12:56,55.223,19.490,23.488,1.249,0,4727344,192800,162032,2900628,6320.891,5349.369,1035.491,519.744,45.977,37.981,6829,8852,2.160,1.920,1.200,4,0,210.896,0,0,17,247,0,23,0
13-03 07:12:57,63.975,21.242,12.495,1.499,0,4796636,154284,162040,2870220,2698.928,1619.357,191.924,739.706,14.994,36.985,7570,10585,2.230,1.940,1.210,3,0,311.876,0,0,17,251,0,24,0
13-03 07:12:58,53.158,26.454,19.217,0.499,0,4860008,152328,162044,2809636,9950.828,9420.743,31.945,10370.105,3.993,1003.269,6928,5940,2.230,1.940,1.210,5,0,350.395,0,0,17,252,0,24,0
13-03 07:12:59,58.212,16.811,22.331,1.756,0,4857416,186744,162048,2778672,6635.158,4640.897,501.827,1228.473,29.106,64.234,7702,13432,2.230,1.940,1.210,2,0,164.599,0,0,17,259,0,26,0
13-03 07:13:00,62.687,20.647,16.169,0,0,4939280,130552,162048,2752972,2806.001,1611.958,521.399,322.392,9.950,11.940,7563,13930,2.230,1.940,1.210,3,0,171.146,0,0,17,259,0,26,0
13-03 07:13:01,61.548,8.541,28.638,0.502,0,5050504,125440,162048,2649832,11516.692,10109.889,245.186,297.438,2.010,19.092,4373,2682,2.230,1.940,1.210,4,0,4.019,0,0,17,264,1,21,0
13-03 07:13:02,56.718,7.712,30.349,3.731,0,5029036,145900,162056,2650904,11996.379,10585.392,648.776,2806.054,57.713,235.828,5216,5525,2.290,1.960,1.220,3,1,12.936,0,0,17,268,0,24,0
13-03 07:13:03,64.037,10.798,18.834,5.525,0,5104788,125036,162056,2597372,4683.968,3255.574,1498.709,908.065,51.229,60.270,6894,9557,2.290,1.960,1.220,3,0,10.045,0,0,17,272,0,28,0
13-03 07:13:04,52.046,18.016,29.026,0.250,0,5069232,185716,162056,2572800,16486.590,13317.786,560.496,600.531,10.009,49.043,6242,5632,2.290,1.960,1.220,3,0,268.237,0,0,17,275,0,30,0
13-03 07:13:05,46.513,28.356,20.645,3.980,0,5048852,202224,162324,2576372,4238.442,1611.802,4063.333,1766.017,68.651,63.676,6899,6635,2.290,1.960,1.220,3,0,393.001,0,0,17,275,0,29,0
13-03 07:13:06,58.734,21.335,19.076,0.251,0.251,5090748,159920,162328,2577024,9916.435,7212.683,963.833,634.523,18.072,49.196,6934,9039,2.290,1.960,1.220,5,0,268.066,0,0,17,280,0,30,0
13-03 07:13:07,68.341,19.205,10.226,0.748,0,5132108,140908,162332,2555076,9599.720,6858.083,973.740,1935.508,31.926,241.440,7197,8467,2.430,1.990,1.240,6,0,191.555,0,0,18,286,0,34,0
13-03 07:13:08,84.379,12.981,0.499,1.748,0,5174524,140404,162332,2514604,2696.149,1617.689,922.682,13257.062,46.933,1077.461,6333,4492,2.430,1.990,1.240,4,0,12.981,0,0,18,286,0,34,0
13-03 07:13:09,65.739,9.535,7.026,17.815,0,5238580,126720,162332,2466104,8346.310,7372.775,2565.316,385.400,118.430,14.051,4618,2982,2.430,1.990,1.240,3,0,9.033,0,0,18,289,0,32,0
13-03 07:13:10,76.532,9.722,9.722,3.739,0,5249828,171356,162348,2412636,7925.386,6794.612,1056.984,1180.631,39.886,68.804,5256,3545,2.430,1.990,1.240,4,0,12.963,0,0,18,288,0,33,0
13-03 07:13:11,67.242,18.567,12.545,1.004,0,5272820,171676,162372,2390348,2709.754,1625.852,843.035,602.168,18.065,50.181,7716,7922,2.430,1.990,1.240,3,0,220.795,0,0,18,289,0,35,0
13-03 07:13:12,40.748,8.000,47.998,1.500,0,5309524,160524,162392,2365436,12950.447,9126.610,515.978,8943.618,14.999,38.998,3721,2742,2.470,2.010,1.250,2,0,7.000,0,0,18,293,0,35,0
13-03 07:13:13,38.577,8.213,51.270,0.498,0,5286008,182752,162392,2366708,1063801.497,34195.653,382.286,3348.982,2.987,73.670,6094,5101,2.470,2.010,1.250,2,0,11.946,0,0,18,294,0,34,0
13-03 07:13:14,46.860,9.522,42.098,0.251,0,5326520,132892,162392,2376040,9983984.565,220631.992,561.313,368.863,7.016,33.077,20124,15373,2.470,2.010,1.250,3,0,5.012,0,0,18,297,0,34,0
13-03 07:13:15,46.016,14.505,34.262,4.752,0,5347908,126784,162392,2363788,6144007.034,154914.009,2949.028,152.053,37.013,10.003,13241,12320,2.470,2.010,1.250,6,0,177.062,0,0,18,297,0,34,0
13-03 07:13:16,43.846,12.026,42.092,0.501,0,5276232,198492,162392,2361360,8139.797,6828.931,276.605,465.017,4.009,48.105,4941,11334,2.470,2.010,1.250,2,0,129.283,0,0,18,296,0,36,0
13-03 07:13:17,41.747,5.715,50.444,0.248,0,5356952,142260,162392,2337568,5142.825,4052.434,0,3403.369,0,51.687,3482,2874,2.440,2.010,1.250,2,0,0.994,0,0,18,297,0,35,0
13-03 07:13:18,39.122,4.765,55.924,0.251,0,5377284,121916,162392,2337584,15373.825,14086.821,0,365.136,0,35.109,4308,4327,2.440,2.010,1.250,2,0,1.003,0,0,18,303,0,36,0
13-03 07:13:19,23.006,4.751,68.767,0,0,5295960,202668,162392,2338156,204962.130,6633173.718,512.128,584.146,29.007,60.015,5912,5226,2.440,2.010,1.250,0,0,38.009,0,0,18,300,0,39,0
13-03 07:13:20,2.741,0.997,93.193,0.748,0,5295200,203428,162392,2338156,328223.736,9781143.869,0,295.029,0,15.948,3685,1800,2.440,2.010,1.250,0,0,0,0,0,18,300,0,39,0
13-03 07:13:21,2.250,1.000,95.008,0,0,5295420,203204,162392,2338160,2700.228,1620.137,0,272.023,0,20.002,1321,1840,2.440,2.010,1.250,2,0,2.000,0,0,18,302,0,37,0
13-03 07:13:22,2.759,1.755,93.794,0.251,0,5296400,202208,162392,2338160,2305.216,1462.578,0,1296.057,0,76.239,1578,2173,2.240,1.970,1.250,0,0,8.025,0,0,18,302,0,37,0
13-03 07:13:23,18.777,2.754,75.861,0,0,5300600,197852,162400,2338308,6435137.562,144024.528,16.023,504.738,1.001,37.054,11867,8477,2.240,1.970,1.250,2,0,1.001,0,0,18,308,0,37,0
13-03 07:13:24,11.453,4.731,78.929,0.249,0,5279668,204948,162400,2352128,9196125.911,209082.560,0,350.572,0,34.858,18385,16548,2.240,1.970,1.250,4,0,0,0,0,18,307,0,37,0
13-03 07:13:25,14.047,12.793,71.489,1.003,0,5219164,263148,162400,2354416,1440995.411,44179.852,64.215,317.061,4.013,29.097,7538,7243,2.240,1.970,1.250,1,0,176.591,0,0,18,304,0,40,0
13-03 07:13:26,15.767,12.514,69.327,0.501,0,5255124,227064,162400,2354540,2642.932,1691.877,64.071,328.364,4.004,23.026,4614,4319,2.240,1.970,1.250,1,0,291.323,0,0,18,308,0,40,0
13-03 07:13:27,24.399,2.490,70.957,0.249,0,5296188,186000,162400,2354540,2688.889,1613.333,0,191.210,0,16.930,2158,1817,2.140,1.960,1.250,1,0,0,0,0,18,308,0,40,0
13-03 07:13:28,10.789,18.316,70.505,0.251,0,5273796,208336,162404,2354592,2667.664,1463.301,4.015,602.182,1.004,41.149,5913,5066,2.140,1.960,1.250,1,0,339.229,0,0,18,308,0,40,0
13-03 07:13:29,7.720,16.188,72.721,0.996,0,5273176,208876,162408,2354668,3005.469,1613.809,27.893,16823.456,1.992,161.381,5479,4695,2.140,1.960,1.250,0,0,329.735,0,0,18,308,0,40,0
13-03 07:13:30,3.994,1.997,92.119,0,0,5272676,209372,162408,2354672,4433.719,1617.708,0,3.994,0,0.999,1343,1748,2.140,1.960,1.250,2,0,8.987,0,0,18,308,0,40,0
13-03 07:13:31,23.776,4.004,71.829,0,0,5296364,185684,162408,2354672,2943.233,1621.781,0,4.004,0,1.001,2242,1911,2.140,1.960,1.250,1,0,1.001,0,0,18,308,0,40,0
13-03 07:13:32,19.493,1.999,76.222,0.250,0,5308132,173840,162408,2354748,12024.590,10568.124,63.977,299.890,3.999,22.992,2810,2891,2.050,1.940,1.240,2,0,3.999,0,0,18,312,0,41,0
13-03 07:13:33,14.027,14.528,69.136,1.252,0,5279416,202476,162416,2354836,2945.774,1623.181,48.094,5538.856,5.010,161.316,5134,4370,2.050,1.940,1.240,1,0,179.352,0,0,18,312,0,41,0
13-03 07:13:34,13.766,16.770,68.331,0,0,5275256,206212,162416,2355228,4462.303,1621.928,64.076,220.262,2.002,20.024,5326,4367,2.050,1.940,1.240,2,0,176.209,0,0,18,314,0,41,0
13-03 07:13:35,13.033,16.041,69.678,0,0,5263592,217628,162416,2355460,4162.605,1461.724,0,312.797,0,24.061,5348,4187,2.050,1.940,1.240,1,0,181.462,0,0,18,316,0,41,0
13-03 07:13:36,21.392,6.219,70.395,0.497,0,5307180,174032,162416,2355468,2686.462,1611.877,3.980,151.238,0.995,11.940,3084,2626,2.050,1.940,1.240,1,0,66.664,0,0,18,316,0,41,0
13-03 07:13:37,24.503,3.250,71.509,0.250,0,5354060,127152,162416,2355468,2820.353,1620.203,0,276.035,0,20.003,2271,1915,1.970,1.930,1.240,1,0,0,0,0,18,316,0,41,0
13-03 07:13:38,22.851,3.264,71.064,1.507,0,5384184,149976,162416,2304012,2832.532,1627.199,409.813,12033.239,14.062,25.111,2535,2353,1.970,1.930,1.240,1,0,4.018,0,0,18,320,0,41,0
13-03 07:13:39,24.152,2.988,70.714,0.249,0,5303072,231544,162416,2303928,2825.571,1613.474,0,6250.717,0,737.019,2907,2432,1.970,1.930,1.240,2,0,4.980,0,0,18,316,0,41,0
13-03 07:13:40,23.987,2.998,71.463,0.250,0,5350540,184036,162416,2303968,4437.684,1619.155,23.987,107.944,3.998,6.996,2197,1960,1.970,1.930,1.240,1,0,0,0,0,18,316,0,41,0
13-03 07:13:41,22.998,5.000,70.995,0,0,5387684,146892,162416,2303968,3119.778,1619.885,0,91.993,0,9.999,2288,1985,1.970,1.930,1.240,2,0,4.000,0,0,18,316,0,41,0
13-03 07:13:42,12.809,1.758,83.889,0.251,0,5390976,143588,162416,2303980,21787.062,20498.083,0,212.988,0,26.121,2534,2777,1.810,1.890,1.240,1,0,1.005,0,0,18,323,0,42,0
13-03 07:13:43,24.696,4.241,69.347,0.249,0,5281676,252864,162416,2304004,3125.107,1748.144,0,195.569,0,17.960,2659,2353,1.810,1.890,1.240,1,0,14.967,0,0,18,316,0,43,0
13-03 07:13:44,25.445,3.243,70.349,0.249,0,5318436,216100,162416,2304008,4387.591,1616.534,0,554.810,0,39.914,2603,2469,1.810,1.890,1.240,1,0,0,0,0,18,320,0,43,0
13-03 07:13:45,23.837,3.764,71.511,0,0,5287092,247312,162416,2304140,2649.665,1625.931,0,140.513,0,10.037,2463,1920,1.810,1.890,1.240,1,0,43.157,0,0,18,320,0,43,0
13-03 07:13:46,10.512,19.021,68.577,0,0,5277640,256584,162416,2304304,2582.888,1621.813,416.466,392.439,7.008,11.012,5661,4810,1.810,1.890,1.240,1,0,350.392,0,0,18,320,0,43,0
13-03 07:13:47,19.963,11.479,65.877,0,0,5298096,236000,162424,2304424,2575.193,1616.981,0,303.434,0,20.961,5855,6836,1.740,1.880,1.230,1,0,207.612,0,0,18,320,0,43,0
13-03 07:13:48,25.408,3.238,69.498,0.498,0,5322372,211452,162448,2304672,6796.361,2947.315,215.220,478.266,3.986,34.874,3145,3086,1.740,1.880,1.230,0,0,17.935,0,0,18,321,0,43,0
13-03 07:13:49,23.016,2.752,73.300,0.500,0,5320016,207912,163048,2309872,3918.670,2471.684,124.085,784.534,3.002,18.012,2305,1990,1.740,1.880,1.230,1,0,1.001,0,0,18,320,0,43,0
13-03 07:13:50,23.750,3.000,71.750,0,0,5349720,177616,163080,2310400,3306.010,2696.008,0,352.001,0,7.000,2512,2053,1.740,1.880,1.230,0,0,19.000,0,0,18,321,0,42,0
13-03 07:13:51,21.990,2.249,73.967,0.500,0,5346484,175192,163584,2315440,9603.774,3789.333,0,1255.448,0,32.985,2236,1891,1.740,1.880,1.230,1,0,2.999,0,0,18,320,0,42,0
13-03 07:13:52,24.255,6.001,67.264,0,0,5345036,175852,163612,2316140,5107.038,2155.438,208.042,1960.399,5.001,7.001,10128,18406,1.680,1.860,1.230,3,0,12.002,0,0,18,321,0,42,0
13-03 07:13:53,21.561,5.515,71.200,0.251,0,5341732,178872,163664,2316372,9291.101,4211.832,32.090,481.352,1.003,30.085,10921,19927,1.680,1.860,1.230,2,0,10.028,0,0,18,321,0,42,0
13-03 07:13:54,21.446,5.985,70.072,0.249,0,5331080,189384,163700,2316476,3188.918,1615.905,0,4093.625,0,399.986,3087,2870,1.680,1.860,1.230,3,0,9.975,0,0,18,323,0,36,0
13-03 07:13:55,16.291,11.278,70.929,0.251,0,5294720,235628,163784,2306552,4673.794,1840.645,0,1142.884,0,33.083,4267,3509,1.680,1.860,1.230,1,0,183.463,0,0,18,322,0,36,0
13-03 07:13:56,21.720,6.241,71.402,0,0,5338724,191616,163784,2306560,2534.524,1456.003,0,111.847,0,9.986,2917,2585,1.680,1.860,1.230,1,0,85.882,0,0,18,322,0,36,0
13-03 07:13:57,21.719,1.997,74.642,0.250,0,5354740,175408,163784,2306752,8406.841,7401.296,0,67.902,0,5.991,2246,1948,1.630,1.850,1.230,1,0,0,0,0,18,323,0,36,0
13-03 07:13:58,20.344,7.032,71.831,0.251,0.502,5321784,208304,163784,2306812,7443.322,6219.680,48.222,140.649,4.019,12.056,3433,2931,1.630,1.850,1.230,3,0,106.491,0,0,18,322,0,35,0
13-03 07:13:59,23.901,3.486,70.957,0,0,5356068,174012,163784,2306820,2765.586,1613.341,0,0,0,0,2338,2037,1.630,1.850,1.230,1,0,9.959,0,0,18,322,0,35,0
13-03 07:14:00,18.724,2.996,77.144,0,0,5367888,162180,163784,2306832,11412.350,10250.943,0,3.995,0,0.999,2231,1990,1.630,1.850,1.230,2,0,0,0,0,18,322,0,35,1
13-03 07:14:01,21.533,6.260,70.357,0,0,5342264,187804,163784,2306832,3196.854,1688.564,0,68.103,0,3.005,2925,2396,1.630,1.850,1.230,2,0,71.108,0,0,18,322,0,36,0
13-03 07:14:02,20.991,2.999,75.469,0.500,0,5367664,162400,163784,2306836,8367.606,7247.060,0,183.925,0,20.991,2427,2356,1.580,1.830,1.230,1,0,1.000,0,0,18,323,0,32,0
13-03 07:14:03,21.857,4.773,71.097,0,0,5287992,242020,163784,2306888,10738.396,9068.247,32.157,2970.494,1.005,200.981,3377,3299,1.580,1.830,1.230,2,0,57.279,0,0,18,322,0,33,0
13-03 07:14:04,24.644,4.232,70.448,0.498,0,5337164,192880,163784,2306900,2765.137,1613.079,0,290.753,0,31.863,2579,2425,1.580,1.830,1.230,1,0,0,0,0,18,322,0,33,0
13-03 07:14:05,20.720,2.247,75.639,0,0,5341136,188764,163784,2307044,13008.964,11919.558,31.953,143.790,1.997,9.985,2417,2178,1.580,1.830,1.230,1,0,0,0,0,18,322,0,36,0
13-03 07:14:06,22.010,6.003,71.033,0.500,0,5343948,185904,163784,2307092,2641.220,1620.749,12.006,128.059,1.000,9.004,2740,2225,1.580,1.830,1.230,1,0,32.015,0,0,18,322,0,36,0
13-03 07:14:07,21.515,1.751,75.302,0,0,5340612,189232,163784,2307100,8364.735,7351.040,0,104.071,0,8.005,2218,1985,1.450,1.800,1.220,1,0,0,0,0,18,323,0,28,0
13-03 07:14:08,16.986,4.746,75.940,0.250,0,5318660,211072,163784,2307212,8120.543,6807.587,95.924,631.498,5.995,52.958,3226,3387,1.450,1.800,1.220,1,0,46.963,0,0,18,322,0,29,0
13-03 07:14:09,23.505,3.251,71.515,0,0,5365752,163980,163784,2307212,2615.563,1458.314,0,140.030,0,8.002,2212,1900,1.450,1.800,1.220,2,0,0,0,0,18,322,0,29,0
13-03 07:14:10,18.505,2.251,77.771,0.250,0,5366984,162736,163784,2307224,13199.594,11874.233,0,1736.473,0,299.081,2475,2170,1.450,1.800,1.220,1,0,0,0,0,18,322,0,33,0
13-03 07:14:11,22.241,5.498,70.722,0.250,0,5352496,177220,163784,2307228,2818.882,1619.358,0,135.946,0,12.995,2705,2209,1.450,1.800,1.220,2,0,32.987,0,0,18,322,0,28,0
13-03 07:14:12,31.163,5.780,62.828,0,0,5358120,171592,163784,2307232,8644.129,7384.553,257.344,120.630,2.010,14.073,2941,2277,1.500,1.810,1.230,2,0,5.026,0,0,18,323,0,28,0
13-03 07:14:13,36.009,8.752,54.264,0.250,0,5310968,218684,163784,2307292,9995.613,6910.806,544.142,556.145,5.001,54.014,4223,3806,1.500,1.810,1.230,2,0,55.014,0,0,18,322,0,29,0
13-03 07:14:14,14.171,8.204,69.614,5.967,0,5336992,191432,164324,2307980,7639.614,4059.477,1372.386,326.190,251.604,24.862,3857,4075,1.500,1.810,1.230,0,0,131.272,0,0,18,324,0,29,0
13-03 07:14:15,2.765,3.519,92.244,0.251,0,5316900,211484,164324,2308020,13427.909,3326.816,0,426.283,0,21.113,1827,2146,1.500,1.810,1.230,1,0,52.280,0,0,18,322,0,27,0
13-03 07:14:16,10.200,6.717,81.349,0,0,5296064,232312,164324,2308028,7950.791,4488.863,0,214.940,0,8.956,3255,10165,1.500,1.810,1.230,0,0,108.465,0,0,18,324,0,28,0
13-03 07:14:17,12.250,13.000,70.247,2.750,0,5306276,221848,164328,2308276,3776.864,2027.927,183.993,795.971,14.999,45.998,4588,4145,1.380,1.780,1.220,2,0,210.992,0,0,18,322,0,29,0
13-03 07:14:18,23.009,4.252,70.028,1.251,0,5311568,208044,164332,2316752,3181.278,1620.651,216.087,984.395,20.008,29.012,2768,2711,1.380,1.780,1.220,2,0,5.002,0,0,18,322,0,29,0
13-03 07:14:19,20.966,1.997,75.628,0,0,5321760,195192,164332,2319316,8641.093,3755.955,0,1138.168,0,20.966,2371,2199,1.380,1.780,1.220,1,0,15.974,0,0,18,323,0,26,0
13-03 07:14:20,20.015,2.752,76.305,0.250,0,5311680,202040,164332,2322516,8890.457,4176.033,4.003,628.456,1.001,28.020,2244,2172,1.380,1.780,1.220,1,0,2.001,0,0,18,322,0,26,0
13-03 07:14:21,11.556,12.561,70.090,4.271,0,5263000,247704,164336,2325496,2833.732,1627.889,1173.688,3103.037,18.088,99.482,5144,4845,1.380,1.780,1.220,2,0,221.071,0,0,18,322,0,26,0
13-03 07:14:22,21.635,7.709,68.635,0,0,5300792,209908,164336,2325500,2566.337,1611.421,0,79.576,0,3.979,3144,2623,1.350,1.760,1.220,1,0,89.523,0,0,18,322,0,26,0
13-03 07:14:23,20.862,2.765,75.405,0.251,0,5328712,181936,164336,2325552,9001.292,7289.106,32.173,285.532,1.005,36.194,2504,2548,1.350,1.760,1.220,1,0,0,0,0,18,323,0,23,0
13-03 07:14:24,21.647,4.976,71.161,0.249,0,5282184,228308,164336,2325708,20246.661,18490.019,0,489.670,0,43.792,3193,3019,1.350,1.760,1.220,2,0,46.777,0,0,18,322,0,25,0
13-03 07:14:25,23.805,3.508,71.917,0,0,5314188,196304,164336,2325708,2535.886,1623.769,0,120.279,0,8.019,2174,1784,1.350,1.760,1.220,3,1,0,0,0,18,322,0,25,0
13-03 07:14:26,18.988,2.249,76.951,0,0,5317676,192632,164336,2325892,10521.339,9209.170,175.889,1590.993,10.993,284.820,2449,2171,1.350,1.760,1.220,1,0,0,0,0,18,323,0,26,0
13-03 07:14:27,22.478,4.246,71.681,0,0,5310864,199184,164336,2326152,4301.872,2893.224,255.755,59.942,13.987,3.996,2511,2132,1.320,1.750,1.220,1,0,13.987,0,0,18,322,0,24,0
13-03 07:14:28,19.697,2.743,75.546,0,0,5326976,183068,164336,2326156,8695.551,7326.244,0,0,0,0,2219,2018,1.320,1.750,1.220,5,0,0,0,0,18,323,0,24,0
13-03 07:14:29,24.834,4.014,68.983,1.756,0,5327660,180828,164336,2327712,4812.247,3615.206,1460.932,3086.420,47.159,185.627,5355,7720,1.320,1.750,1.220,4,0,2.007,0,0,18,324,0,25,0
13-03 07:14:30,23.434,3.989,70.800,0,0,5300192,208296,164336,2327712,2991.568,1615.447,0,506.572,0,31.910,2382,2160,1.320,1.750,1.220,1,0,4.986,0,0,18,324,0,25,0
13-03 07:14:31,21.481,2.748,74.932,0,0,5325428,183052,164336,2327720,8890.972,7475.250,0,311.719,0,17.984,2341,2044,1.320,1.750,1.220,2,0,0.999,0,0,18,325,0,25,0
13-03 07:14:32,21.162,4.535,71.296,1.260,0,5316000,192304,164336,2327896,7035.863,5554.523,128.987,3136.008,7.054,241.851,5452,7519,1.290,1.740,1.220,4,0,1.008,0,0,18,325,0,25,0
13-03 07:14:33,16.253,16.003,65.761,0.750,0,5251264,257012,164336,2327924,3890.672,2846.492,0,3020.522,0,223.039,6281,6705,1.290,1.740,1.220,1,0,327.056,0,0,18,324,0,26,0
13-03 07:14:34,9.499,22.748,65.995,0,0,5259000,249208,164344,2327984,2716.788,1619.874,0,1563.878,0,125.990,6717,5897,1.290,1.740,1.220,1,0,525.959,0,0,18,324,0,26,0
13-03 07:14:35,9.002,22.754,66.513,0.250,0,5258000,250176,164344,2328016,2760.538,1620.316,0,2388.466,0,122.024,6881,6263,1.290,1.740,1.220,2,0,533.104,0,0,18,324,0,25,0
13-03 07:14:36,8.749,22.997,66.990,0,0,5258036,250112,164344,2328044,2537.623,1457.784,0,51.992,0,12.998,6579,5695,1.290,1.740,1.220,2,0,523.922,0,0,18,324,0,25,0
13-03 07:14:37,9.740,22.477,66.433,0.250,0,5255400,252724,164344,2328068,2955.042,1618.380,0,223.776,0,22.977,6441,5546,1.270,1.730,1.210,1,0,522.477,0,0,18,324,0,25,0
13-03 07:14:38,9.004,22.509,67.026,0,0,5259888,248192,164344,2328112,2761.089,1620.639,0,292.115,0,25.010,6901,6313,1.270,1.730,1.210,3,0,542.214,0,0,18,324,0,25,0
13-03 07:14:39,8.756,22.015,67.047,0.500,0,5260260,247792,164344,2328140,2796.947,1621.128,0,672.468,0,29.020,6537,5523,1.270,1.730,1.210,1,0,490.341,0,0,18,324,0,25,0
13-03 07:14:40,11.248,18.747,68.487,0,0,5276140,231864,164344,2328188,2459.542,1619.698,15.997,71.987,1.000,6.999,5779,4757,1.270,1.730,1.210,1,0,367.932,0,0,18,324,0,25,0
13-03 07:14:41,17.999,7.000,71.246,2.500,0,5283336,321008,164396,2242136,3085.838,1619.915,51.997,3995.790,12.999,281.985,2832,2651,1.270,1.730,1.210,1,0,42.998,0,0,18,324,0,25,0
13-03 07:14:42,24.356,3.231,70.333,0.249,0,5297452,302864,164396,2246164,2697.002,1449.402,31.811,1550.801,0.994,29.823,2686,2788,1.250,1.710,1.210,1,0,0.994,0,0,18,324,0,25,0
13-03 07:14:43,8.252,1.750,88.523,0.250,0,5297324,302864,164396,2246292,4299.137,4107.086,0,528.140,0,32.008,1798,2074,1.250,1.710,1.210,0,0,16.004,0,0,18,324,0,23,0
13-03 07:14:44,5.248,1.250,91.964,0,0,5297548,302640,164396,2246292,3733.531,2861.874,0,167.934,0,12.995,1748,2299,1.250,1.710,1.210,0,0,0,0,0,18,324,0,23,0
13-03 07:14:45,4.514,0.502,93.796,0.251,0,5297772,302416,164396,2246292,6432.301,2732.624,0,365.152,0,23.073,1272,1728,1.250,1.710,1.210,0,0,0,0,0,18,325,0,23,0
13-03 07:14:46,1.747,0.499,95.573,0,0,5297772,302416,164396,2246292,3106.235,1755.741,0,0,0,0,1161,1701,1.250,1.710,1.210,2,0,0,0,0,18,324,0,23,0
13-03 07:14:47,3.746,0.999,93.908,0,0,5298256,301924,164396,2246300,2966.106,1618.421,0,251.754,0,22.978,1604,2265,1.150,1.680,1.210,0,0,0.999,0,0,18,324,0,23,0
13-03 07:14:48,8.757,2.752,86.823,0.250,0.250,5300636,299428,164396,2246416,3540.959,2865.394,0,160.134,0,16.013,3401,5243,1.150,1.680,1.210,0,0,2.002,0,0,18,324,0,23,0
13-03 07:14:49,5.001,1.250,91.762,0,0.250,5300748,299176,164396,2246556,2727.342,1458.183,0,104.013,0,10.001,1847,2242,1.150,1.680,1.210,1,0,0,0,0,18,324,0,25,0
13-03 07:14:50,2.498,1.499,93.921,0.250,0,5301220,298700,164396,2246560,3049.449,1618.646,0,14351.994,0,85.928,1649,2281,1.150,1.680,1.210,0,0,0,0,0,18,324,0,25,0
13-03 07:14:51,2.251,1.000,95.297,0,0,5301220,298700,164396,2246560,3233.604,1620.804,0,232.115,0,10.005,1248,1786,1.150,1.680,1.210,1,0,1.000,0,0,18,324,0,25,0
13-03 07:14:52,4.253,1.251,93.065,0.500,0,5301220,298700,164396,2246560,3606.516,2725.902,0,284.198,0,24.017,1435,2051,1.050,1.660,1.200,1,0,0,0,0,18,325,0,25,0
13-03 07:14:53,12.495,7.247,72.973,5.498,0,5276244,322736,164396,2247496,3404.755,1758.357,1011.630,683.750,57.979,30.989,3157,2777,1.050,1.660,1.200,2,0,99.963,0,0,18,324,0,25,0
13-03 07:14:54,13.247,14.496,67.984,2.999,0,5255048,341416,164548,2249480,3222.221,1703.588,1971.524,775.813,56.986,13.997,4048,3194,1.050,1.660,1.200,3,0,64.984,0,0,18,324,0,25,0
13-03 07:14:55,14.512,5.755,75.813,2.502,0,5238828,355484,164560,2251672,6397.326,125118.156,460.383,8106.749,38.032,28.023,4855,10590,1.050,1.660,1.200,0,0,9.007,0,0,18,324,0,25,0
13-03 07:14:56,1.249,0.500,95.928,0,0,5238824,355484,164560,2251676,2562.070,1456.903,0,0,0,0,1100,1660,1.050,1.660,1.200,0,0,0,0,0,18,324,0,25,0
13-03 07:14:57,1.999,1.000,95.472,0.500,0,5233764,360544,164560,2251676,2699.212,1619.527,0,5670.344,0,643.812,1411,1893,0.970,1.630,1.190,1,0,0,0,0,18,324,0,25,0
13-03 07:14:58,2.004,0.752,95.956,0,0,5233628,360680,164560,2251676,2585.544,1623.481,0,48.103,0,6.013,1115,1693,0.970,1.630,1.190,0,0,0,0,0,18,324,0,25,0
13-03 07:14:59,2.245,0.748,95.281,0,0,5233852,360456,164560,2251676,2796.570,1616.284,0,55.872,0,5.986,1375,1922,0.970,1.630,1.190,0,0,0,0,0,18,324,0,25,0
13-03 07:15:00,1.750,1.000,95.475,0,0,5233852,360456,164560,2251676,2699.282,1619.569,0,7.998,0,1.999,1113,1654,0.970,1.630,1.190,1,0,0,0,0,18,324,0,22,0
13-03 07:15:01,1.496,0.748,95.241,0,0,5233848,360456,164560,2251680,3051.693,1615.602,0,0,0,0,1312,1756,0.970,1.630,1.190,0,0,3.989,0,0,18,324,0,22,0
13-03 07:15:02,2.758,1.505,94.541,0.251,0,5233816,360456,164560,2251712,2563.887,1462.499,32.099,401.234,1.003,39.120,1626,2502,0.970,1.620,1.190,0,0,1.003,0,0,18,324,0,22,0
13-03 07:15:03,2.998,3.497,91.933,0,0,5231408,362852,164560,2251724,2698.031,1618.818,0,203.851,0,19.985,1679,2268,0.970,1.620,1.190,1,0,0.999,0,0,18,324,0,22,0
13-03 07:15:04,2.752,1.001,95.083,0.250,0,5231416,362844,164560,2251724,2899.522,1621.410,0,132.115,0,19.017,1428,2021,0.970,1.620,1.190,0,0,0,0,0,18,324,0,20,0
13-03 07:15:05,2.249,0.999,94.442,0.500,0,5231892,362604,164560,2251728,2758.313,1619.010,0,10905.330,0,550.663,1438,1948,0.970,1.620,1.190,1,0,0,0,0,18,324,0,20,0
13-03 07:15:06,2.251,0.750,96.051,0,0,5231892,362604,164560,2251728,4262.263,1620.860,0,4.002,0,1.001,1096,1627,0.970,1.620,1.190,0,0,0,0,0,18,324,0,20,0
13-03 07:15:07,2.250,1.000,95.485,0,0,5231892,362604,164560,2251728,2819.558,1619.746,0,0,0,0,1153,1635,0.890,1.590,1.180,0,0,0,0,0,18,324,0,20,0
13-03 07:15:08,2.000,0.250,95.986,0,0,5231892,362604,164560,2251728,2597.628,1457.791,0,11.998,0,2.000,1109,1618,0.890,1.590,1.180,0,0,0,0,0,18,324,0,17,0
13-03 07:15:09,2.251,0.500,96.036,0,0,5231896,362604,164560,2251728,2898.081,1620.604,0,0,0,0,1125,1632,0.890,1.590,1.180,0,0,0,0,0,18,324,0,17,0
13-03 07:15:10,2.250,1.000,95.989,0,0,5231896,362604,164560,2251728,3543.606,1619.820,0,47.995,0,2.000,1101,1623,0.890,1.590,1.180,0,0,0,0,0,18,324,0,17,0
13-03 07:15:11,1.749,0.749,95.436,0,0,5231896,362604,164560,2251728,2967.001,1618.909,0,55.962,0,1.999,1187,1723,0.890,1.590,1.180,0,0,0.999,0,0,18,324,0,17,0
13-03 07:15:12,12.521,4.508,81.886,0,0,5252496,342000,164560,2251732,2764.607,1622.704,256.427,641.068,2.003,134.224,2138,1978,0.900,1.580,1.180,1,0,5.008,0,0,18,324,0,12,0
13-03 07:15:13,21.468,5.991,70.894,0.250,0,5307496,286996,164560,2251736,3490.799,1617.590,511.238,339.494,3.994,32.951,2795,2467,0.900,1.580,1.180,1,0,5.991,0,0,18,324,0,12,0
13-03 07:15:14,10.255,2.251,86.288,0,0,5311996,282488,164560,2251744,3369.494,1458.647,256.114,200.089,2.001,28.012,2152,2454,0.900,1.580,1.180,0,0,1.000,0,0,18,324,0,12,0
13-03 07:15:15,2.001,1.250,95.032,0.500,0,5284116,310364,164564,2251744,5755.945,1620.548,4.001,11303.820,1.000,151.051,1519,2224,0.900,1.580,1.180,1,0,1.000,0,0,18,324,0,12,0
13-03 07:15:16,9.245,3.998,85.207,0,0,5268624,325852,164564,2251748,2818.573,1619.180,0,87.955,0,11.994,2542,10985,0.900,1.580,1.180,0,0,35.982,0,0,18,324,0,10,0
13-03 07:15:17,2.751,1.251,94.050,0.250,0,5266092,328384,164564,2251748,5192.780,1620.868,0,364.195,0,31.017,1497,2166,0.830,1.550,1.180,1,0,1.001,0,0,18,324,0,10,0
13-03 07:15:18,2.501,0.750,95.039,0,0,5259948,334528,164564,2251748,3766.547,1620.666,0,104.043,0,13.005,1483,2207,0.830,1.550,1.180,0,0,1.000,0,0,18,324,0,10,0
13-03 07:15:19,1.993,0.747,95.670,0,0,5254496,339980,164564,2251748,2767.458,1614.434,0,0,0,0,1185,1668,0.830,1.550,1.180,0,0,0,0,0,18,324,0,10,0
13-03 07:15:20,2.757,0.752,95.745,0,0,5249724,344748,164564,2251752,3504.957,1624.151,0,208.533,0,15.038,1263,1810,0.830,1.550,1.180,0,0,0,0,0,18,324,0,9,0
13-03 07:15:21,1.752,0.751,96.341,0,0,5245552,348920,164564,2251752,2360.224,1459.375,0,0,0,0,1149,1665,0.830,1.550,1.180,1,0,1.001,0,0,18,324,0,9,0
13-03 07:15:22,2.499,1.499,94.206,0,0,5242472,351996,164564,2251756,2578.806,1619.250,0,0,0,0,1345,1765,0.760,1.530,1.170,0,0,7.996,0,0,18,324,0,9,0
13-03 07:15:23,2.500,0.750,96.244,0,0,5241076,353392,164564,2251756,4509.713,1619.897,0,0,0,0,1194,1718,0.760,1.530,1.170,0,0,0,0,0,18,324,0,9,0
13-03 07:15:24,3.251,1.000,94.268,0,0,5239840,354612,164564,2251772,2957.563,1620.308,0,180.034,0,24.005,1560,2155,0.760,1.530,1.170,0,0,0,0,0,18,324,0,7,0
13-03 07:15:25,1.753,1.001,95.386,0.501,0,5238976,355476,164564,2251772,2950.209,486.694,0,2427.463,0,105.150,1227,1962,0.760,1.530,1.170,2,0,0,0,0,18,324,0,7,0
13-03 07:15:26,7.234,1.995,89.298,0.249,0,5245276,349176,164568,2251768,134328.174,3801.402,3.991,55.874,0.998,5.986,1732,1911,0.760,1.530,1.170,0,0,3.991,0,0,18,324,0,7,0
13-03 07:15:27,13.769,4.506,79.611,0.250,0,5242520,351912,164568,2251788,286554.149,11053.435,16.022,168.235,1.001,9.013,2806,2453,0.700,1.500,1.160,1,0,25.035,0,0,18,324,0,7,0
13-03 07:15:28,10.738,3.746,83.157,0.749,0,5259072,335252,164568,2251896,295264.100,10470.301,103.884,119.866,3.996,6.992,2576,2407,0.700,1.500,1.160,1,0,17.980,0,0,18,324,0,5,0
13-03 07:15:29,15.751,8.751,70.255,3.750,0,5250868,338356,164568,2256996,1103.075,486.033,240.016,0,39.003,0,3122,2568,0.700,1.500,1.160,1,1,33.002,0,0,18,324,0,5,0
