"pcp-dstat 6.2.0 CSV Output"
"Author:","PCP team <pcp@groups.io> and Dag Wieers <dag@wieers.com>",,,,"URL:","https://pcp.io/ and http://dag.wieers.com/home-made/dstat/"
"Host:","ubuntu",,,,"User:","ubuntu"
"Cmdline:","dstat -tcmndrylpg --tcp --output /tmp/devstack_logs/dstat-csv.log",,,,"Date:","13 Mar 2026 02:59:10 UTC"
"system","total usage",,,,,"memory usage",,,,"net/total",,"dsk/total",,"io/total",,"system",,"load avg",,,"procs",,,"paging",,"tcp sockets",,,,
"time","total usage:usr","total usage:sys","total usage:idl","total usage:wai","total usage:stl","used","free","buf","cach","net/total:recv","net/total:send","dsk/total:read","dsk/total:writ","read","writ","int","csw","1m","5m","15m","run","blk","new","in","out","lis","act","syn","tim","clo"
13-03 02:59:10,,989116,1455672,162872,5205836,,,,,,,1.080,0.830,0.540,2,0,,,,10,2,0,18,0
13-03 02:59:11,8.235,20.213,70.120,0,0,1001240,1443512,162876,5205868,2695.009,1617.005,0,690.721,0,69.871,5422,3796,1.080,0.830,0.540,1,0,352.347,0,0,10,2,0,18,0
13-03 02:59:12,11.754,20.007,67.025,0,0,964012,1480708,162880,5205900,3247.212,2864.069,0,20.007,0,5.002,5246,3488,1.080,0.830,0.540,2,0,308.115,0,0,10,2,0,18,0
13-03 02:59:13,15.505,17.505,66.021,0,0,957720,1486832,162880,5206048,2700.847,1620.508,0,20.006,0,5.002,5611,5689,1.080,0.830,0.540,3,0,242.076,0,0,10,2,0,18,0
13-03 02:59:14,18.697,16.204,63.319,0,0,947792,1496748,162880,5206404,2572.664,1615.394,0,7.977,0,1.994,6018,8190,1.080,0.830,0.540,2,0,196.440,0,0,10,2,0,18,0
13-03 02:59:15,6.497,3.998,88.455,0,0,1071192,1373028,162880,5331084,2775.599,1619.183,0,1535.225,0,53.973,2167,2693,1.080,0.830,0.540,0,0,13.993,0,0,11,2,0,18,0
13-03 02:59:16,19.221,10.984,68.648,0.499,0,1097176,1346988,162884,5331136,3085.396,2558.183,15.976,155.768,0.999,5.991,3505,11082,1.080,0.830,0.540,2,0,125.812,0,0,11,5,0,19,0
13-03 02:59:17,32.434,11.314,55.314,0.251,0,1097744,1346388,162896,5331156,13641.359,4095.224,0,478.715,0,16.091,3982,2672,1.070,0.830,0.550,2,0,165.941,0,0,11,6,0,19,0
13-03 02:59:18,36.634,6.729,55.324,0.498,0,1119572,1323520,162960,5331852,14293.649,7505.187,31.899,2691.460,1.994,147.532,3335,2330,1.070,0.830,0.550,3,0,50.839,0,0,11,5,0,21,0
13-03 02:59:19,36.442,3.245,58.656,0.749,0.250,1164744,1276736,163076,5332960,39035.716,13176.975,0,2583.877,0,44.928,2541,1509,1.070,0.830,0.550,3,0,0,0,0,11,6,0,20,0
13-03 02:59:20,38.439,4.020,54.015,3.015,0,1208852,1229360,163348,5335732,17286.889,11518.563,0,8373.117,0,601.956,4553,5949,1.070,0.830,0.550,0,1,10.049,0,0,11,8,0,20,0
13-03 02:59:21,26.737,5.747,52.224,11.494,0,1213084,1216284,164656,5342792,40951.688,13721.194,0,36297.996,0,3174.425,13457,25205,1.070,0.830,0.550,5,0,53.973,0,0,11,8,0,20,0
13-03 02:59:22,35.868,8.220,50.065,3.985,0,1189068,1238964,165104,5343592,18016.455,11736.650,0,30335.952,0,1967.732,8524,14425,1.230,0.870,0.560,3,0,92.658,0,0,11,6,0,20,0
13-03 02:59:23,43.063,4.757,50.824,1.252,0,1193156,1212840,165476,5363980,172960.336,11860.372,0,2647.878,0,125.183,3279,2109,1.230,0.870,0.560,2,1,1.001,0,0,11,6,0,18,0
13-03 02:59:24,45.437,5.492,46.436,1.498,0,1238692,1154024,166268,5374552,2414.658,1455.985,0,9750.505,0,519.281,3696,3556,1.230,0.870,0.560,4,0,0.999,0,0,11,6,0,18,0
13-03 02:59:25,46.476,4.498,47.975,0.250,0,1238244,1139784,166588,5387232,2715.570,1619.147,0,15283.950,0,115.939,3066,1835,1.230,0.870,0.560,3,0,9.995,0,0,11,6,0,18,0
13-03 02:59:26,43.786,5.755,48.540,1.251,0,1298956,1058680,167116,5405408,2642.157,1621.324,0,3026.471,0,142.116,2893,2057,1.230,0.870,0.560,3,0,0,0,0,11,6,0,18,0
13-03 02:59:27,43.129,5.485,48.863,1.745,0,1308168,1036292,167856,5415936,2752.295,1615.477,0,3382.530,0,245.313,2962,2081,1.290,0.890,0.570,3,0,0,0,0,11,6,0,18,0
13-03 02:59:28,38.508,9.564,47.066,4.027,0,1272800,1047728,168544,5437128,7369.460,1673.230,0,2086.000,0,164.101,4090,2846,1.290,0.890,0.570,2,0,154.034,0,0,11,6,0,14,0
13-03 02:59:29,31.227,20.735,44.966,1.999,0,1271108,1057228,169132,5427620,3141.658,1966.534,0,2326.266,0,155.884,5953,4553,1.290,0.890,0.570,2,0,361.730,0,0,11,4,0,14,0
13-03 02:59:30,21.655,18.917,57.997,0,0,1192964,1135456,169136,5427600,2705.190,1612.958,0,955.827,0,109.522,5694,6102,1.290,0.890,0.570,3,0,311.639,0,0,11,4,0,14,0
13-03 02:59:31,35.186,15.582,47.501,0.754,0,1191752,1136648,169140,5427956,2501.230,1465.753,0,16788.802,0,517.739,5824,5646,1.290,0.890,0.570,3,0,194.026,0,0,11,5,0,14,0
13-03 02:59:32,44.736,5.965,47.470,0.497,0,1240712,1087760,169140,5428100,2624.507,1610.493,0,1383.831,0,36.783,2961,1699,1.350,0.910,0.580,4,0,0,0,0,11,5,0,14,0
13-03 02:59:33,49.022,2.514,48.771,0,0,1256608,1071380,169140,5428584,2715.075,1629.045,0,374.077,0,37.207,2695,1094,1.350,0.910,0.580,2,0,0,0,0,11,5,0,14,0
13-03 02:59:34,43.076,8.964,46.811,0,0,1275388,1051040,169140,5430132,2689.162,1613.497,0,450.186,0,35.855,3349,3207,1.350,0.910,0.580,3,0,0.996,0,0,11,5,0,14,0
13-03 02:59:35,20.970,10.984,66.405,0,0,1283268,1042276,169140,5430956,2773.051,1617.696,0,379.460,0,32.953,4060,3577,1.350,0.910,0.580,2,0,139.801,0,0,11,4,0,15,0
13-03 02:59:36,23.511,3.752,72.783,0,0,1316280,1009264,169140,5430960,2821.283,1620.737,0,25667.670,0,145.066,1975,1586,1.350,0.910,0.580,2,0,0,0,0,11,4,0,14,0
13-03 02:59:37,22.537,2.754,73.369,0,0,1343492,982048,169140,5430964,2884.687,1622.636,0,0,0,0,1750,1233,1.320,0.910,0.580,2,0,0,0,0,11,4,0,14,0
13-03 02:59:38,23.807,2.005,72.424,1.002,0,1366660,958612,169164,5431188,2483.969,1461.512,0,5028.082,0,154.371,2961,3585,1.320,0.910,0.580,3,0,1.002,0,0,11,10,0,14,0
13-03 02:59:39,21.492,5.248,71.973,1.000,0,1341160,984064,169196,5431204,2942.905,1713.363,0,2918.914,0,205.923,3000,3320,1.320,0.910,0.580,2,0,41.984,0,0,11,4,0,16,0
13-03 02:59:40,21.976,1.748,73.669,1.748,0,1371736,953180,169460,5431212,2953.759,1688.148,271.702,2133.659,9.989,53.941,1699,1079,1.320,0.910,0.580,2,0,0,0,0,11,4,0,15,0
13-03 02:59:41,18.291,2.255,76.924,0.251,0,1385776,938788,169464,5431528,5498.422,5587.624,0,5219.793,0,47.106,2381,2402,1.320,0.910,0.580,1,0,1.002,0,0,11,17,0,15,0
13-03 02:59:42,16.447,2.243,73.763,6.978,0,1383748,940344,169512,5431760,5485.390,2395.310,267.142,1204.134,65.789,18.939,1798,1632,1.370,0.930,0.590,2,0,1.994,0,0,11,29,0,15,0
13-03 02:59:43,19.266,5.505,75.062,0,0,1362648,961428,169512,5431776,6992.806,5461.534,0,0,0,0,2480,1810,1.370,0.930,0.590,2,0,43.036,0,0,11,28,0,16,0
13-03 02:59:44,21.471,3.745,73.649,0.250,0,1363092,960964,169516,5431764,4139.325,3425.304,0,515.293,0,15.978,2106,1695,1.370,0.930,0.590,2,0,6.990,0,0,11,29,0,16,0
13-03 02:59:45,20.066,2.508,76.000,0,0,1323512,1000496,169516,5431812,8368.516,6734.142,0,0,0,0,2100,1637,1.370,0.930,0.590,1,0,5.016,0,0,11,28,0,17,0
13-03 02:59:46,36.254,11.751,51.755,0,0,1379148,944844,169516,5431828,2700.270,1620.162,0,468.047,0,7.001,3574,2366,1.370,0.930,0.590,2,0,151.015,0,0,11,28,0,17,0
13-03 02:59:47,36.560,4.725,57.451,0,0,1441848,882136,169516,5431836,9247.820,7853.086,0,0,0,0,2835,1906,1.420,0.940,0.590,3,0,0,0,0,11,30,0,17,0
13-03 02:59:48,38.928,4.991,55.648,0,0,1447440,876340,169524,5432032,14243.805,12578.867,0,215.603,0,18.965,5999,7580,1.420,0.940,0.590,4,0,0,0,0,11,30,0,17,0
13-03 02:59:49,46.605,22.169,30.482,0,0,1365492,958272,169524,5432048,4362.253,2995.837,0,56.430,0,11.084,5009,3829,1.420,0.940,0.590,5,0,406.096,0,0,11,28,0,18,0
13-03 02:59:50,81.720,17.993,0,0,0,1559476,764252,169524,5432084,2895.944,1619.410,0,51.981,0,3.999,5087,3266,1.420,0.940,0.590,6,0,174.936,0,0,11,28,0,18,0
13-03 02:59:51,89.122,10.735,0.499,0,0,1697252,626452,169540,5432088,15371.000,13816.226,0,1977.170,0,30.956,5983,4252,1.420,0.940,0.590,5,0,0,0,0,11,31,0,18,0
13-03 02:59:52,83.084,9.510,7.007,0,0,1747804,575664,169540,5432316,29016.346,27930.248,0,172.174,0,7.007,7499,9473,1.790,1.030,0.620,8,0,36.036,0,0,11,32,0,20,0
13-03 02:59:53,59.813,11.963,27.414,0.498,0,1554136,769268,169552,5432364,12630.505,8433.628,0,725.731,0,73.769,6316,7329,1.790,1.030,0.620,3,0,213.333,0,0,11,28,0,24,0
13-03 02:59:54,19.780,7.011,72.361,0.250,0,1541340,782064,169552,5432364,2944.518,1622.489,0,152.234,0,8.012,2477,1816,1.790,1.030,0.620,3,0,61.094,0,0,11,28,0,24,0
13-03 02:59:55,18.485,2.498,77.436,0,0,1522116,801284,169552,5432368,6801.360,5598.358,0,139.884,0,9.992,1847,1539,1.790,1.030,0.620,2,0,0,0,0,11,29,0,24,0
13-03 02:59:56,16.488,6.245,75.193,0.250,0,1476468,846888,169564,5432396,5869.576,4718.444,0,46085.267,0,331.750,3708,3983,1.790,1.030,0.620,2,0,67.949,0,0,11,28,0,25,0
13-03 02:59:57,23.553,2.506,73.665,0,0,1477792,845564,169564,5432396,2766.184,1623.630,0,729.631,0,7.016,1732,1147,1.730,1.030,0.630,2,0,0,0,0,11,28,0,25,0
13-03 02:59:58,15.977,2.247,81.133,0,0,1470252,853068,169564,5432408,8446.805,7567.076,0,1010.541,0,11.983,2241,2373,1.730,1.030,0.630,4,0,0,0,0,11,29,0,25,0
13-03 02:59:59,13.784,15.789,69.423,0.251,0,1425756,897556,169564,5432416,3366.377,2484.182,0,284.709,0,28.070,5087,4266,1.730,1.030,0.630,1,0,317.791,0,0,11,28,0,26,0
13-03 03:00:00,27.771,32.274,39.029,0,0,1414152,909156,169564,5432420,2658.964,1663.229,0,192.142,0,19.014,5952,4874,1.730,1.030,0.630,5,0,663.490,0,0,11,28,0,20,0
13-03 03:00:01,86.090,14.224,0,0,0.250,1561336,761928,169564,5432464,4371.891,1617.001,0,11710.280,0,242.550,5187,3229,1.730,1.030,0.630,5,0,57.893,0,0,11,28,0,20,0
13-03 03:00:02,83.120,9.013,7.010,0.250,0,1669192,654104,169564,5432480,19501.258,18479.778,0,35463.388,0,580.842,5641,3811,2.070,1.110,0.660,5,0,0,0,0,11,32,0,20,0
13-03 03:00:03,73.971,6.248,18.993,0,0,1676760,646304,169572,5432704,33505.003,30722.083,0,223.913,0,29.988,10039,14143,2.070,1.110,0.660,6,0,0,0,0,11,31,0,20,0
13-03 03:00:04,78.281,19.008,1.751,0,0,1529536,793432,169576,5432796,8812.509,5114.036,0,392.156,0,45.018,6101,5936,2.070,1.110,0.660,6,0,273.109,0,0,11,28,0,21,0
13-03 03:00:05,85.483,14.247,0,0,0.250,1620316,702636,169580,5432808,3076.402,1619.685,0,215.958,0,16.997,4977,2860,2.070,1.110,0.660,6,0,37.993,0,0,11,28,0,21,0
13-03 03:00:06,90.347,7.986,1.747,0,0,1747512,575428,169584,5432816,22197.369,21098.232,0,850.558,0,52.910,5376,4517,2.070,1.110,0.660,4,0,0,0,0,11,33,0,21,0
13-03 03:00:07,78.923,10.022,10.022,0.251,0,1749628,572932,169596,5433180,34889.369,32277.653,0,2561.607,0,138.303,8306,13132,2.300,1.180,0.680,4,0,50.110,0,0,11,33,0,22,0
13-03 03:00:08,63.320,13.960,22.187,0,0,1568316,754060,169600,5433360,16665.755,14433.084,0,307.129,0,26.924,7070,8629,2.300,1.180,0.680,3,0,217.384,0,0,11,28,0,23,0
13-03 03:00:09,43.412,6.986,48.652,0.249,0,1543596,778776,169604,5433360,2869.209,2230.498,0,107.782,0,6.986,2920,1547,2.300,1.180,0.680,2,0,29.940,0,0,11,29,0,23,0
13-03 03:00:10,34.673,4.020,60.300,0,0,1548592,773760,169604,5433380,14197.715,11105.312,0,4.020,0,1.005,3856,3754,2.300,1.180,0.680,4,0,3.015,0,0,11,30,0,23,0
13-03 03:00:11,50.245,21.498,27.997,0,0,1510280,812028,169616,5433412,11048.835,9740.973,0,287.970,0,24.997,6170,6319,2.300,1.180,0.680,6,0,327.965,0,0,11,28,0,25,0
13-03 03:00:12,67.751,8.750,23.000,0,0,1545984,776304,169616,5433432,4253.037,3592.031,0,2616.023,0,134.001,3968,1670,2.440,1.220,0.700,3,0,50.000,0,0,11,29,0,25,0
13-03 03:00:13,49.279,5.227,44.301,0,0,1554348,767760,169624,5433604,21226.794,19774.309,0,223.000,0,17.920,5327,6261,2.440,1.220,0.700,4,0,0,0,0,11,31,0,25,0
13-03 03:00:14,56.952,17.061,25.340,0,0,1428688,893384,169636,5433628,12095.933,9770.680,0,421.496,0,49.175,6776,7413,2.440,1.220,0.700,4,0,259.923,0,0,11,28,0,26,0
13-03 03:00:15,88.512,10.751,0.250,0,0,1566076,755964,169636,5433660,4632.640,2235.309,0,180.025,0,8.001,4701,1606,2.440,1.220,0.700,3,0,0,0,0,11,29,0,26,0
13-03 03:00:16,69.238,8.717,21.668,0,0,1627232,694780,169636,5433684,22114.451,20359.083,0,151.428,0,6.974,5186,16434,2.440,1.220,0.700,3,0,35.865,0,0,11,32,0,27,0
13-03 03:00:17,61.032,14.818,23.860,0.251,0,1538204,783616,169640,5433872,26726.526,22718.000,0,1145.293,0,42.195,9035,12307,2.480,1.250,0.710,4,0,252.165,0,0,11,28,0,29,0
13-03 03:00:18,63.502,13.500,22.501,0,0,1546712,775060,169644,5433912,4260.133,1620.051,0,1520.048,0,121.004,3937,1785,2.480,1.250,0.710,5,0,73.002,0,0,11,28,0,29,0
13-03 03:00:19,55.002,5.250,39.251,0,0,1567312,754448,169644,5433924,14388.393,13275.362,0,136.004,0,9.000,3992,2673,2.480,1.250,0.710,3,0,0,0,0,11,31,0,29,0
13-03 03:00:20,53.987,10.498,34.992,0.250,0,1458868,862708,169652,5434100,21231.082,18892.624,0,919.787,0,66.984,7842,10118,2.480,1.250,0.710,6,0,152.965,0,0,11,28,0,31,0
13-03 03:00:21,61.727,16.994,20.492,0,0,1466836,854700,169652,5434136,2938.882,1661.368,0,159.939,0,8.997,4001,1954,2.480,1.250,0.710,3,0,145.944,0,0,11,28,0,29,0
13-03 03:00:22,53.512,5.227,39.823,0,0,1534100,787428,169652,5434144,14724.453,13377.449,0,135.397,0,8.960,4098,2816,2.530,1.280,0.720,4,0,0,0,0,11,31,0,29,0
13-03 03:00:23,54.267,9.296,35.927,0.251,0,1511292,810040,169664,5434324,19913.139,17905.244,0,699.447,0,48.238,8108,9941,2.530,1.280,0.720,5,0,133.659,0,0,11,28,0,32,0
13-03 03:00:24,61.663,17.405,20.637,0,0,1489336,831888,169668,5434420,2744.991,1611.190,0,194.934,0,8.951,4057,2179,2.530,1.280,0.720,4,0,154.157,0,0,11,28,0,32,0
13-03 03:00:25,53.119,5.763,39.839,0,0,1533124,788080,169676,5434432,14714.028,13401.081,0,140.315,0,9.020,4031,2843,2.530,1.280,0.720,5,0,0,0,0,11,31,0,32,0
13-03 03:00:26,55.430,7.274,36.368,0.251,0,1458368,862508,169684,5434752,17296.142,15472.222,0,922.996,0,72.234,7666,8937,2.530,1.280,0.720,3,0,73.238,0,0,11,28,0,34,0
13-03 03:00:27,62.753,12.251,24.251,0,0,1498128,822732,169688,5434728,3060.146,1662.079,0,132.006,0,8.000,3818,1703,2.560,1.310,0.730,6,0,41.002,0,0,11,28,0,34,0
13-03 03:00:28,56.455,5.246,37.720,0,0,1538276,782568,169688,5434744,14732.150,14056.694,0,123.900,0,8.993,3985,2573,2.560,1.310,0.730,2,0,0,0,0,11,31,0,34,0
13-03 03:00:29,55.277,13.257,29.765,0.250,0,1473900,846884,169712,5434780,17624.652,14954.341,0,1084.532,0,88.043,8235,9844,2.560,1.310,0.730,5,0,235.115,0,0,11,28,0,36,0
13-03 03:00:30,75.004,25.001,0,0,0,1547280,773456,169712,5434828,3137.168,1620.087,0,40.002,0,10.001,5388,4177,2.560,1.310,0.730,10,0,397.021,0,0,11,28,0,36,0
13-03 03:00:31,82.246,17.749,0,0,0,1646512,674200,169712,5434852,7019.692,5706.749,0,0,0,0,5525,4201,2.560,1.310,0.730,8,0,269.988,0,0,11,29,0,36,0
13-03 03:00:32,83.166,16.234,0.749,0,0,1741172,579512,169724,5434868,20195.616,18646.180,0,403.593,0,23.976,6459,5540,3,1.420,0.770,8,0,261.736,0,0,11,31,0,36,0
13-03 03:00:33,77.350,19.525,2.754,0,0,1716760,603692,169724,5435096,31309.292,29981.583,0,1013.304,0,42.054,7417,8607,3,1.420,0.770,8,0,327.421,0,0,11,31,0,37,0
13-03 03:00:34,78.497,21.499,0.250,0,0,1662756,657656,169732,5435156,18068.284,16024.365,0,2675.894,0,176.993,7214,7245,3,1.420,0.770,6,0,323.987,0,0,11,28,0,37,0
13-03 03:00:35,87.209,12.244,0,0,0,1644332,675896,169732,5435340,6683.873,5534.410,0,0,0,0,5214,2792,3,1.420,0.770,5,0,39.981,0,0,11,29,0,37,0
13-03 03:00:36,83.139,7.989,8.988,0,0,1692384,627804,169732,5435380,26119.155,24943.723,0,0,0,0,5994,6641,3,1.420,0.770,4,0,0,0,0,11,32,0,38,0
13-03 03:00:37,70.114,11.268,18.280,0,0,1650696,669260,169732,5435604,29738.206,27139.994,0,4.006,0,1.002,8331,11612,3.240,1.500,0.800,6,0,133.216,0,0,11,30,0,39,0
13-03 03:00:38,27.711,27.461,42.939,0,0,1418140,901752,169732,5435632,7513.341,5513.178,0,275.609,0,8.987,6505,5983,3.240,1.500,0.800,3,0,608.137,0,0,11,28,0,41,0
13-03 03:00:39,44.269,38.516,17.757,0,0,1437920,881952,169732,5435652,3005.267,1714.723,0,336.142,0,28.012,6152,5420,3.240,1.500,0.800,7,0,746.315,0,0,11,28,0,41,0
13-03 03:00:40,81.188,12.740,5.496,0,0,1569848,749992,169732,5435684,8366.616,6833.785,0,155.881,0,8.993,4868,2707,3.240,1.500,0.800,5,0,113.913,0,0,11,30,0,41,0
13-03 03:00:41,66.095,6.509,26.789,0,0,1602220,717552,169744,5435740,23946.496,21311.701,0,688.993,0,57.082,5708,6830,3.240,1.500,0.800,4,0,1.001,0,0,11,33,0,40,0
13-03 03:00:42,69.285,17.009,12.506,0.500,0,1537476,782120,169752,5435908,12866.496,9460.776,0,480.242,0,52.026,6496,7139,3.460,1.570,0.830,4,0,201.102,0,0,11,30,0,43,0
13-03 03:00:43,83.498,11.750,4.500,0,0.500,1559080,760496,169752,5435928,6609.838,5536.864,0,163.996,0,10.000,4707,2307,3.460,1.570,0.830,5,0,66.998,0,0,11,31,0,43,0
13-03 03:00:44,69.748,7.750,21.999,0,0,1599928,719572,169756,5435980,24398.253,22883.299,0,199.994,0,14.000,5886,7032,3.460,1.570,0.830,4,0,8.000,0,0,11,36,0,43,0
13-03 03:00:45,54.073,7.193,37.206,0,0,1600164,719068,169756,5436236,29797.726,28021.749,0,146.841,0,7.937,10680,14584,3.460,1.570,0.830,4,0,0,0,0,11,36,0,41,0
13-03 03:00:46,66.973,10.071,22.660,0.252,0,1546756,772276,169756,5436432,24111.295,20912.704,0,439.101,0,49.349,9471,12705,3.460,1.570,0.830,3,0,60.427,0,0,11,33,0,41,0
13-03 03:00:47,83.321,13.762,2.502,0,0,1537692,781320,169756,5436452,5935.063,4291.661,0,232.198,0,20.017,5143,3553,3.500,1.610,0.850,4,0,60.051,0,0,11,32,0,41,0
13-03 03:00:48,77.340,7.958,14.424,0,0,1606412,712576,169756,5436476,15499.810,14712.982,0,1026.557,0,14.921,5025,3586,3.500,1.610,0.850,6,0,0,0,0,11,35,0,41,0
13-03 03:00:49,63.302,6.782,28.637,0,0,1606916,711860,169756,5436684,31314.478,27098.352,0,2608.451,0,108.518,9267,11986,3.500,1.610,0.850,3,0,0,0,0,11,36,0,40,0
13-03 03:00:50,56.034,9.006,33.771,0,0,1567860,750668,169756,5436924,33406.484,31454.287,0,164.101,0,9.006,11280,16100,3.500,1.610,0.850,2,0,71.044,0,0,11,35,0,41,0
13-03 03:00:51,76.244,17.249,6.000,0,0,1488104,830404,169756,5436944,13747.941,10245.211,0,143.989,0,7.999,5925,5763,3.500,1.610,0.850,4,0,188.985,0,0,11,32,0,44,0
13-03 03:00:52,82.740,10.249,6.999,0,0,1586700,731788,169756,5436964,8281.961,7508.058,0,127.984,0,7.999,4589,2064,3.540,1.650,0.860,3,0,0,0,0,11,34,0,44,0
13-03 03:00:53,65.459,6.746,26.733,0,0,1616368,702052,169760,5437028,27172.872,25649.832,0,135.914,0,8.994,6591,8942,3.540,1.650,0.860,2,0,0,0,0,11,36,0,44,0
13-03 03:00:54,63.902,9.985,24.712,0,0,1591988,726204,169768,5437236,25761.530,22005.285,0,119.816,0,12.980,9162,12310,3.540,1.650,0.860,9,0,68.894,0,0,11,33,0,40,0
13-03 03:00:55,85.696,12.779,2.005,0,0,1531508,786652,169776,5437256,6682.308,3724.532,0,212.487,0,23.053,5056,3295,3.540,1.650,0.860,5,0,60.138,0,0,11,32,0,40,0
13-03 03:00:56,71.668,7.242,20.726,0,0,1606380,711748,169800,5437264,15687.087,14749.158,0,267.694,0,30.965,4559,3784,3.540,1.650,0.860,5,0,0,0,0,11,35,0,40,0
13-03 03:00:57,70.248,12.750,16.500,0.250,0.250,1600448,717500,169804,5437440,18442.583,16049.637,0,263.994,0,24.999,6562,7272,3.500,1.680,0.880,5,0,119.997,0,0,11,34,0,42,0
13-03 03:00:58,75.702,7.995,15.490,0,0,1662864,655004,169804,5437516,23805.758,21706.102,0,163.895,0,9.994,7191,9197,3.500,1.680,0.880,4,0,0,0,0,11,34,0,42,0
13-03 03:00:59,69.357,12.519,17.527,0,0.250,1560940,756772,169808,5437684,18605.786,17464.020,0,164.254,0,10.015,6694,7415,3.500,1.680,0.880,5,0,141.218,0,0,11,34,0,43,0
13-03 03:01:00,79.117,10.982,8.985,0,0,1539756,777908,169808,5437732,14217.082,11298.991,0,115.805,0,6.988,5384,5254,3.500,1.680,0.880,3,0,85.856,0,0,11,33,0,45,0
13-03 03:01:01,81.633,9.015,9.766,0,0,1619548,698084,169812,5437756,15011.531,12227.983,0,120.196,0,8.013,4724,3823,3.500,1.680,0.880,6,0,0,0,0,11,33,0,46,0
13-03 03:01:02,74.773,11.504,13.504,0,0,1558076,759524,169812,5437784,16531.124,14936.630,0,116.036,0,7.002,5257,5306,3.460,1.700,0.890,7,0,68.021,0,0,11,34,0,46,0
13-03 03:01:03,72.406,8.489,18.476,0.250,0,1554324,763208,169812,5437848,20201.829,18231.382,0,539.301,0,68.911,6719,7658,3.460,1.700,0.890,4,0,36.952,0,0,11,33,0,48,0
13-03 03:01:04,59.060,12.513,28.029,0,0,1476696,840824,169812,5437860,9475.646,8635.791,0,284.289,0,24.024,5122,3867,3.460,1.700,0.890,3,0,161.164,0,0,11,33,0,49,0
13-03 03:01:05,58.766,10.753,29.258,0,0,1530532,786912,169816,5437932,9357.607,7193.004,0,268.075,0,25.007,4368,3332,3.460,1.700,0.890,4,0,61.017,0,0,11,33,0,50,0
13-03 03:01:06,57.569,5.707,35.236,0.248,0,1505716,811384,169832,5438252,13654.826,12517.337,0,2306.739,0,140.945,4840,5025,3.460,1.700,0.890,4,0,0.993,0,0,11,34,0,50,0
13-03 03:01:07,55.114,11.577,33.220,0,0,1535900,781160,169832,5438292,18059.371,15476.297,0,4.027,0,1.007,6947,7725,3.180,1.670,0.880,3,0,100.665,0,0,11,33,0,51,0
13-03 03:01:08,57.307,11.011,31.031,0,0,1535760,781280,169832,5438312,9533.406,8321.210,0,100.099,0,4.004,4345,3097,3.180,1.670,0.880,4,0,81.080,0,0,11,33,0,52,0
13-03 03:01:09,58.492,5.476,34.847,0,0,1582240,734732,169832,5438376,13638.937,12312.777,0,143.369,0,5.974,4610,4266,3.180,1.670,0.880,3,0,0,0,0,11,34,0,53,0
13-03 03:01:10,37.008,7.502,53.512,0,0,1560464,756324,169836,5438552,17694.985,15676.531,0,280.063,0,23.005,6207,7589,3.180,1.670,0.880,3,0,86.019,0,0,11,33,0,49,0
13-03 03:01:11,34.893,12.802,52.716,0,0,1532540,784236,169836,5438564,7539.899,4195.192,0,196.807,0,18.074,4444,3790,3.180,1.670,0.880,2,0,135.556,0,0,11,32,0,50,0
13-03 03:01:12,41.180,3.993,53.409,0.250,0,1550780,765980,169840,5438576,7601.020,6398.074,0,111.809,0,6.988,2940,1799,3.090,1.680,0.890,2,0,0,0,0,11,33,0,50,0
13-03 03:01:13,36.533,5.755,57.052,0,0,1515180,801508,169844,5438640,13877.712,12257.228,0,448.411,0,35.032,4911,5742,3.090,1.680,0.890,2,0,34.031,0,0,11,33,0,51,0
13-03 03:01:14,40.413,10.478,48.147,0,0,1476688,839980,169844,5438660,5081.095,3751.948,0,211.546,0,10.976,4285,3339,3.090,1.680,0.890,3,0,104.775,0,0,11,32,0,49,0
13-03 03:01:15,40.350,5.012,53.883,0.251,0,1517660,799004,169844,5438664,7667.933,6867.958,0,3432.475,0,158.391,2969,1744,3.090,1.680,0.890,1,0,1.002,0,0,11,33,0,49,0
13-03 03:01:16,35.911,8.978,54.864,0.249,0,1494536,822092,169856,5438688,13097.515,10927.896,0,454.872,0,39.901,4938,5127,3.090,1.680,0.890,4,0,73.817,0,0,11,33,0,50,0
13-03 03:01:17,45.907,7.984,44.410,0,0,1445120,871500,169856,5438696,5849.209,4719.486,0,199.598,0,19.960,3925,13826,3.320,1.750,0.920,3,0,26.946,0,0,11,33,0,52,0
13-03 03:01:18,39.011,4.501,55.516,0,0,1497720,818880,169856,5438712,11785.437,10767.140,0,0,0,0,3161,2947,3.320,1.750,0.920,1,0,0,0,0,11,34,0,48,0
13-03 03:01:19,36.331,7.266,56.125,0,0,1472708,843804,169856,5438800,15590.816,11918.615,0,1042.328,0,1.002,4461,4661,3.320,1.750,0.920,2,0,43.096,0,0,11,33,0,49,0
13-03 03:01:20,41.110,5.481,51.823,0.249,0,1466264,850208,169872,5438824,5788.264,4254.494,0,283.035,0,25.912,3391,2588,3.320,1.750,0.920,3,0,4.983,0,0,11,33,0,50,0
13-03 03:01:21,38.464,3.497,56.697,0,0,1484800,831520,169872,5438976,13606.164,12249.444,0,115.891,0,7.992,3093,3155,3.320,1.750,0.920,3,0,0,0,0,11,34,0,50,0
13-03 03:01:22,30.432,11.318,56.839,0.503,0,1447216,868944,169876,5439132,13089.161,11260.240,0,221.322,0,23.138,5710,6261,3.060,1.720,0.910,1,0,189.129,0,0,11,33,0,49,0
13-03 03:01:23,21.153,8.461,69.682,0,0,1423420,892664,169880,5439196,4547.223,2885.814,0,262.799,0,23.891,3129,2823,3.060,1.720,0.910,2,0,93.572,0,0,11,32,0,50,0
13-03 03:01:24,19.534,2.254,77.133,0,0,1439240,876836,169884,5439200,5028.651,3983.853,0,112.193,0,8.014,1691,1235,3.060,1.720,0.910,2,0,1.002,0,0,11,33,0,50,0
13-03 03:01:25,18.528,3.005,78.370,0.250,0,1430680,885376,169888,5439216,10786.479,9213.075,0,508.777,0,32.049,3206,3839,3.060,1.720,0.910,2,0,0,0,0,11,33,0,50,0
13-03 03:01:26,12.504,15.755,69.774,0,0,1400240,915796,169888,5439232,3581.249,2536.885,0,280.098,0,27.009,4591,3388,3.060,1.720,0.910,1,0,284.099,0,0,11,32,0,46,0
13-03 03:01:27,21.941,3.491,73.303,0,0,1438808,877228,169888,5439232,2812.447,1657.549,0,0,0,0,1708,1202,2.890,1.710,0.910,2,0,0,0,0,11,32,0,46,0
13-03 03:01:28,18.786,2.254,78.150,0.250,0,1444960,871064,169888,5439244,9095.404,8355.989,0,216.414,0,9.017,2253,2179,2.890,1.710,0.910,1,0,0,0,0,11,33,0,46,0
13-03 03:01:29,19.973,4.744,73.900,0,0,1415004,901004,169888,5439260,8672.249,5467.591,0,3.995,0,0.999,3293,3350,2.890,1.710,0.910,2,0,45.938,0,0,11,32,0,47,0
13-03 03:01:30,22.517,3.252,73.304,0,0,1464348,851644,169896,5439268,2954.182,2236.652,0,228.169,0,17.013,1874,1440,2.890,1.710,0.910,1,0,0,0,0,11,33,0,45,0
13-03 03:01:31,17.277,2.504,78.873,0,0,1453236,862732,169896,5439288,11782.362,10380.176,0,108.169,0,7.011,3117,3572,2.890,1.710,0.910,0,0,0,0,0,11,33,0,45,0
13-03 03:01:32,17.777,6.510,73.611,0.501,0,1420312,895492,169916,5439432,8380.676,6439.740,0,224.339,0,28.042,4410,4782,2.740,1.690,0.910,2,0,86.130,0,0,11,32,0,45,0
13-03 03:01:33,9.977,24.194,64.351,0,0,1398688,916960,169916,5439588,2778.564,1616.256,0,259.399,0,12.970,5945,4458,2.740,1.690,0.910,2,0,483.879,0,0,11,32,0,48,0
13-03 03:01:34,41.220,9.493,48.464,0,0,1464380,851192,169952,5439624,2578.094,1618.803,0,659.512,0,82.939,3436,2132,2.740,1.690,0.910,3,0,55.959,0,0,11,32,0,46,0
13-03 03:01:35,44.543,5.756,48.297,1.001,0,1522632,790804,170052,5441344,2839.757,1621.574,0,3086.997,0,196.190,3649,3229,2.740,1.690,0.910,4,1,14.014,0,0,11,36,0,46,0
13-03 03:01:36,38.510,7.252,41.761,10.253,0,1498832,808696,170672,5446284,2538.641,1458.368,0,40602.257,0,3345.845,13922,25643,2.740,1.690,0.910,9,1,106.027,0,0,11,36,0,46,0
13-03 03:01:37,38.056,7.761,42.562,8.763,0,1539560,765352,171188,5448304,2764.034,1622.368,0,35611.971,0,3214.691,14623,26570,2.680,1.700,0.920,1,1,51.075,0,0,11,36,0,46,0
13-03 03:01:38,44.401,6.984,45.897,2.245,0,1558124,747252,171312,5447708,2753.834,1616.381,0,17664.448,0,1156.411,5321,8083,2.680,1.700,0.920,2,0,6.984,0,0,11,32,0,46,0
13-03 03:01:39,45.466,4.996,48.464,0.250,0,1492816,812520,171328,5447728,2821.916,1712.735,0,703.480,0,39.970,2851,1545,2.680,1.700,0.920,3,0,0.999,0,0,11,32,0,41,0
13-03 03:01:40,39.094,8.019,42.853,8.270,0,1511392,793032,171816,5448148,4407.633,1623.917,0,20136.577,0,2668.437,16306,27651,2.680,1.700,0.920,3,0,1.002,0,0,11,34,0,41,0
13-03 03:01:41,34.090,7.714,55.490,1.493,0,1473824,830468,171856,5448232,2687.407,1612.444,0,4431.236,0,472.785,5283,6192,2.680,1.700,0.920,3,0,99.534,0,0,11,32,0,41,0
13-03 03:01:42,22.546,3.758,71.897,0.501,0,1446484,857800,171856,5448240,4208.580,1623.309,0,192.392,0,19.039,2030,1621,2.540,1.690,0.920,2,0,2.004,0,0,11,32,0,41,0
13-03 03:01:43,22.420,4.235,71.993,0.498,0,1487112,817148,171880,5448240,2469.199,1452.822,0,7198.342,0,373.668,2258,2511,2.540,1.690,0.920,2,0,1.993,0,0,11,32,0,37,0
13-03 03:01:44,24.062,3.258,71.934,0.251,0,1457476,846752,171880,5448260,2827.235,1624.156,0,417.067,0,16.041,1920,1258,2.540,1.690,0.920,2,0,8.021,0,0,11,32,0,37,0
13-03 03:01:45,22.253,3.750,72.759,0,0,1453124,851040,171880,5448292,2777.330,1620.192,0,0,0,0,1761,1230,2.540,1.690,0.920,2,0,0,0,0,11,32,0,37,0
13-03 03:01:46,22.341,3.514,74.302,0,0,1484456,819708,171880,5448292,2650.764,1626.605,0,4.016,0,1.004,1698,1091,2.540,1.690,0.920,1,0,2.008,0,0,11,32,0,37,0
13-03 03:01:47,23.418,2.491,73.491,0,0,1444512,859640,171880,5448304,2810.105,1614.315,0,0,0,0,1714,1121,2.420,1.680,0.920,4,0,0.996,0,0,11,32,0,37,0
13-03 03:01:48,22.508,3.001,73.777,0,0,1468448,835700,171880,5448308,2881.044,1620.587,0,0,0,0,1681,1132,2.420,1.680,0.920,4,0,0,0,0,11,32,0,37,0
13-03 03:01:49,22.914,2.989,72.976,0,0,1487204,816944,171880,5448308,2988.781,1613.942,0,111.581,0,3.985,1687,1112,2.420,1.680,0.920,2,0,1.993,0,0,11,32,0,37,0
13-03 03:01:50,23.072,3.009,72.977,0,0,1446680,857388,171880,5448384,2502.800,1462.558,0,413.288,0,12.038,1918,1660,2.420,1.680,0.920,3,0,1.003,0,0,11,32,0,37,0
13-03 03:01:51,22.741,3.249,73.222,0,0,1445936,858132,171880,5448384,2579.008,1619.377,0,743.714,0,111.957,1864,1253,2.420,1.680,0.920,2,0,1.999,0,0,11,32,0,34,0
13-03 03:01:52,23.205,2.745,73.110,0,0,1428112,875848,171880,5448472,2455.285,1616.895,0,3.992,0,0.998,1681,1120,2.310,1.660,0.920,2,0,0.998,0,0,11,32,0,34,0
13-03 03:01:53,22.529,2.754,73.594,0,0.250,1448900,855060,171880,5448472,2463.153,1622.076,0,0,0,0,1737,1343,2.310,1.660,0.920,2,0,0,0,0,11,32,0,34,0
13-03 03:01:54,22.026,4.005,73.337,0,0,1435612,868324,171880,5448496,2522.990,1621.922,0,0,0,0,1757,1243,2.310,1.660,0.920,2,0,2.002,0,0,11,32,0,34,0
13-03 03:01:55,22.444,3.491,72.818,0,0,1462304,841632,171880,5448496,2590.530,1615.964,0,7.980,0,1.995,1689,1065,2.310,1.660,0.920,3,0,1.995,0,0,11,32,0,31,0
13-03 03:01:56,22.808,3.008,74.188,0,0,1431124,872792,171884,5448512,2424.148,1461.707,0,0,0,0,1700,1127,2.310,1.660,0.920,2,0,1.003,0,0,11,32,0,31,0
13-03 03:01:57,23.007,2.751,73.272,0,0,1460848,843056,171884,5448524,2700.809,1620.485,0,256.077,0,30.009,1754,1229,2.200,1.650,0.920,2,0,0,0,0,11,32,0,31,0
13-03 03:01:58,22.966,3.245,73.390,0,0,1445524,858356,171884,5448548,4133.825,1617.584,0,3.994,0,0.999,1766,1266,2.200,1.650,0.920,3,0,0.999,0,0,11,32,0,31,0
13-03 03:01:59,22.046,3.758,73.405,0,0,1467792,836088,171884,5448548,4208.869,1623.421,0,0,0,0,1768,1192,2.200,1.650,0.920,3,0,2.004,0,0,11,32,0,27,0
13-03 03:02:00,18.785,7.765,71.885,0.250,0,1441372,862396,171884,5448660,2842.344,1623.052,0,168.316,0,10.019,3186,2589,2.200,1.650,0.920,1,0,138.260,0,0,11,32,0,27,0
13-03 03:02:01,8.755,22.262,68.037,0,0,1435552,868144,171884,5448724,2701.456,1620.873,0,1472.794,0,41.022,6094,4765,2.200,1.650,0.920,1,0,483.260,0,0,11,32,0,27,0
13-03 03:02:02,8.257,20.767,69.056,0,0,1403664,899976,171884,5448772,2942.366,1621.304,0,736.592,0,93.075,5579,4106,2.180,1.660,0.930,1,0,363.292,0,0,11,32,0,27,0
13-03 03:02:03,10.421,18.609,69.723,0,0,1395980,907628,171884,5448804,2528.889,1447.065,0,0,0,0,5507,4152,2.180,1.660,0.930,2,0,382.112,0,0,11,32,0,22,0
13-03 03:02:04,22.345,4.017,72.560,0.251,0,1420912,882712,171884,5448788,2902.401,1626.951,0,144.618,0,7.030,1955,1592,2.180,1.660,0.930,2,0,1.004,0,0,11,32,0,22,0
13-03 03:02:05,22.269,3.753,72.813,0.500,0,1458904,844700,171900,5448792,2779.401,1663.437,0,4996.316,0,223.193,2143,2015,2.180,1.660,0.930,2,0,2.002,0,0,11,32,0,22,0
13-03 03:02:06,22.781,3.004,73.602,0,0,1444448,859016,171900,5448936,2643.654,1622.242,0,0,0,0,1700,1138,2.180,1.660,0.930,4,0,1.001,0,0,11,32,0,22,0
13-03 03:02:07,22.656,3.237,73.195,0,0,1496292,807192,171900,5448916,4302.061,1613.273,0,15.934,0,1.992,1731,1177,2.090,1.650,0.930,3,0,1.992,0,0,11,32,0,17,0
13-03 03:02:08,22.837,2.510,73.780,0,0,1458472,844992,171900,5448936,2660.102,1626.176,0,20.076,0,1.004,1657,1069,2.090,1.650,0.930,2,0,1.004,0,0,11,32,0,17,0
13-03 03:02:09,22.758,3.001,73.026,0,0,1502824,800652,171900,5448924,2358.842,1458.520,0,0,0,0,1732,1256,2.090,1.650,0.930,2,0,0,0,0,11,32,0,17,0
13-03 03:02:10,22.692,3.491,72.813,0,0,1506712,796760,171900,5448932,2889.581,1615.851,0,3834.156,0,237.391,2076,1718,2.090,1.650,0.930,2,0,1.995,0,0,11,32,0,17,0
13-03 03:02:11,22.556,3.007,73.431,0.251,0,1443176,860284,171900,5448944,2826.975,1624.007,0,296.732,0,18.045,1738,1187,2.090,1.650,0.930,2,0,1.002,0,0,11,32,0,13,0
13-03 03:02:12,22.650,3.236,73.177,0,0,1447088,856392,171900,5448924,4348.805,1612.881,0,35.842,0,3.982,1784,1159,2,1.640,0.930,1,0,1.991,0,0,11,32,0,13,0
13-03 03:02:13,22.811,3.008,73.697,0,0,1405064,898416,171900,5448924,4271.421,1624.343,0,280.751,0,55.147,1754,1101,2,1.640,0.930,2,0,1.003,0,0,11,32,0,13,0
13-03 03:02:14,22.705,3.493,72.607,0,0,1427604,875868,171900,5448932,2574.935,1616.820,0,0,0,0,1832,1343,2,1.640,0.930,2,0,0.998,0,0,11,32,0,13,0
13-03 03:02:15,22.744,2.999,73.730,0,0,1471144,832328,171900,5448932,2536.315,1619.563,0,11.997,0,1.000,1743,1149,2,1.640,0.930,2,0,1.999,0,0,11,32,0,11,0
13-03 03:02:16,22.854,2.763,73.585,0,0,1472316,831144,171900,5448944,2368.777,1464.663,0,4.018,0,1.005,1696,1173,2,1.640,0.930,2,0,1.005,0,0,11,32,0,11,0
13-03 03:02:17,29.169,6.482,63.076,0,0,1462768,840720,171900,5448916,2632.723,1615.534,0,0,0,0,2869,9486,1.920,1.630,0.930,3,0,37.895,0,0,11,32,0,12,0
13-03 03:02:18,23.495,2.250,73.486,0,0,1408556,894900,171904,5448944,2579.493,1619.682,0,67.987,0,2.999,1667,1092,1.920,1.630,0.930,3,0,1.000,0,0,11,32,0,12,0
13-03 03:02:19,23.031,3.004,73.599,0,0,1463140,840404,171904,5448856,2523.406,1622.190,0,136.184,0,30.041,1672,1213,1.920,1.630,0.930,2,0,1.001,0,0,11,32,0,12,0
13-03 03:02:20,21.976,3.746,72.420,0.250,0,1492548,810988,171904,5448864,2654.062,1618.209,0,243.730,0,12.986,1862,1484,1.920,1.630,0.930,2,0,1.998,0,0,11,32,0,8,0
13-03 03:02:21,23.522,2.753,73.318,0,0,1436332,867112,171908,5448952,2702.491,1621.495,0,396.365,0,25.023,1749,1266,1.920,1.630,0.930,2,0,1.001,0,0,11,32,0,8,0
13-03 03:02:22,22.496,3.000,72.988,0,0,1452928,850512,171908,5448956,2939.515,1619.732,0,15.997,0,2.000,1781,1252,1.850,1.620,0.930,2,0,1.000,0,0,11,32,0,8,0
13-03 03:02:23,22.729,3.497,73.181,0,0,1466516,836944,171908,5448936,2415.729,1456.631,0,0,0,0,1688,1162,1.850,1.620,0.930,3,0,0,0,0,11,32,0,8,0
13-03 03:02:24,22.530,3.505,73.597,0,0,1489640,813820,171908,5448936,2583.422,1622.149,0,140.186,0,28.037,1766,1197,1.850,1.620,0.930,3,0,3.004,0,0,11,32,0,5,0
13-03 03:02:25,22.230,3.247,73.185,0,0,1451564,851876,171908,5448956,2594.697,1618.564,0,19.982,0,1.998,1782,1224,1.850,1.620,0.930,3,0,0.999,0,0,11,32,0,5,0
13-03 03:02:26,23.501,3.000,73.004,0,0,1454848,848592,171908,5448956,2760.135,1620.079,0,80.004,0,3.000,1694,1079,1.850,1.620,0.930,3,0,1.000,0,0,11,32,0,5,0
13-03 03:02:27,22.270,3.753,73.565,0,0,1455648,847804,171908,5448944,3002.662,1663.475,0,0,0,0,1719,1226,1.780,1.610,0.930,2,0,0,0,0,11,32,0,5,0
13-03 03:02:28,22.228,3.247,73.426,0,0,1484448,819004,171908,5448944,2877.110,1618.374,0,15.984,0,1.998,1736,1118,1.780,1.610,0.930,2,0,1.998,0,0,11,32,0,4,0
13-03 03:02:29,13.523,16.779,69.368,0,0,1447700,855696,171908,5449000,2542.329,1460.487,0,192.327,0,8.014,4708,3444,1.780,1.610,0.930,1,0,325.554,0,0,11,32,0,4,0
13-03 03:02:30,16.250,10.250,71.748,0,0,1476536,826840,171908,5449020,4444.894,1619.962,0,423.990,0,41.999,3341,2812,1.780,1.610,0.930,1,0,134.997,0,0,11,32,0,4,0
13-03 03:02:31,22.883,2.985,73.375,0.497,0,1505756,797620,171912,5449016,2925.055,1653.552,0,529.296,0,29.848,1732,1233,1.780,1.610,0.930,2,0,0,0,0,11,32,0,4,0
13-03 03:02:32,22.792,2.755,73.634,0,0,1461624,841504,171912,5449264,2584.708,1622.956,0,0,0,0,1712,1176,1.720,1.600,0.930,1,0,9.016,0,0,11,32,0,3,0
13-03 03:02:33,22.731,2.998,73.689,0,0,1510740,792388,171912,5449264,2637.814,1618.658,0,0,0,0,1494,1083,1.720,1.600,0.930,2,0,0,0,0,11,32,0,3,0
13-03 03:02:34,19.827,9.537,69.771,0,0,1487632,815368,171912,5449392,2590.050,1626.310,40.156,8.031,2.008,2.008,2919,2148,1.720,1.600,0.930,1,0,158.615,0,0,11,32,0,3,0
13-03 03:02:35,9.517,20.537,68.875,0,0,1460400,842568,171912,5449420,4164.533,1622.936,0,176.319,0,8.014,5589,4178,1.720,1.600,0.930,1,0,393.712,0,0,11,32,0,3,0
13-03 03:02:36,7.742,22.476,67.929,0,0,1449956,852972,171912,5449436,2355.528,1456.471,0,239.748,0,3.996,5792,4358,1.720,1.600,0.930,1,0,424.554,0,0,11,32,0,1,0
13-03 03:02:37,8.508,22.272,68.067,0,0,1433568,869320,171912,5449468,2582.538,1621.594,0,432.425,0,7.007,5856,4374,1.820,1.620,0.940,3,0,427.420,0,0,11,32,0,1,0
13-03 03:02:38,8.750,22.001,68.502,0,0,1418316,884548,171912,5449488,4503.127,1620.046,0,920.026,0,10.000,5758,4189,1.820,1.620,0.940,2,0,419.012,0,0,11,32,0,1,0
13-03 03:02:39,8.250,22.750,67.751,0,0,1408188,894648,171912,5449512,2824.041,1714.025,0,1104.016,0,12.000,5783,4210,1.820,1.620,0.940,2,0,420.006,0,0,11,32,0,1,0
13-03 03:02:40,8.723,20.935,68.785,0,0,1390716,912084,171912,5449540,2887.967,1614.949,0,877.256,0,39.875,5685,4055,1.820,1.620,0.940,3,0,386.790,0,0,11,32,0,1,0
13-03 03:02:41,7.768,20.548,69.912,0,0,1380692,922064,171912,5449568,4450.299,1623.758,0,392.909,0,37.086,5878,4327,1.820,1.620,0.940,1,0,425.986,0,0,11,32,0,1,0
13-03 03:02:42,8.506,21.014,69.797,0,0,1363264,939468,171912,5449592,2701.819,1621.091,0,436.294,0,9.006,5530,4092,1.750,1.610,0.940,3,0,369.249,0,0,11,32,0,1,0
13-03 03:02:43,7.994,22.984,67.203,0,0,1355972,946736,171912,5449616,2596.182,1456.980,0,59.958,0,13.990,5830,4320,1.750,1.610,0.940,3,0,442.690,0,0,11,32,0,1,0
13-03 03:02:44,9.506,20.763,68.294,0,0,1332068,970588,171912,5449652,2641.697,1621.042,0,16.010,0,4.003,5608,4246,1.750,1.610,0.940,1,0,386.248,0,0,11,32,0,1,0
13-03 03:02:45,26.961,28.210,43.438,0,0,1374652,927916,171912,5449732,2653.207,1617.687,0,810.841,0,43.937,6652,5666,1.750,1.610,0.940,5,0,584.165,0,0,11,34,0,3,0
13-03 03:02:46,63.163,16.228,20.472,0.250,0,1517220,785292,171928,5449740,2516.552,1617.783,0,1106.484,0,159.781,4608,3070,1.750,1.610,0.940,4,0,205.718,0,0,11,32,0,7,0
13-03 03:02:47,65.570,8.759,24.026,1.001,0,1643096,656572,172084,5452100,2582.769,1621.739,0,3736.006,0,297.319,4769,3907,1.850,1.630,0.950,4,1,18.019,0,0,11,34,0,7,0
13-03 03:02:48,55.447,9.241,23.977,9.741,0,1659560,630924,172928,5459528,2757.384,1618.464,371.647,50096.468,2.997,3607.577,14966,27355,1.850,1.630,0.950,5,0,61.941,0,0,11,36,0,9,0
13-03 03:02:49,42.649,12.720,31.925,10.475,0,1655240,626008,173268,5468132,2813.367,1616.189,0,61506.978,0,4512.361,17293,33707,1.850,1.630,0.950,3,2,149.647,0,0,11,36,0,9,0
13-03 03:02:50,45.223,9.045,30.400,12.059,0,1654952,616980,173636,5476716,4122.323,3446.994,0,76058.972,0,5624.730,19085,37143,1.850,1.630,0.950,2,1,51.253,0,0,11,37,0,9,0
13-03 03:02:51,46.442,9.987,32.459,9.987,0,1651820,611940,173888,5484420,9446.141,7854.140,0,68581.901,0,5226.439,18410,36131,1.850,1.630,0.950,2,1,41.947,0,0,11,37,0,9,0
13-03 03:02:52,40.056,18.526,30.042,8.261,0,1573444,684796,174192,5489380,6154.537,2825.920,0,45983.787,0,3278.548,15649,26494,1.950,1.650,0.960,4,0,284.395,0,0,11,34,0,10,0
13-03 03:02:53,48.943,20.476,19.977,8.989,0,1606156,646656,174396,5494720,2756.775,1618.107,295.654,46545.542,3.995,3387.037,15745,30289,1.950,1.650,0.960,3,0,193.773,0,0,11,34,0,10,0
13-03 03:02:54,46.813,16.272,26.536,8.261,0,1603076,646544,174520,5497280,8072.802,7301.771,749.002,43763.560,11.015,3396.545,15273,28494,1.950,1.650,0.960,1,0,138.185,0,0,11,35,0,10,0
13-03 03:02:55,32.748,10.749,43.247,10.749,0,1599748,645316,174656,5501568,13437.115,9541.372,895.941,51472.610,15.999,3813.749,18142,33560,1.950,1.650,0.960,2,0,130.991,0,0,11,35,0,10,0
13-03 03:02:56,34.423,8.481,44.899,9.229,0,1572056,673864,174748,5500604,9107.594,7563.055,0,39707.035,0,3688.735,15609,29705,1.950,1.650,0.960,2,1,47.893,0,0,11,34,0,10,0
13-03 03:02:57,37.585,9.020,40.341,11.276,0,1609640,633644,174940,5503000,4389.933,1623.674,0,41269.378,0,3595.134,13615,27154,2.030,1.680,0.970,2,0,39.088,0,0,11,34,0,10,0
13-03 03:02:58,34.719,7.244,44.461,11.240,0.250,1613452,629408,174996,5503344,7639.253,6495.264,0,44448.745,0,3806.638,14978,28922,2.030,1.680,0.970,3,0,26.976,0,0,11,37,0,10,0
13-03 03:02:59,37.782,5.505,45.788,8.007,0,1606528,634796,175076,5504772,12556.531,9548.008,0,35205.526,0,3039.549,14381,26741,2.030,1.680,0.970,2,0,30.025,0,0,11,37,0,10,0
13-03 03:03:00,38.152,6.483,43.389,9.725,0,1536508,702540,175168,5506896,10650.722,8868.287,0,40699.763,0,3590.803,16451,30507,2.030,1.680,0.970,3,0,55.857,0,0,11,36,0,11,0
13-03 03:03:01,34.032,11.010,40.288,11.010,0.250,1571832,664192,175236,5509772,4444.155,1621.516,0,51039.724,0,4022.761,16153,30148,2.030,1.680,0.970,2,1,111.104,0,0,11,36,0,11,0
13-03 03:03:02,32.578,9.450,43.768,11.191,0,1596664,636576,175320,5512388,8404.513,6627.917,0,59027.550,0,4723.000,17721,34197,2.030,1.680,0.980,3,1,47.747,0,0,11,37,0,11,0
13-03 03:03:03,35.247,8.308,43.555,10.574,0,1590120,640448,175356,5514960,8476.305,7419.914,0,51089.453,0,4131.909,17948,33299,2.030,1.680,0.980,1,0,87.613,0,0,11,37,0,11,0
13-03 03:03:04,34.498,7.500,45.247,10.499,0.250,1591184,637160,175408,5517052,12174.314,10174.426,0,40249.731,0,3711.791,17773,32976,2.030,1.680,0.980,4,0,42.998,0,0,11,37,0,11,0
13-03 03:03:05,36.687,9.733,40.181,10.732,0,1530940,702600,175424,5511828,3260.413,1629.208,0,45462.095,0,4075.017,16904,31987,2.030,1.680,0.980,1,1,38.933,0,0,11,36,0,11,0
13-03 03:03:06,37.356,6.973,43.084,9.962,0,1568296,664520,175468,5512500,4495.640,3895.956,0,53501.409,0,4073.271,14921,28705,2.030,1.680,0.980,2,0,38.850,0,0,11,35,0,13,0
13-03 03:03:07,33.615,13.045,52.680,0.251,0,1430708,802040,175472,5512564,11675.904,10220.931,0,3126.686,0,262.898,5808,5944,2.030,1.690,0.990,1,0,212.727,0,0,11,33,0,13,0
13-03 03:03:08,19.499,2.750,75.746,0.250,0,1430676,802040,175472,5512596,13115.353,11052.455,0,791.961,0,48.998,4655,5946,2.030,1.690,0.990,3,0,0,0,0,11,32,0,14,0
13-03 03:03:09,20.012,5.503,73.792,0,0,1429808,802904,175472,5512600,2761.588,1620.932,0,120.069,0,8.005,2240,1515,2.030,1.690,0.990,2,0,55.032,0,0,11,32,0,14,0
13-03 03:03:10,18.884,2.485,76.777,0,0,1459864,772844,175472,5512604,8015.585,6622.176,0,151.069,0,15.902,1953,1748,2.030,1.690,0.990,2,0,0,0,0,11,33,0,14,0
13-03 03:03:11,21.155,4.030,74.296,0.252,0,1424008,808324,175476,5512976,6749.579,5480.256,0,3066.525,0,157.154,3507,3915,2.030,1.690,0.990,1,0,34.252,0,0,11,32,0,15,0
13-03 03:03:12,22.200,3.742,73.333,0,0,1435964,796368,175476,5512976,2651.977,1454.696,0,71.837,0,4.989,1768,1313,1.940,1.680,0.990,2,0,0,0,0,11,32,0,15,0
13-03 03:03:13,16.499,2.000,79.995,0,0,1448624,783704,175476,5512980,8173.497,7374.546,0,0,0,0,1748,1444,1.940,1.680,0.990,2,0,0,0,0,11,33,0,15,0
13-03 03:03:14,19.484,6.745,72.941,0,0,1444500,787824,175476,5512984,4593.283,2586.906,0,99.919,0,11.990,2971,2703,1.940,1.680,0.990,2,0,60.951,0,0,11,32,0,16,0
13-03 03:03:15,20.748,2.250,75.744,0.250,0,1483292,749020,175476,5512996,4509.636,3591.710,0,187.985,0,17.999,1782,1537,1.940,1.680,0.990,1,0,0,0,0,11,33,0,16,0
13-03 03:03:16,20.060,2.758,75.977,0.501,0,1474396,757768,175476,5513144,11414.113,9975.814,0,726.170,0,59.177,3556,4127,1.940,1.680,0.990,3,0,0,0,0,11,33,0,16,0
13-03 03:03:17,26.427,8.726,63.824,0,0,1463920,768236,175476,5513152,3606.036,1812.990,0,7.978,0,0.997,3259,10330,1.870,1.660,0.990,2,0,78.782,0,0,11,32,0,18,0
13-03 03:03:18,19.010,2.251,77.793,0,0,1502788,729360,175476,5513160,9596.264,6769.713,0,0,0,0,1880,1566,1.870,1.660,0.990,2,0,0,0,0,11,33,0,18,0
13-03 03:03:19,17.665,2.239,78.122,0,0,1495744,736252,175476,5513308,8237.161,7114.590,0,222.922,0,17.913,3187,3837,1.870,1.660,0.990,3,0,0,0,0,11,32,0,19,0
13-03 03:03:20,12.343,18.136,69.019,0.252,0,1447944,783900,175476,5513460,2677.115,1632.264,0,249.878,0,14.106,5030,3724,1.870,1.660,0.990,1,0,364.741,0,0,11,32,0,19,0
13-03 03:03:21,30.500,22.250,46.000,0,0,1440792,790840,175492,5513656,4139.961,1619.985,0,795.993,0,58.999,6161,5103,1.870,1.660,0.990,3,0,434.996,0,0,11,32,0,24,0
13-03 03:03:22,66.478,8.997,23.742,0.250,0.250,1549732,681548,175512,5513988,2459.185,1619.463,0,4502.508,0,49.983,3873,1689,1.960,1.690,1,3,0,2.999,0,0,11,32,0,24,0
13-03 03:03:23,68.458,6.970,23.898,0,0,1663536,565444,175588,5516020,2630.780,1613.120,0,2549.128,0,198.155,3843,1413,1.960,1.690,1,4,0,0,0,0,11,32,0,24,0
13-03 03:03:24,68.309,7.032,23.858,0.502,0,1777492,448544,175692,5518632,2712.261,1627.356,0,4833.851,0,137.622,4059,1807,1.960,1.690,1,3,0,7.032,0,0,11,32,0,24,0
13-03 03:03:25,46.999,7.750,34.749,8.500,0,1781428,435200,175804,5527448,4770.889,1619.962,0,48150.879,0,3471.919,15629,27600,1.960,1.690,1,3,0,128.997,0,0,11,38,0,24,0
13-03 03:03:26,31.158,6.979,44.619,12.962,0,1781684,424392,175888,5537520,2562.457,1453.721,0,70803.576,0,5325.324,21906,41884,1.960,1.690,1,4,1,227.331,0,0,11,38,0,24,0
13-03 03:03:27,27.583,8.526,47.643,13.290,0,1781860,416328,175936,5545108,2948.863,1667.010,0,86387.643,0,6679.074,22816,44904,2.040,1.710,1.010,4,3,150.452,0,0,11,38,0,24,0
13-03 03:03:28,44.129,11.718,30.167,11.219,0,1695472,495208,176016,5552268,2572.946,1615.571,0,70961.443,0,5260.577,19678,38475,2.040,1.710,1.010,4,0,230.368,0,0,11,36,0,24,0
13-03 03:03:29,48.888,8.524,30.586,9.527,0,1736148,446560,176080,5559876,2587.316,1624.594,0,57181.700,0,4093.576,15899,30398,2.040,1.710,1.010,7,0,82.233,0,0,11,36,0,24,0
13-03 03:03:30,42.167,9.980,31.438,12.975,0,1773000,396792,176100,5572280,2711.679,1616.827,0,81787.504,0,5445.314,18657,36950,2.040,1.710,1.010,2,1,0,0,0,11,36,0,24,0
13-03 03:03:31,43.309,11.015,30.041,12.767,0,1808984,356632,176112,5576320,2763.749,1664.258,0,80941.796,0,5944.063,20589,41329,2.040,1.710,1.010,1,1,74.101,0,0,11,38,0,24,0
13-03 03:03:32,46.066,9.462,35.359,6.225,0,1715784,447452,176116,5578588,2509.991,1613.565,0,42438.765,0,3249.044,13772,24499,2.360,1.780,1.040,3,0,134.464,0,0,11,36,0,24,0
13-03 03:03:33,24.015,14.509,59.287,1.751,0,1435156,728040,176116,5578612,5541.422,1458.901,0,12695.840,0,745.460,5493,6045,2.360,1.780,1.040,3,0,249.154,0,0,11,32,0,24,0
13-03 03:03:34,23.237,2.998,72.709,0,0,1472428,690772,176116,5578608,2638.527,1619.096,0,831.536,0,53.970,1891,1503,2.360,1.780,1.040,5,0,1.999,0,0,11,32,0,24,0
13-03 03:03:35,23.045,3.256,72.391,1.002,0,1515680,647516,176116,5578608,2662.185,1623.162,0,5202.132,0,308.601,2340,2367,2.360,1.780,1.040,2,0,2.004,0,0,11,32,0,24,0
13-03 03:03:36,24.917,1.495,72.757,0,0,1527852,635336,176116,5578616,2511.599,1614.600,0,143.520,0,11.960,2109,1747,2.360,1.780,1.040,4,0,0,0,0,11,34,0,24,0
13-03 03:03:37,20.777,5.007,73.096,0,0,1496340,666848,176116,5578616,2643.476,1622.133,0,40.053,0,4.005,2183,1447,2.250,1.770,1.040,2,0,28.037,0,0,11,32,0,24,0
13-03 03:03:38,23.025,2.753,73.328,0,0,1536912,626276,176116,5578616,2462.626,1621.729,0,0,0,0,1685,1074,2.250,1.770,1.040,2,0,0,0,0,11,32,0,24,0
13-03 03:03:39,23.665,2.242,72.988,0.249,0,1559440,603748,176116,5578616,2754.126,1707.877,0,223.200,0,39.857,1878,1434,2.250,1.770,1.040,3,0,1.993,0,0,11,34,0,24,0
13-03 03:03:40,16.860,25.416,57.375,0,0,1495116,668044,176116,5578644,2571.796,1467.585,0,334.183,0,22.145,5355,4453,2.250,1.770,1.040,3,0,549.589,0,0,11,32,0,24,0
13-03 03:03:41,12.006,35.017,51.025,0,0,1479876,683228,176116,5578700,4322.084,1620.781,0,276.133,0,19.009,6957,6007,2.250,1.770,1.040,1,0,788.380,0,0,11,32,0,24,0
13-03 03:03:42,8.250,22.251,68.254,0,0,1473168,689876,176116,5578760,4440.265,1620.097,0,576.034,0,22.001,5778,4096,2.150,1.750,1.040,1,0,424.025,0,0,11,32,0,24,0
13-03 03:03:43,8.227,19.695,70.055,0,0,1459780,703228,176116,5578796,2752.326,1615.496,0,0,0,0,5374,3741,2.150,1.750,1.040,2,0,319.110,0,0,11,32,0,24,0
13-03 03:03:44,10.017,22.036,67.111,0,0,1429504,733456,176116,5578824,2884.759,1622.677,0,32.053,0,8.013,5420,3868,2.150,1.750,1.040,2,0,321.530,0,0,11,32,0,24,0
13-03 03:03:45,17.525,18.025,63.088,0.250,0,1410240,752660,176116,5579304,2780.899,1622.275,0,849.191,0,127.178,6915,8594,2.150,1.750,1.040,5,0,256.359,0,0,11,32,0,24,0
13-03 03:03:46,36.599,13.195,48.798,0.498,0,1447600,715264,176120,5579232,2808.393,1613.332,0,1083.522,0,179.259,4163,2934,2.150,1.750,1.040,3,0,132.453,0,0,11,33,0,21,0
13-03 03:03:47,44.029,6.716,48.258,0,0,1516384,646376,176124,5579436,2525.333,1450.723,0,7.960,0,1.990,2679,1423,2.140,1.760,1.040,3,0,0,0,0,11,33,0,21,0
13-03 03:03:48,44.652,6.559,48.941,0,0,1580660,582072,176124,5579464,2724.532,1634.719,0,0,0,0,2683,1343,2.140,1.760,1.040,3,0,0,0,0,11,35,0,21,0
13-03 03:03:49,45.790,4.728,48.278,0,0,1613324,549060,176148,5579784,2568.207,1612.595,0,692.819,0,52.758,3799,3275,2.140,1.760,1.040,4,0,18.913,0,0,11,49,0,21,0
13-03 03:03:50,42.410,9.034,47.931,0.251,0,1642048,516140,176196,5583548,2907.977,1626.138,0,1377.199,0,112.424,6108,8725,2.140,1.760,1.040,2,0,58.220,0,0,11,48,0,16,0
13-03 03:03:51,11.004,20.507,66.023,0,0,1650760,507356,176200,5583988,2820.970,1620.557,0,96.033,0,3.001,6410,6222,2.140,1.760,1.040,2,0,345.119,0,0,11,48,0,16,0
13-03 03:03:52,19.196,9.224,70.552,0,0,1648148,509928,176200,5583576,2692.456,1615.474,0,993.217,0,96.729,4224,5281,2.050,1.750,1.040,1,0,90.746,0,0,11,48,0,16,0
13-03 03:03:53,0.500,1.000,97.799,0,0,1648148,509928,176200,5583576,2479.237,1458.728,0,0,0,0,664,894,2.050,1.750,1.040,1,0,3.001,0,0,11,48,0,16,0
13-03 03:03:54,0.500,0.250,97.451,0,0,1647696,510380,176200,5583576,2758.623,1619.192,0,0,0,0,746,985,2.050,1.750,1.040,1,0,2.999,0,0,11,48,0,15,0
13-03 03:03:55,0.750,0.250,98.301,0,0,1647136,510940,176200,5583576,2778.447,1620.844,0,0,0,0,624,934,2.050,1.750,1.040,1,0,2.001,0,0,11,48,0,15,0
13-03 03:03:56,1.003,0.752,97.747,0,0,1646696,511384,176200,5583568,2526.372,1624.097,0,4.010,0,1.003,693,974,2.050,1.750,1.040,2,0,2.005,0,0,11,48,0,15,0
13-03 03:03:57,15.727,11.982,70.397,0,0,1602064,555892,176200,5583700,2456.403,1617.631,0,2148.854,0,18.972,4927,5673,1.960,1.730,1.040,1,0,195.713,0,0,11,48,0,15,0
13-03 03:03:58,16.757,13.255,68.276,0,0,1635928,522004,176200,5583700,2400.931,1620.629,0,8.003,0,2.001,5036,6256,1.960,1.730,1.040,2,0,187.073,0,0,11,48,0,15,0
13-03 03:03:59,14.985,21.479,62.439,0.250,0,1685840,472000,176200,5584108,2996.064,1856.181,0,595.416,0,38.962,6545,6205,1.960,1.730,1.040,7,0,361.646,0,0,12,64,0,15,0
13-03 03:04:00,22.465,14.228,50.921,10.983,0,1672244,482840,176236,5586456,2311.393,1455.728,2476.136,5171.929,46.927,393.386,6046,7494,1.960,1.730,1.040,1,1,177.723,0,0,12,64,0,15,0
13-03 03:04:01,19.773,8.009,63.072,8.259,0,1668796,483828,176284,5588820,2582.955,1621.855,2466.822,296.339,44.050,11.013,2989,2447,1.960,1.730,1.040,3,0,151.173,0,0,12,64,0,15,0
13-03 03:04:02,27.282,18.021,51.560,2.253,0,1676636,473340,176304,5591668,2815.288,1842.151,2250.629,512.599,36.042,40.047,6940,8760,2.050,1.750,1.050,3,0,258.302,0,0,14,64,1,14,0
13-03 03:04:03,13.747,13.247,71.486,0,0,1679616,470304,176304,5591340,2639.485,1693.669,0,0,0,0,4294,3379,2.050,1.750,1.050,2,0,219.957,0,0,14,66,1,14,0
13-03 03:04:04,8.254,20.511,69.788,0,0,1666736,483148,176304,5591372,2701.458,1694.915,0,28.015,0,7.004,5313,3892,2.050,1.750,1.050,2,0,313.169,0,0,14,66,1,14,0
13-03 03:04:05,14.220,18.960,65.361,0,0,1655472,494392,176304,5591832,2771.105,1774.226,0,23.949,0,5.987,5994,6025,2.050,1.750,1.050,2,0,267.431,0,0,14,66,1,14,0
13-03 03:04:06,25.084,16.556,57.945,0,0.251,1687472,462360,176304,5591416,2426.155,1537.167,0,256.863,0,10.034,5512,6020,2.050,1.750,1.050,2,0,226.762,0,0,14,66,1,14,0
13-03 03:04:07,30.407,24.176,44.365,0,0,1738756,411016,176312,5591464,4366.686,1688.851,0,538.359,0,9.970,6051,4682,2.040,1.760,1.060,3,0,461.593,0,0,14,66,1,14,0
13-03 03:04:08,30.802,23.289,45.076,0,0,1800760,348632,176372,5591784,2894.889,1622.741,0,0,0,0,6087,4583,2.040,1.760,1.060,2,0,470.795,0,0,14,66,1,14,0
13-03 03:04:09,30.544,26.037,42.811,0,0,1883188,264872,176392,5592956,2643.794,1786.564,0,636.914,0,23.033,7047,7689,2.040,1.760,1.060,2,0,372.535,0,0,14,70,1,16,0
13-03 03:04:10,37.455,21.224,39.702,0.250,0,1957904,190136,176392,5593220,2833.587,1618.051,0,3300.025,0,214.741,6871,7389,2.040,1.760,1.060,5,0,221.733,0,0,14,70,1,13,0
13-03 03:04:11,62.394,19.716,17.969,0,0,2004288,143720,176400,5593408,2695.404,1617.242,0,0,0,0,4393,3463,2.040,1.760,1.060,7,0,285.513,0,0,14,70,1,13,0
13-03 03:04:12,63.400,25.059,11.026,0,0,2086888,135736,164604,5532664,2646.279,1623.853,180.428,2040.842,3.007,20.048,5956,6178,2.280,1.810,1.080,18,0,362.861,0,0,14,70,1,13,0
13-03 03:04:13,64.299,16.698,17.445,0.997,0,2154192,134412,162664,5469636,2603.858,1581.056,19.938,626.042,4.984,9.969,4895,5431,2.280,1.810,1.080,4,1,124.610,0,0,14,70,1,13,0
13-03 03:04:14,72.701,25.320,1.253,0.501,0,2224376,180064,162460,5356828,2633.271,1570.336,108.299,926.558,9.025,61.169,5252,4452,2.280,1.810,1.080,6,0,407.124,0,0,14,70,1,11,0
13-03 03:04:15,76.064,18.265,2.502,3.503,0,2320988,190608,162616,5252252,2779.327,1621.357,524.439,1949.632,73.061,30.025,6724,7513,2.280,1.810,1.080,7,0,241.202,0,0,14,74,1,11,0
13-03 03:04:16,69.489,22.665,3.487,2.989,0,2448776,138816,162640,5177564,2630.120,1613.937,107.596,9408.655,11.955,1010.205,9434,13191,2.280,1.810,1.080,6,1,237.109,0,0,14,74,1,11,0
13-03 03:04:17,69.115,25.793,4.257,1.002,0,2554684,171400,162556,5044972,2764.605,1622.703,16.027,26940.876,1.002,1951.250,12367,26790,2.580,1.880,1.100,9,0,333.556,0,0,14,76,1,11,0
13-03 03:04:18,69.614,22.036,7.011,0.501,0.250,2604868,116508,162668,5047440,2644.329,1622.656,32.052,9816.070,3.005,964.579,10993,24300,2.580,1.880,1.100,6,1,217.356,0,0,14,76,1,10,0
13-03 03:04:19,79.920,17.982,1.499,0.500,0,2659232,134016,162668,4976800,2637.363,1618.382,95.904,1466.534,2.997,67.932,7021,7959,2.580,1.880,1.100,8,0,183.816,0,0,14,80,1,14,0
13-03 03:04:20,61.859,21.950,9.728,5.238,0,2759580,170968,162676,4842540,2609.032,1544.467,75.827,1328.960,8.979,79.817,6984,10782,2.580,1.880,1.100,5,0,321.265,0,0,14,93,1,19,0
13-03 03:04:21,49.685,25.846,23.337,0,0,2807884,192724,162676,4774300,2712.089,1700.325,0,36.134,0,9.034,7982,10508,2.580,1.880,1.100,3,0,369.374,0,0,14,93,1,19,0
13-03 03:04:22,38.449,16.229,41.945,2.746,0,2853320,147152,162676,4774812,2516.683,1617.867,47.937,15.979,2.996,3.995,5503,7452,2.610,1.900,1.120,4,0,213.718,0,0,14,95,1,12,0
13-03 03:04:23,53.294,15.440,26.398,4.483,0,2946932,118580,162684,4711316,2510.296,1613.762,3107.986,5849.389,35.861,286.891,5763,8378,2.610,1.900,1.120,5,0,163.369,0,0,14,98,1,15,0
13-03 03:04:24,46.211,6.781,46.211,0,0,3033236,159564,162684,4586348,2772.681,1627.443,0,12.055,0,3.014,2892,1509,2.610,1.900,1.120,2,0,1.005,0,0,14,98,1,15,0
13-03 03:04:25,28.948,10.980,57.147,1.996,0,3064328,194948,162704,4521440,2772.010,1617.089,7.986,1429.427,1.996,81.853,4247,4115,2.610,1.900,1.120,3,0,126.772,0,0,14,101,1,15,0
13-03 03:04:26,8.007,19.018,71.066,0,0,3082264,176972,162704,4521480,2582.413,1621.515,8.007,11490.737,2.002,574.537,6226,4626,2.610,1.900,1.120,1,0,381.356,0,0,14,101,1,15,0
13-03 03:04:27,8.254,20.261,70.538,0.250,0,3084480,174724,162704,4521512,2719.450,1500.800,0,112.060,0,10.005,5604,4129,2.400,1.870,1.110,3,0,350.187,0,0,14,101,1,15,0
13-03 03:04:28,16.996,9.498,72.232,0,0,3123924,135272,162704,4521520,2639.351,1619.602,0,2291.437,0,310.924,3353,2402,2.400,1.870,1.110,1,0,132.967,0,0,14,101,1,15,0
13-03 03:04:29,19.168,2.987,75.925,0.747,0,3150028,174968,162708,4457616,8628.065,7314.687,95.591,513.801,7.966,8.962,2059,1760,2.400,1.870,1.110,3,0,0.996,0,0,14,104,1,15,0
13-03 03:04:30,22.608,4.270,72.094,0.502,0,3092800,232176,162708,4457636,20715.989,18890.265,4.019,3183.211,1.005,174.835,3195,3223,2.400,1.870,1.110,1,0,23.110,0,0,14,109,1,16,0
13-03 03:04:31,22.110,5.962,71.050,0.248,0,3144932,180012,162708,4457668,2981.138,1651.550,3.975,139.120,0.994,16.893,2391,1764,2.400,1.870,1.110,3,0,43.723,0,0,14,113,1,16,0
13-03 03:04:32,18.570,2.259,77.544,0,0,3163028,161908,162708,4457676,8757.161,7876.827,0,244.927,0,21.080,2037,1935,2.290,1.850,1.110,1,0,0,0,0,14,114,1,16,0
13-03 03:04:33,21.527,3.755,73.342,0.501,0,3164920,159668,162720,4457984,6582.219,1884.353,144.180,552.690,9.011,52.065,2614,2842,2.290,1.850,1.110,3,0,1.001,0,0,14,118,1,16,0
13-03 03:04:34,32.529,6.005,58.303,2.002,0,3196228,126696,162724,4459628,3162.854,1459.317,1457.315,1989.796,57.051,236.213,6252,9208,2.290,1.850,1.110,4,0,8.007,0,0,14,123,1,16,0
13-03 03:04:35,24.666,7.724,65.775,0.747,0,3142592,180144,162724,4459816,3990.339,2753.573,0,1411.169,0,123.577,4344,4619,2.290,1.850,1.110,2,0,114.608,0,0,14,128,1,18,0
13-03 03:04:36,22.700,3.243,73.088,0,0,3198780,123948,162724,4459824,2933.478,1616.406,0,411.086,0,25.942,1772,1274,2.290,1.850,1.110,2,0,0,0,0,14,128,1,18,0
13-03 03:04:37,18.078,2.009,78.339,0.251,0,3201068,121648,162728,4459832,9467.933,8064.867,4.017,2161.344,1.004,128.556,2212,2274,2.110,1.820,1.100,2,0,0,0,0,14,129,1,18,0
13-03 03:04:38,19.017,3.753,75.067,0.250,0,3203236,185940,162728,4395344,5092.571,3683.306,8.007,532.478,2.002,59.053,2862,3525,2.110,1.820,1.100,2,0,0,0,0,14,129,1,18,0
13-03 03:04:39,32.843,9.952,55.236,0.746,0,3200156,188964,162732,4395380,4321.344,2894.166,0,832.023,0,89.572,4840,5425,2.110,1.820,1.100,3,0,93.553,0,0,14,128,1,19,0
13-03 03:04:40,44.811,8.011,46.814,0.250,0,3272100,179516,162732,4333944,3021.113,1622.208,0,288.393,0,15.020,2988,1634,2.110,1.820,1.100,3,0,5.007,0,0,14,128,1,19,0
13-03 03:04:41,33.741,4.499,59.983,0.250,0,3322432,128988,162732,4334140,26251.765,23937.403,187.948,1171.677,2.999,71.980,2789,2024,2.110,1.820,1.100,2,0,0,0,0,14,129,1,19,0
13-03 03:04:42,20.697,5.486,72.315,0,0,3276460,174944,162732,4334156,3124.026,1747.539,0,1089.220,0,10.972,2397,1647,2.020,1.810,1.100,2,0,54.860,0,0,14,128,1,20,0
13-03 03:04:43,18.805,2.507,77.729,0,0,3309332,142072,162732,4334156,8684.549,7367.675,0,3678.823,0,15.044,1692,1258,2.020,1.810,1.100,2,0,0,0,0,14,129,1,20,0
13-03 03:04:44,36.727,10.243,51.967,0.500,0,3393740,121720,162732,4271676,20520.896,18566.144,39.974,447.714,3.997,31.980,7788,11818,2.020,1.810,1.100,3,0,88.943,0,0,14,136,1,25,0
13-03 03:04:45,23.458,3.244,71.872,0.250,0,3437100,141536,162732,4210024,2772.054,1617.114,15.972,235.580,3.993,19.964,2087,1740,2.020,1.810,1.100,3,0,0,0,0,14,136,1,25,0
13-03 03:04:46,16.575,3.014,78.354,0.753,0,3432208,146364,162732,4210088,9299.999,8143.777,4.018,1916.656,1.005,204.925,2664,3071,2.020,1.810,1.100,3,1,0,0,0,14,137,1,25,0
13-03 03:04:47,19.772,7.258,71.829,0.250,0,3378464,200096,162732,4210100,3774.134,2608.858,0,1469.610,0,199.218,3219,2781,2.020,1.810,1.110,2,0,82.090,0,0,14,136,1,26,0
13-03 03:04:48,19.373,1.739,76.498,0,0,3402640,175920,162732,4210100,5080.653,3984.845,0,917.975,0,14.902,1727,1313,2.020,1.810,1.110,2,0,0,0,0,14,137,1,26,0
13-03 03:04:49,21.592,5.272,73.061,0.251,0,3378844,199688,162732,4210128,23820.443,22139.283,0,1016.328,0,67.287,2952,2562,2.020,1.810,1.110,2,0,56.240,0,0,14,136,1,27,0
13-03 03:04:50,22.994,3.999,72.481,0,0,3408484,170044,162736,4210128,3256.135,1619.570,0,299.920,0,25.993,2077,1737,2.020,1.810,1.110,2,0,1.000,0,0,14,136,1,27,0
13-03 03:04:51,18.497,1.750,78.488,0,0,3421384,157140,162736,4210132,8717.634,7973.750,0,0,0,0,1715,1268,2.020,1.810,1.110,1,0,0,0,0,14,137,1,27,0
13-03 03:04:52,23.475,5.744,66.678,2.248,0,3423868,154380,162736,4210408,3834.886,1995.859,15.983,6525.000,0.999,560.399,6801,10971,1.930,1.800,1.100,2,0,0.999,0,0,14,140,1,27,0
13-03 03:04:53,24.323,6.519,66.699,0.501,0,3343860,234300,162736,4210496,3873.568,2772.279,64.192,1448.325,4.012,116.347,4757,6163,1.930,1.800,1.100,2,0,53.159,0,0,14,139,1,29,0
13-03 03:04:54,23.931,2.742,72.292,0.249,0,3383600,194552,162736,4210504,4437.223,1615.348,0,458.679,0,30.911,1895,1428,1.930,1.800,1.100,3,0,0.997,0,0,14,141,1,29,0
13-03 03:04:55,19.033,2.254,77.887,0.250,0,3391884,186248,162736,4210524,12857.580,9854.306,4.007,2444.293,1.002,151.266,2283,2337,1.930,1.800,1.100,3,0,0,0,0,14,142,1,29,0
13-03 03:04:56,20.514,5.754,71.049,1.251,0,3393852,184232,162736,4210572,4525.118,3522.427,0,1024.706,0,115.079,4420,5809,1.930,1.800,1.100,2,0,0,0,0,14,142,1,29,0
13-03 03:04:57,30.539,5.507,61.578,0.751,0,3396900,180984,162736,4210772,3654.622,2489.148,0,2274.877,0,297.376,6152,8462,1.860,1.790,1.100,2,0,0,0,0,14,141,1,30,0
13-03 03:04:58,27.527,5.505,65.314,0.250,0,3372160,205696,162736,4210784,2642.593,1621.591,0,480.471,0,33.032,3287,3197,1.860,1.790,1.100,1,0,69.068,0,0,14,141,1,30,0
13-03 03:04:59,19.665,2.240,76.670,0,0,3402856,174992,162736,4210792,8263.389,7380.195,0,282.781,0,13.940,1768,1331,1.860,1.790,1.100,3,0,0,0,0,14,142,1,30,0
13-03 03:05:00,19.342,5.777,72.845,1.256,0,3386704,191092,162772,4210808,9832.529,5396.537,32.152,3874.334,6.029,279.322,4025,5041,1.860,1.790,1.100,1,0,49.233,0,0,14,141,1,31,0
13-03 03:05:01,19.909,6.968,71.923,0,0,3431296,146472,162772,4210836,2807.231,1612.665,0,0,0,0,2520,1917,1.860,1.790,1.100,2,0,97.556,0,0,14,141,1,31,0
13-03 03:05:02,20.056,2.507,75.963,0.251,0,3445700,131936,162772,4210964,8621.184,7364.659,128.360,88.248,1.003,9.025,2048,1666,1.790,1.770,1.100,4,0,4.011,0,0,14,142,0,31,0
13-03 03:05:03,23.888,3.981,70.668,0.746,0,3440088,137492,162780,4210996,9116.225,7501.801,0,991.348,0,79.626,4579,5782,1.790,1.770,1.100,2,0,0,0,0,14,142,0,31,0
13-03 03:05:04,23.832,6.522,67.231,0.502,0,3436332,141220,162780,4211024,2950.122,1625.577,0,1469.040,0,152.523,5067,6633,1.790,1.770,1.100,2,0,2.007,0,0,14,142,0,31,0
13-03 03:05:05,43.267,8.753,44.017,2.751,0,3401260,175576,162800,4211720,4512.724,3319.268,620.237,1256.480,114.044,141.054,10902,17894,1.790,1.770,1.100,4,0,7.003,0,0,14,145,0,32,0
13-03 03:05:06,35.920,17.212,44.152,0.998,0,3437536,139004,162800,4211952,3171.934,1943.670,0,6908.610,0,446.006,8170,11065,1.790,1.770,1.100,2,0,283.369,0,0,14,145,0,32,0
13-03 03:05:07,21.015,3.002,74.803,0,0,3479812,158992,162792,4151284,4181.964,3608.558,0,4.003,0,1.001,1728,1214,1.730,1.760,1.100,2,0,0,0,0,14,146,0,32,0
13-03 03:05:08,19.576,5.521,74.538,0,0,3414904,223880,162796,4151300,8479.712,7190.739,0,8.031,0,2.008,2663,2228,1.730,1.760,1.100,2,0,62.240,0,0,14,145,0,33,0
13-03 03:05:09,8.501,19.503,70.011,0,0,3375528,263220,162800,4151348,2428.364,1620.243,12.002,284.043,3.000,11.002,5557,4157,1.730,1.760,1.100,1,0,320.048,0,0,14,145,0,33,0
13-03 03:05:10,11.748,21.997,65.490,0,0.250,3356552,282172,162808,4151708,4276.376,1619.764,0,235.966,0,20.997,6419,6484,1.730,1.760,1.100,11,0,320.953,0,0,14,145,0,33,0
13-03 03:05:11,22.455,12.725,62.127,0,0.250,3359800,278916,162808,4151380,2754.535,1616.793,0,3.992,0,0.998,4682,4953,1.730,1.760,1.100,2,0,133.735,0,0,14,145,0,33,0
13-03 03:05:12,31.541,22.780,45.560,0.250,0,3415948,222732,162808,4151412,4205.513,1622.127,0,2767.628,0,352.462,6209,4706,1.750,1.760,1.110,4,0,407.534,0,0,14,145,0,31,0
13-03 03:05:13,34.200,21.968,41.689,0,0,3466556,171832,162816,4152148,2664.120,1687.543,15.977,27.959,2.996,6.990,6429,5678,1.750,1.760,1.110,3,0,340.504,0,0,14,147,0,31,0
13-03 03:05:14,35.824,13.528,49.603,0,0,3498124,139972,162820,4152296,2483.142,1461.026,68.141,757.569,5.010,31.064,5825,7272,1.750,1.760,1.110,6,0,162.336,0,0,16,151,0,30,0
13-03 03:05:15,61.729,26.491,11.996,0,0.250,3620384,136140,162828,4036896,2776.053,1619.448,11.996,327.888,2.999,25.991,7452,12286,1.750,1.760,1.110,5,0,450.846,0,0,16,157,0,30,0
13-03 03:05:16,53.637,26.942,18.538,0,0.247,3700564,146928,162828,3946792,2610.156,1690.669,3.955,703.951,0.989,49.435,5782,6331,1.750,1.760,1.110,3,0,359.885,0,0,16,157,0,30,0
13-03 03:05:17,64.273,15.436,19.484,0,0,3753560,137388,162828,3903556,2975.776,1682.224,12.146,599.204,3.037,28.341,7883,11943,1.850,1.780,1.120,2,0,152.837,0,0,16,173,0,30,0
13-03 03:05:18,42.690,24.965,31.955,0.250,0,3809644,135556,162832,3850216,2816.031,1617.720,11.983,335.527,1.997,23.966,6750,12192,1.850,1.780,1.120,4,0,460.351,0,0,16,173,0,31,0
13-03 03:05:19,31.922,22.944,44.143,0.249,0,3841800,147280,162832,3806920,2932.868,1616.070,3.990,2158.750,0.998,30.925,6380,5328,1.850,1.780,1.120,2,0,414.991,0,0,16,173,0,31,0
13-03 03:05:20,23.520,16.514,57.799,0,0,3852036,136812,162832,3807480,2691.267,1513.275,12.010,544.459,3.003,44.037,6192,8061,1.850,1.780,1.120,5,0,269.227,0,0,17,173,0,23,0
13-03 03:05:21,25.827,18.305,54.413,0,0,3881452,159340,162832,3756164,2661.970,1640.913,0,200.601,0,9.027,5127,4722,1.850,1.780,1.120,2,0,265.796,0,0,17,173,0,23,0
13-03 03:05:22,31.995,22.996,44.743,0.250,0,3924264,171060,162832,3703048,2639.565,1619.733,0,183.970,0,16.997,6013,4493,2.020,1.820,1.130,2,0,374.938,0,0,17,173,0,23,0
13-03 03:05:23,43.460,15.894,39.239,0,0,3967764,127308,162840,3703736,2741.732,1609.278,23.841,321.856,4.967,17.881,6812,7800,2.020,1.820,1.130,3,0,183.776,0,0,17,179,0,23,0
13-03 03:05:24,41.897,23.583,33.367,0.753,0,4055724,147368,162848,3597788,2769.732,1625.713,176.621,714.511,7.025,54.190,7764,9765,2.020,1.820,1.130,3,0,373.312,0,0,17,191,0,18,0
13-03 03:05:25,30.350,27.090,42.139,0,0,4105668,177036,162852,3519896,2976.843,1625.374,56.186,192.637,4.013,17.056,6444,5530,2.020,1.820,1.130,4,0,477.579,0,0,17,191,0,18,2
13-03 03:05:26,34.961,22.974,40.455,0.250,0,4174056,138392,162852,3491156,2756.909,1708.085,11.987,795.109,2.997,42.952,7205,8703,2.020,1.820,1.130,4,0,421.527,0,0,17,197,0,18,2
13-03 03:05:27,15.727,21.468,61.160,0.250,0,4187468,124276,162852,3492292,2995.585,1617.616,0,12293.882,0,913.653,7953,8397,2.020,1.830,1.140,8,0,361.467,0,0,17,213,0,18,2
13-03 03:05:28,23.050,13.529,61.633,0,0,4189316,163096,162852,3452020,2723.861,1461.144,8.017,216.466,2.004,15.032,4773,5928,2.020,1.830,1.140,3,0,132.285,0,0,17,213,0,18,2
13-03 03:05:29,43.252,9.943,44.494,0.994,0,4286276,144288,162852,3375416,4414.638,1610.746,314.195,429.532,6.960,37.783,3914,2924,2.020,1.830,1.140,3,0,59.657,0,0,17,213,0,18,2
13-03 03:05:30,44.532,7.005,44.783,2.502,0,4374940,141324,162852,3291436,2779.023,1621.180,244.178,192.140,6.004,28.020,3209,2059,2.020,1.830,1.140,5,0,2.001,0,0,17,217,0,18,2
13-03 03:05:31,41.473,7.038,44.992,5.278,0,4462076,136092,162852,3211788,2835.259,1670.993,160.866,156.844,12.065,9.049,3113,1967,2.020,1.830,1.140,2,0,7.038,0,0,17,219,0,18,0
13-03 03:05:32,29.498,10.249,59.245,0.500,0,4344208,253716,162860,3212020,2579.794,1619.871,19.998,391.969,2.000,23.998,4197,3819,1.940,1.810,1.140,3,0,170.986,0,0,17,223,0,18,0
13-03 03:05:33,36.252,23.251,38.252,0.750,0,4393076,202920,162868,3213940,4200.260,1620.100,916.057,128.008,9.001,6.000,7294,8188,1.940,1.810,1.140,5,0,383.024,0,0,17,225,0,18,0
13-03 03:05:34,39.437,29.020,29.020,1.240,0,4458196,158052,162884,3194756,8233.702,7288.200,714.335,1254.055,19.843,42.662,7268,7887,1.940,1.810,1.140,8,0,444.475,0,0,17,232,0,18,0
13-03 03:05:35,46.277,15.845,36.971,0.252,0,4424848,190396,162888,3195292,5462.643,4461.661,140.842,2362.115,8.048,136.818,6760,9050,1.940,1.810,1.140,4,0,158.950,0,0,17,235,0,19,0
13-03 03:05:36,71.540,17.449,7.727,2.991,0,4528444,146296,162888,3137172,2333.141,1615.251,143.578,394.839,7.977,18.944,5241,4471,1.940,1.810,1.140,6,1,139.590,0,0,17,238,0,17,0
13-03 03:05:37,61.548,12.812,19.846,6.280,0,4600208,173164,162888,3041596,9962.159,9573.279,1246.024,305.477,23.112,12.058,4408,3188,2.100,1.850,1.150,5,0,18.087,0,0,17,239,0,17,0
13-03 03:05:38,56.686,8.490,19.728,14.234,0,4581504,231656,162920,3002932,8132.864,4790.619,2077.666,1006.869,105.881,49.944,5086,4677,2.100,1.850,1.150,4,2,23.973,0,0,17,244,0,18,0
13-03 03:05:39,60.067,12.213,12.213,14.456,0,4661600,143464,162984,3010924,4370.694,1708.798,4601.990,8713.473,377.850,126.615,6057,6536,2.100,1.850,1.150,3,0,26.918,0,0,17,252,0,18,0
13-03 03:05:40,46.886,19.557,32.595,0.501,0,4700832,144780,162988,2971788,11705.074,9530.745,56.163,493.436,3.009,21.061,6609,7132,2.100,1.850,1.150,3,0,289.844,0,0,17,248,0,21,0
13-03 03:05:41,34.231,25.985,37.229,0,0,4656104,187584,162988,2974056,6686.233,4717.342,199.887,1031.419,9.994,63.964,7355,8068,2.100,1.850,1.150,9,0,350.802,0,0,17,249,0,23,0
13-03 03:05:42,47.159,15.720,35.931,0,0,4706664,136236,162992,2974468,2533.130,1455.202,0,311.401,0,14.971,5703,6600,2.260,1.880,1.170,4,0,160.691,0,0,17,249,0,23,0
13-03 03:05:43,52.567,25.532,21.778,0,0,4739764,126564,162992,2951492,12284.634,11618.787,12.015,536.683,3.004,29.037,6837,6553,2.260,1.880,1.170,3,0,397.506,0,0,17,250,0,23,0
13-03 03:05:44,61.354,26.437,12.221,0,0,4742384,176352,162992,2901232,5926.888,2546.936,39.905,498.812,2.993,33.919,6423,7329,2.260,1.880,1.170,6,0,341.188,0,0,17,249,0,19,0
13-03 03:05:45,63.303,15.826,18.338,1.256,0,4797684,144848,163016,2877080,4382.948,3889.590,1173.609,1595.626,55.264,37.178,7217,10567,2.260,1.880,1.170,7,0,138.663,0,0,17,254,0,23,0
13-03 03:05:46,53.155,26.081,19.871,0.497,0,4844920,157100,163016,2818396,12013.074,10285.282,87.433,647.798,7.948,42.723,7110,7382,2.260,1.880,1.170,9,0,396.428,0,0,17,253,0,24,0
13-03 03:05:47,62.119,24.798,12.274,0.250,0,4843056,154732,163016,2823156,2817.410,1623.116,581.116,324.623,11.021,20.038,8919,16940,2.400,1.920,1.180,6,0,272.523,0,0,17,255,0,24,0
13-03 03:05:48,51.679,18.313,25.087,3.512,0,4897980,130952,163020,2791980,5611.440,7239.079,425.474,16677.779,25.087,1281.439,8845,12605,2.400,1.920,1.180,3,0,179.622,0,0,17,262,0,25,0
13-03 03:05:49,59.259,10.706,28.882,0.249,0,4974068,125708,163020,2722804,11327.841,6753.481,147.399,661.305,8.963,65.732,5122,4235,2.400,1.920,1.180,6,0,72.704,0,0,17,261,0,26,0
13-03 03:05:50,64.442,10.906,21.068,2.231,0,5015236,141432,163024,2667552,8891.015,7282.939,341.047,2062.144,4.957,37.674,5643,5784,2.400,1.920,1.180,5,0,14.871,0,0,17,266,0,26,0
13-03 03:05:51,61.486,9.362,25.050,3.542,0,5086552,136052,163036,2603316,9842.782,8260.852,979.724,1008.063,77.933,67.811,6536,7532,2.400,1.920,1.180,5,0,10.121,0,0,17,271,0,30,0
13-03 03:05:52,60.996,8.963,27.884,1.494,0,5068580,181500,163040,2576588,10552.998,9097.069,1091.449,517.841,23.900,44.813,5087,3978,2.520,1.950,1.200,4,0,9.958,0,0,17,275,0,32,0
13-03 03:05:53,59.103,24.396,15.593,0.252,0,5068504,181140,163176,2576872,2768.546,1629.740,442.645,603.607,15.090,50.301,6563,6634,2.520,1.950,1.200,5,1,344.056,0,0,17,279,0,32,0
13-03 03:05:54,41.630,25.925,26.175,5.733,0,5111012,134296,163316,2580912,12456.093,9790.776,4423.249,7425.594,88.744,233.327,8424,10008,2.520,1.950,1.200,6,0,352.982,0,0,17,283,0,33,0
13-03 03:05:55,54.282,20.762,23.764,0,0,5050324,218072,163316,2558780,5527.308,4337.596,784.469,832.498,7.004,64.038,7513,8947,2.520,1.950,1.200,4,0,237.142,0,0,17,283,0,34,0
13-03 03:05:56,65.919,17.910,13.184,1.493,0,5132940,135448,163316,2558696,2396.963,1450.715,525.362,401.981,6.965,18.905,5274,3601,2.520,1.950,1.200,6,0,145.270,0,0,18,283,0,34,0
13-03 03:05:57,78.165,12.064,8.545,1.257,0,5209656,122804,163316,2496228,12297.268,11559.351,928.930,2167.504,45.240,124.662,5438,4023,2.720,2,1.220,3,0,49.261,0,0,18,287,0,32,0
13-03 03:05:58,74.950,11.664,4.715,7.942,0,5223696,159356,163324,2447304,4334.170,2642.593,2680.316,4979.432,126.074,528.122,5870,4002,2.720,2,1.220,5,0,14.891,0,0,18,288,0,33,0
13-03 03:05:59,85.365,9.792,0.753,4.017,0,5313436,125352,163360,2394408,2771.847,1626.954,956.086,8122.718,31.133,53.228,5170,2882,2.720,2,1.220,4,0,6.026,0,0,18,288,0,33,0
13-03 03:06:00,50.172,15.302,32.863,0.753,0,5334700,129788,163364,2369552,12729.673,12580.160,790.713,1312.503,14.048,103.355,6179,7981,2.720,2,1.220,1,0,220.757,0,0,18,293,0,34,0
13-03 03:06:01,41.591,9.464,46.571,2.241,0,5318372,170052,163380,2346280,9113.052,4172.000,557.861,378.548,9.962,39.847,3944,3112,2.720,2,1.220,3,0,11.954,0,0,18,295,0,33,0
13-03 03:06:02,43.310,7.510,47.816,0,0,5341692,143600,163380,2349412,3534323.687,97872.877,304.423,284.395,4.006,25.035,8714,5464,2.660,2,1.220,2,0,5.007,0,0,18,295,0,33,0
13-03 03:06:03,36.208,7.242,53.438,0.250,0,5351588,123152,163380,2359932,11836910.560,283887.460,559.351,159.814,6.992,9.988,18108,12919,2.660,2,1.220,2,0,5.993,0,0,18,298,0,33,0
13-03 03:06:04,42.435,17.828,32.140,6.277,0,5296896,196096,163384,2342364,1775572.468,56400.269,2832.317,743.232,33.144,65.284,8890,7528,2.660,2,1.220,5,0,270.175,0,0,18,296,0,34,0
13-03 03:06:05,52.657,8.445,38.500,0,0,5375736,145716,163384,2314824,2759.051,1609.529,254.345,1891.693,1.987,214.604,3995,2874,2.660,2,1.220,6,0,2.981,0,0,18,296,0,34,0
13-03 03:06:06,33.306,3.506,61.603,0.250,0,5394356,127100,163384,2314828,21082.269,19828.171,0,380.637,0,31.052,3317,2913,2.660,2,1.220,5,0,0,0,0,18,298,0,36,0
13-03 03:06:07,26.754,5.751,66.011,0.500,0,5337708,182968,163384,2315612,31119.953,950115.217,512.082,528.084,28.004,49.008,5339,6663,2.610,2,1.230,2,0,38.006,0,0,18,300,0,38,0
13-03 03:06:08,3.492,1.497,90.554,0,0,5339404,181272,163384,2315612,372215.695,12411779.918,0,255.448,0,15.966,4272,2056,2.610,2,1.230,1,0,0,0,0,18,300,0,38,0
13-03 03:06:09,1.997,0.749,94.360,0.250,0,5330676,189996,163384,2315616,122104.515,3048381.176,0,287.573,0,17.973,2112,1810,2.610,2,1.230,1,0,1.997,0,0,18,300,0,36,0
13-03 03:06:10,2.760,0.753,95.350,0,0,5325152,195520,163384,2315616,4603.886,1625.964,0,273.001,0,17.063,1242,1777,2.610,2,1.230,1,0,1.004,0,0,18,302,0,36,0
13-03 03:06:11,7.784,2.260,88.133,0.502,0,5325536,194996,163384,2315756,2258528.267,67687.983,0,1185.147,0,80.349,5658,4894,2.610,2,1.230,4,0,2.009,0,0,18,311,0,36,0
13-03 03:06:12,20.447,4.488,71.315,0.499,0,5300580,209820,163392,2325864,8542227.325,189848.552,15.959,1420.308,0.997,84.780,16289,13703,2.560,2,1.230,3,0,0.997,0,0,18,311,0,36,0
13-03 03:06:13,9.739,3.496,83.157,0.250,0,5300224,204232,163392,2331792,6277018.400,134521.200,31.964,255.713,1.998,31.964,12948,11701,2.560,2,1.230,2,0,0,0,0,18,308,0,39,0
13-03 03:06:14,10.800,19.340,67.564,1.005,0,5261808,242496,163392,2331928,2375.033,1464.805,48.224,546.539,4.019,35.163,6038,5483,2.560,2,1.230,1,0,468.175,0,0,18,308,0,39,0
13-03 03:06:15,24.588,3.974,70.038,0.497,0,5317588,186692,163392,2331952,4070.150,1609.383,0,242.401,0,30.797,2487,2262,2.560,2,1.230,3,0,1.987,0,0,18,312,0,39,0
13-03 03:06:16,16.862,10.822,70.720,0,0,5321524,182656,163392,2332052,2536.864,1673.122,80.535,543.614,5.033,27.181,4088,3356,2.560,2,1.230,1,0,174.158,0,0,18,312,0,39,0
13-03 03:06:17,9.468,20.181,68.516,0.249,0,5318244,185884,163392,2332104,2511.434,1684.256,15.946,16316.350,1.993,57.803,6112,5117,2.440,1.990,1.230,2,0,349.807,0,0,18,312,0,39,0
13-03 03:06:18,10.740,11.739,73.433,2.248,0,5295992,207928,163392,2332312,2577.641,1618.519,183.832,2709.521,8.992,139.872,4631,11055,2.440,1.990,1.230,1,0,180.835,0,0,18,312,0,40,0
13-03 03:06:19,14.969,4.241,79.336,0.249,0,5333564,170352,163392,2332316,2574.689,1616.665,0,754.444,0,120.751,2324,2411,2.440,1.990,1.230,2,0,9.979,0,0,18,312,0,40,0
13-03 03:06:20,20.274,3.004,74.838,0,0,5366776,137132,163392,2332324,8566.049,7354.628,0,256.301,0,26.031,2508,2522,2.440,1.990,1.230,2,0,1.001,0,0,18,313,0,40,0
13-03 03:06:21,19.852,7.036,71.366,0,0,5282232,221664,163392,2332336,5872.119,4708.149,64.330,1218.249,4.021,13.067,3730,3524,2.440,1.990,1.230,5,0,99.510,0,0,18,318,0,40,0
13-03 03:06:22,12.218,14.961,69.569,1.745,0,5282920,220788,163396,2332544,4308.775,1615.790,43.886,291.241,3.990,22.940,5124,4233,2.400,1.990,1.230,1,0,152.602,0,0,18,318,0,40,0
13-03 03:06:23,12.764,17.269,68.577,0.250,0,5281564,221920,163396,2332752,2763.107,1621.824,0,276.311,0,27.030,5335,4439,2.400,1.990,1.230,2,0,187.211,0,0,18,320,0,40,0
13-03 03:06:24,15.693,12.953,70.244,0,0,5295368,207912,163396,2332940,2749.974,1614.115,3.985,310.867,0.996,20.924,4664,3777,2.400,1.990,1.230,2,0,165.397,0,0,18,320,0,40,0
13-03 03:06:25,24.203,3.493,71.611,0,0,5344528,158732,163396,2332960,2711.737,1616.862,0,11.977,0,1.996,2254,1915,2.400,1.990,1.230,3,0,0.998,0,0,18,320,0,40,0
13-03 03:06:26,24.795,3.005,71.130,0.501,0,5378308,155848,163396,2303116,2644.822,1622.959,104.190,140.256,1.002,8.015,2342,1983,2.400,1.990,1.230,2,0,0,0,0,18,320,0,40,0
13-03 03:06:27,25.200,2.246,70.110,0.749,0,5401128,132816,163396,2303328,2874.241,1616.761,299.400,550.896,11.976,46.906,2722,2714,2.290,1.970,1.230,2,0,3.992,0,0,18,322,0,40,0
13-03 03:06:28,23.245,3.999,71.486,0.500,0,5335348,198476,163396,2303448,2597.486,1457.711,23.995,91.982,3.999,7.998,2363,2121,2.290,1.970,1.230,2,0,4.999,0,0,18,320,0,40,0
13-03 03:06:29,25.284,3.004,70.596,0.250,0,5357164,176644,163396,2303464,2703.680,1622.208,0,5743.819,0,708.965,2804,2090,2.290,1.970,1.230,2,0,0,0,0,18,320,0,40,0
13-03 03:06:30,17.811,3.763,76.514,0,0.251,5381448,152348,163396,2303476,11394.267,10609.562,0,156.539,0,16.055,2565,2488,2.290,1.970,1.230,1,0,3.010,0,0,18,323,0,41,0
13-03 03:06:31,20.187,1.745,76.513,0.498,0,5381996,151652,163396,2303624,13121.300,11576.093,0,183.431,0,25.920,2556,2437,2.290,1.970,1.230,3,0,0.997,0,0,18,320,0,42,0
13-03 03:06:32,27.278,6.757,64.566,0.250,0,5328076,205448,163396,2303748,2582.643,1621.659,0,300.307,0,23.024,4091,5768,2.190,1.950,1.230,3,0,16.016,0,0,18,320,0,42,0
13-03 03:06:33,28.198,2.995,67.876,0,0,5333536,199980,163396,2303756,2635.170,1617.036,0,147.729,0,8.984,2730,2242,2.190,1.950,1.230,2,0,0,0,0,18,320,0,41,0
13-03 03:06:34,16.610,12.835,68.706,0,0,5306120,227232,163400,2303916,2536.819,1630.812,390.590,624.138,4.027,38.254,4930,4493,2.190,1.950,1.230,3,0,211.402,0,0,18,320,0,41,0
13-03 03:06:35,11.000,18.500,68.501,0.500,0,5318004,215188,163400,2304076,2521.023,1458.013,36.000,320.003,3.000,21.000,5814,5098,2.190,1.950,1.230,2,0,359.003,0,0,18,320,0,41,0
13-03 03:06:36,22.604,4.968,71.041,0,0,5354232,178928,163420,2304088,2708.502,1609.602,0,16064.221,0,35.769,2665,2275,2.190,1.950,1.230,2,0,33.782,0,0,18,320,0,41,0
13-03 03:06:37,20.495,2.249,76.483,0.250,0,5375028,157256,163444,2304940,8464.081,3837.130,0,575.869,0,23.995,2216,1903,2.090,1.940,1.230,3,0,15.996,0,0,18,321,0,41,0
13-03 03:06:38,20.710,3.743,71.361,2.745,0,5375248,151564,163936,2309812,3147.861,1790.508,0,534.957,0,5.988,2269,2112,2.090,1.940,1.230,3,0,2.994,0,0,18,320,0,40,0
13-03 03:06:39,20.794,2.255,75.410,0,0,5403840,121824,163956,2310904,11199.703,4731.013,52.110,404.857,3.006,6.013,2351,2107,2.090,1.940,1.230,3,0,16.034,0,0,18,321,0,40,0
13-03 03:06:40,23.269,4.254,69.308,1.501,0,5376280,144808,164344,2314956,3053.539,1795.493,4.003,768.639,1.001,13.011,7072,12317,2.090,1.940,1.230,2,0,6.005,0,0,18,320,0,40,0
13-03 03:06:41,18.023,4.506,73.845,2.003,0,5341448,178916,164356,2315612,7979.319,3634.700,196.254,3784.895,4.005,169.219,4751,7792,2.090,1.940,1.230,1,1,8.010,0,0,18,323,0,40,0
13-03 03:06:42,23.665,5.979,66.761,0.249,0,5341120,178916,164376,2315928,5484.363,2446.241,51.814,789.174,3.986,48.825,10275,18800,2,1.920,1.230,3,0,12.954,0,0,18,323,0,33,0
13-03 03:06:43,22.548,5.011,71.654,0.752,0,5315136,204692,164388,2316124,2818.060,1623.491,4.009,372.802,1.002,12.026,2332,1801,2,1.920,1.230,2,0,8.017,0,0,18,323,0,33,0
13-03 03:06:44,13.550,14.554,69.508,0,0,5296344,233528,164448,2306020,3045.296,1800.679,0,630.338,0,27.101,4862,4157,2,1.920,1.230,2,0,270.002,0,0,18,322,0,33,0
13-03 03:06:45,24.857,4.474,69.352,0.249,0.249,5351976,177836,164448,2306080,2932.187,1610.764,0,457.377,0,5.966,2423,1993,2,1.920,1.230,2,0,5.966,0,0,18,322,0,33,0
13-03 03:06:46,21.017,2.002,76.060,0,0,5363152,166472,164448,2306268,8597.777,7417.847,0,508.401,0,5.004,2154,1752,2,1.920,1.230,2,0,0,0,0,18,323,0,28,0
13-03 03:06:47,17.847,8.798,71.890,0.251,0,5333956,195620,164448,2306316,7837.487,6224.745,32.174,0,3.016,0,3628,2977,1.920,1.910,1.230,2,0,116.632,0,0,18,322,0,31,0
13-03 03:06:48,23.141,3.981,71.165,0,0,5335972,193604,164448,2306316,4104.674,1451.167,0,0,0,0,2204,1780,1.920,1.910,1.230,3,0,0,0,0,18,322,0,31,0
13-03 03:06:49,21.488,1.999,75.707,0,0,5347048,182516,164448,2306328,11699.419,10325.192,0,387.782,0,27.984,2549,2474,1.920,1.910,1.230,4,0,0.999,0,0,18,322,0,32,0
13-03 03:06:50,21.496,7.249,69.988,0.250,0.250,5311560,217996,164448,2306336,2836.526,1619.729,0,131.978,0,11.998,3101,2813,1.920,1.910,1.230,2,0,70.988,0,0,18,322,0,28,0
13-03 03:06:51,21.550,2.506,74.673,0,0,5340792,188764,164448,2306336,8438.598,7363.100,0,88.205,0,11.026,2348,2147,1.920,1.910,1.230,2,0,0,0,0,18,323,0,28,0
13-03 03:06:52,20.711,5.490,71.615,0.499,0,5323128,206364,164448,2306400,10360.491,8941.164,31.940,798.496,1.996,57.891,3375,3322,1.770,1.870,1.220,3,0,55.895,0,0,18,322,0,29,0
13-03 03:06:53,23.774,3.754,71.823,0,0,5367228,162264,164448,2306400,4324.412,1621.655,0,0,0,0,2339,2033,1.770,1.870,1.220,3,0,0,0,0,18,322,0,29,0
13-03 03:06:54,19.490,2.499,76.962,0,0,5373228,156252,164448,2306412,13129.556,11865.177,0,143.929,0,30.985,2457,2283,1.770,1.870,1.220,2,0,1.000,0,0,18,322,0,24,0
13-03 03:06:55,22.794,5.761,71.138,0,0,5329064,200408,164448,2306420,2559.956,1460.828,0,56.109,0,3.006,2659,2109,1.770,1.870,1.220,2,0,32.062,0,0,18,322,0,24,0
13-03 03:06:56,20.502,2.500,75.758,0,0,5337112,192356,164448,2306424,4940.506,7214.740,0,0,0,0,2124,1831,1.770,1.870,1.220,2,0,0,0,0,18,323,0,24,0
13-03 03:06:57,17.293,2.256,78.444,0.251,0,5339240,190088,164448,2306564,11454.291,6962.196,0,433.070,0,37.092,2595,2717,1.710,1.860,1.220,4,0,0,0,0,18,322,0,25,0
13-03 03:06:58,21.927,5.482,71.513,0,0,5330884,198436,164448,2306572,2571.476,1614.648,0,7.974,0,0.997,2563,2221,1.710,1.860,1.220,2,0,46.845,0,0,18,322,0,23,0
13-03 03:06:59,20.713,2.246,75.617,0,0,5355092,174224,164448,2306576,8224.480,7333.054,0,67.880,0,5.989,2215,1946,1.710,1.860,1.220,3,0,0,0,0,18,323,0,23,0
13-03 03:07:00,21.987,5.497,71.706,0.250,0,5290324,238984,164448,2306584,8748.642,6141.239,0,2298.592,0,338.792,2972,2634,1.710,1.860,1.220,4,0,31.980,0,0,18,322,0,26,0
13-03 03:07:01,22.241,2.999,73.471,0,0,5332404,196900,164448,2306588,4311.311,3660.566,0,75.970,0,8.996,2095,1894,1.710,1.860,1.220,3,0,0,0,0,18,323,0,26,0
13-03 03:07:02,15.293,2.256,79.977,0.501,0,5333116,196144,164448,2306632,11987.045,10502.829,32.091,850.415,1.003,75.214,2938,3515,1.730,1.860,1.220,2,0,0,0,0,18,322,0,25,0
13-03 03:07:03,11.981,10.484,74.134,2.246,0,5299572,229444,164580,2306744,3387.687,2430.189,131.793,147.768,3.994,11.981,3956,3451,1.730,1.860,1.220,1,0,179.718,0,0,18,323,1,25,0
13-03 03:07:04,4.760,2.255,85.673,6.263,0,5302708,225320,164984,2307328,7548.233,3724.517,989.998,280.566,247.499,20.040,2036,2737,1.730,1.860,1.220,1,0,2.004,0,0,18,324,0,25,0
13-03 03:07:05,7.528,7.779,83.062,0.251,0,5305900,222080,164984,2307376,13242.736,4527.002,0,425.598,0,34.128,3400,3322,1.730,1.860,1.220,1,0,126.475,0,0,18,324,0,26,0
13-03 03:07:06,4.000,5.499,88.741,0,0,5302448,225524,164984,2307384,8223.138,3496.633,0,135.986,0,5.999,2368,2450,1.730,1.860,1.220,3,0,77.992,0,0,18,322,0,26,0
13-03 03:07:07,13.511,9.508,70.306,5.504,0,5315568,211736,165008,2308028,2762.208,1621.296,588.470,660.528,63.050,32.026,3725,3351,1.670,1.850,1.220,2,0,133.106,0,0,18,322,0,26,0
13-03 03:07:08,20.129,4.225,71.321,2.237,0,5311000,201152,165112,2323072,2522.809,1491.022,6576.400,827.020,480.109,11.928,2888,3097,1.670,1.850,1.220,2,0,2.982,0,0,18,322,0,26,0
13-03 03:07:09,20.994,2.499,75.228,0.250,0,5325036,180752,165260,2329220,8316.558,3694.915,3.999,639.812,1.000,5.998,2397,2243,1.670,1.850,1.220,2,0,17.995,0,0,18,323,0,26,0
13-03 03:07:10,20.312,3.511,74.225,0.502,0,5334224,171684,165260,2329064,8687.317,4185.680,4.012,3045.225,1.003,123.374,2708,2715,1.670,1.850,1.220,4,0,12.036,0,0,18,324,0,22,0
13-03 03:07:11,10.514,15.270,69.089,3.505,0,5304888,198412,165260,2331656,2703.491,1622.094,1169.510,2607.367,18.023,101.131,5584,5214,1.670,1.850,1.220,1,0,294.380,0,0,18,324,0,22,0
13-03 03:07:12,24.411,3.985,69.746,0.747,0,5345672,157632,165260,2331700,4177.794,1614.125,31.884,3132.598,0.996,227.173,2809,2781,1.620,1.830,1.220,6,0,0,0,0,18,324,0,22,0
13-03 03:07:13,20.525,2.253,76.343,0,0,5354240,149048,165260,2331716,27594.524,24267.482,0,0,0,0,2318,1922,1.620,1.830,1.220,2,0,0,0,0,18,324,0,23,1
13-03 03:07:14,22.692,5.237,70.070,0.249,0,5366964,136312,165260,2331728,2884.604,1681.688,0,51.867,0,5.985,2916,2346,1.620,1.830,1.220,2,0,47.877,0,0,18,324,0,21,0
13-03 03:07:15,20.304,3.259,75.702,0,0,5366476,136796,165260,2331732,8596.987,7245.373,0,104.279,0,9.024,2278,2085,1.620,1.830,1.220,2,0,0,0,0,18,325,0,21,0
13-03 03:07:16,21.986,3.997,72.204,0,0,5301396,201468,165260,2332140,6219.037,4761.966,399.745,207.868,23.985,11.992,2712,2411,1.620,1.830,1.220,2,0,13.991,0,0,18,324,0,23,0
13-03 03:07:17,24.187,3.241,71.313,0,0,5342712,160148,165260,2332144,2872.463,1615.761,0,2006.735,0,17.953,2206,1792,1.570,1.820,1.220,2,0,0,0,0,18,324,0,23,0
13-03 03:07:18,24.146,6.036,69.419,0.252,0,5377864,123412,165260,2337044,9694.572,8234.752,1545.336,507.064,51.310,69.419,4263,11409,1.570,1.820,1.220,6,0,37.225,0,0,19,328,0,23,0
13-03 03:07:19,24.366,5.470,66.137,0.995,0,5327228,173292,165260,2334468,4181.026,2844.371,668.328,1177.530,39.781,138.240,5905,10582,1.570,1.820,1.220,2,0,5.967,0,0,18,326,0,24,0
13-03 03:07:20,26.252,3.000,70.006,0.250,0,5375676,124712,165260,2334600,3077.282,1620.149,0,396.036,0,40.004,2740,2702,1.570,1.820,1.220,2,0,2.000,0,0,18,328,0,24,0
13-03 03:07:21,16.083,2.513,78.907,0.251,0,5371976,128372,165260,2334640,12459.223,11362.570,16.083,454.342,1.005,42.218,2710,2938,1.570,1.820,1.220,7,0,0,0,0,18,329,0,24,0
13-03 03:07:22,23.499,7.500,66.997,1.000,0,5292364,207888,165260,2334736,3613.825,2683.870,143.993,1319.936,7.000,138.993,5608,7339,1.520,1.810,1.220,5,0,54.997,0,0,18,328,0,25,0
13-03 03:07:23,8.514,23.037,66.856,0,0,5294908,205228,165260,2334852,2644.209,1622.583,0,436.695,0,25.040,6526,5575,1.520,1.810,1.220,1,0,502.800,0,0,18,328,0,24,0
13-03 03:07:24,9.496,22.741,66.473,0,0,5294960,205156,165260,2334872,4378.233,1619.347,0,391.842,0,35.985,6636,5816,1.520,1.810,1.220,1,0,502.797,0,0,18,328,0,24,0
13-03 03:07:25,8.502,22.257,66.269,0.500,0,5283912,216172,165260,2334904,4458.302,1620.473,0,3845.123,0,240.070,7029,6616,1.520,1.810,1.220,1,0,493.144,0,0,18,328,0,24,0
13-03 03:07:26,9.978,22.451,66.603,0.249,0,5283524,216536,165260,2334928,2634.203,1616.443,0,103.772,0,12.971,6484,5534,1.520,1.810,1.220,3,0,497.904,0,0,18,328,0,24,0
13-03 03:07:27,8.507,22.768,67.052,0,0,5278056,221976,165260,2334956,2942.281,1691.311,0,196.152,0,20.016,6410,5347,1.400,1.780,1.210,2,0,493.383,0,0,18,328,0,24,0
13-03 03:07:28,9.250,22.001,67.252,0,0,5278984,221020,165260,2334984,5880.141,1620.039,0,44.001,0,11.000,6417,5461,1.400,1.780,1.210,5,0,499.012,0,0,18,328,0,24,0
13-03 03:07:29,8.751,22.752,66.256,0.250,0,5286120,213856,165260,2335012,2418.224,1458.135,0,460.043,0,34.003,6654,5934,1.400,1.780,1.210,2,0,489.045,0,0,18,328,0,24,0
13-03 03:07:30,12.983,15.980,69.411,0.499,0,5306316,193604,165264,2335064,2713.522,1617.926,19.974,2297.056,1.997,338.566,5568,4452,1.400,1.780,1.210,3,0,325.583,0,0,18,328,0,24,0
13-03 03:07:31,20.802,7.519,71.430,0,0,5302824,286556,165320,2255928,2526.371,1624.096,60.152,2746.928,15.038,11.028,2565,2335,1.400,1.780,1.210,3,0,17.043,0,0,18,328,0,23,0
13-03 03:07:32,20.407,2.737,73.414,0.249,0,5327512,258592,165324,2259196,2748.413,2065.541,0,2118.299,0,64.704,2905,3243,1.370,1.760,1.210,3,0,15.927,0,0,18,329,0,23,0
13-03 03:07:33,5.274,0.502,93.418,0.251,0,5327512,258592,165324,2259196,4290.216,2279.209,0,116.522,0,4.018,1301,1709,1.370,1.760,1.210,0,0,0,0,0,18,329,0,23,0
13-03 03:07:34,5.961,1.490,90.899,0.248,0,5327744,258352,165324,2259204,3522.697,2982.272,0,254.318,0,24.836,1879,2344,1.370,1.760,1.210,1,0,1.987,0,0,18,328,0,23,0
13-03 03:07:35,7.988,2.995,86.868,0,0,5328880,257104,165324,2259316,3437.795,2858.672,0,247.625,0,40.938,3274,5366,1.370,1.760,1.210,1,0,1.997,0,0,18,328,0,22,0
13-03 03:07:36,7.031,1.256,90.902,0,0,5328872,257104,165324,2259324,3218.246,2755.197,0,0,0,0,1807,2102,1.370,1.760,1.210,1,0,0,0,0,18,328,0,24,0
13-03 03:07:37,3.241,0.499,93.752,0.249,0,5327028,258944,165324,2259328,2752.728,1615.732,0,123.673,0,11.968,1603,2228,1.260,1.730,1.200,2,0,0,0,0,18,328,0,24,0
13-03 03:07:38,4.254,1.001,93.340,0,0,5325524,260444,165324,2259332,3309.183,2726.623,0,144.139,0,2.002,1281,1698,1.260,1.730,1.200,2,0,0,0,0,18,329,0,24,0
13-03 03:07:39,2.751,2.000,93.519,0,0,5322528,263432,165328,2259336,3244.663,1853.379,0,432.088,0,35.007,1465,1927,1.260,1.730,1.200,2,0,0,0,0,18,328,0,24,0
13-03 03:07:40,1.996,0.499,95.574,0,0,5321308,264652,165328,2259336,2831.782,1617.021,0,119.779,0,1.996,1113,1642,1.260,1.730,1.200,1,0,0,0,0,18,328,0,24,0
13-03 03:07:41,2.254,0.751,96.170,0,0,5320332,265628,165328,2259336,2825.000,1622.872,0,4.007,0,1.002,1113,1625,1.260,1.730,1.200,2,0,0,0,0,18,328,0,24,0
13-03 03:07:42,1.752,1.001,94.629,0.250,0,5319412,266548,165328,2259336,2421.290,1459.984,0,572.778,0,51.069,1563,2496,1.160,1.700,1.200,1,0,0,0,0,18,328,0,24,0
13-03 03:07:43,8.459,6.469,82.847,1.244,0,5271496,314444,165328,2259352,3469.121,2849.137,0,16909.724,0,194.056,2695,2401,1.160,1.700,1.200,1,1,80.608,0,0,18,328,0,24,0
13-03 03:07:44,12.358,7.062,70.871,9.332,0.252,5271604,312276,165424,2261328,2844.928,1676.692,2199.271,108.955,75.663,12.106,3056,2663,1.160,1.700,1.200,1,0,50.442,0,0,18,328,0,24,0
13-03 03:07:45,23.740,13.994,56.726,3.748,0,5232424,348968,165480,2263400,8035.659,124962.051,1259.476,187.922,75.968,5.998,4535,6644,1.160,1.700,1.200,1,0,49.979,0,0,18,328,0,24,0
13-03 03:07:46,15.164,5.966,77.063,0.249,0,5257728,322460,165480,2264588,4116.651,1610.863,254.556,13352.267,1.989,638.379,3741,6447,1.160,1.700,1.200,2,0,4.972,0,0,18,328,0,24,0
13-03 03:07:47,20.792,6.513,71.643,0.501,0,5257168,323020,165480,2264588,2705.401,1623.240,513.024,3122.233,4.008,146.292,2753,2597,1.140,1.690,1.190,2,0,6.012,0,0,18,328,0,21,0
13-03 03:07:48,6.498,1.999,89.716,0,0,5239988,340196,165480,2264592,2597.006,1457.442,255.902,0,1.999,0,1662,1901,1.140,1.690,1.190,1,0,1.000,0,0,18,328,0,21,0
13-03 03:07:49,2.994,0.499,94.314,0,0,5239936,340248,165480,2264592,5628.914,1616.816,0,259.489,0,22.955,1525,2175,1.140,1.690,1.190,1,0,0.998,0,0,18,328,0,21,0
13-03 03:07:50,2.255,1.253,94.689,0,0,5239932,340248,165480,2264596,2962.926,1623.247,0,76.152,0,12.024,1380,2052,1.140,1.690,1.190,1,0,1.002,0,0,18,328,0,21,0
13-03 03:07:51,2.499,0.250,95.976,0,0,5239932,340248,165480,2264596,2579.348,1619.590,0,0,0,0,1198,1705,1.140,1.690,1.190,1,0,0,0,0,18,328,0,20,0
13-03 03:07:52,2.756,1.253,93.946,1.002,0,5239892,340248,165480,2264636,2525.274,1623.391,32.067,805.683,1.002,70.147,1690,2679,1.050,1.660,1.190,1,0,1.002,0,0,18,328,0,20,0
13-03 03:07:53,2.496,0.499,95.332,0,0,5239892,340248,165480,2264636,2575.469,1617.155,0,610.925,0,2.995,1292,1858,1.050,1.660,1.190,1,0,0,0,0,18,328,0,20,0
13-03 03:07:54,2.239,0.746,95.528,0.249,0,5239892,340248,165480,2264636,2465.827,1450.837,0,71.646,0,4.975,1278,1741,1.050,1.660,1.190,1,0,0.995,0,0,18,328,0,20,0
13-03 03:07:55,1.754,0.752,96.203,0,0,5239892,340248,165480,2264636,2722.750,1623.428,0,0,0,0,1153,1679,1.050,1.660,1.190,2,0,0,0,0,18,328,0,16,0
13-03 03:07:56,2.507,0.501,96.513,0,0,5239892,340248,165480,2264636,2707.371,1624.423,0,0,0,0,1126,1632,1.050,1.660,1.190,1,0,0,0,0,18,328,0,16,0
13-03 03:07:57,1.750,0.750,95.987,0,0,5240116,340024,165480,2264636,4313.424,1619.784,0,3.999,0,1.000,1097,1632,0.970,1.640,1.180,1,0,0,0,0,18,328,0,16,0
13-03 03:07:58,1.751,0.500,96.041,0,0,5240112,340024,165480,2264640,2581.101,1620.691,0,4.002,0,1.000,1131,1657,0.970,1.640,1.180,1,0,0,0,0,18,328,0,16,0
13-03 03:07:59,3.499,0.750,94.716,0,0,5240108,340024,165480,2264644,2579.074,1619.418,0,147.947,0,17.994,1552,2089,0.970,1.640,1.180,2,0,0,0,0,18,328,0,16,0
13-03 03:08:00,2.499,1.000,94.968,0,0,5240108,340024,165480,2264644,4293.545,1457.506,0,215.927,0,16.994,1361,1927,0.970,1.640,1.180,1,0,0,0,0,18,328,0,15,0
13-03 03:08:01,1.997,0.999,95.372,0.250,0,5240108,340024,165480,2264644,2876.153,1617.836,0,31.957,0,3.995,1110,1615,0.970,1.640,1.180,3,0,0,0,0,18,328,0,15,0
13-03 03:08:02,2.253,1.001,95.391,0,0,5240108,340024,165480,2264644,2824.172,1622.397,0,248.367,0,23.034,1418,2080,0.890,1.610,1.170,1,0,0,0,0,18,328,0,15,0
13-03 03:08:03,2.743,0.748,94.764,0.249,0,5240104,340024,165480,2264648,2573.590,1615.975,0,119.702,0,19.950,1437,2039,0.890,1.610,1.170,1,0,0,0,0,18,328,0,15,0
13-03 03:08:04,2.505,2.004,93.701,0.251,0,5240356,339772,165480,2264648,2826.060,1623.481,0,11364.367,0,98.211,1856,2537,0.890,1.610,1.170,1,0,2.004,0,0,18,328,0,11,0
13-03 03:08:05,2.754,1.502,94.384,0,0,5240356,339772,165480,2264648,2841.035,1622.304,0,172.245,0,24.034,1655,2515,0.890,1.610,1.170,1,0,1.001,0,0,18,328,0,11,0
13-03 03:08:06,2.242,0.498,95.407,0,0,5240352,339772,165480,2264652,2570.769,1614.204,0,0,0,0,1174,1658,0.890,1.610,1.170,1,0,0,0,0,18,328,0,11,0
13-03 03:08:07,2.256,1.003,95.747,0.251,0,5240352,339772,165480,2264652,2424.260,1461.775,0,1375.552,0,243.629,1241,1773,0.820,1.580,1.170,1,0,0,0,0,18,328,0,11,0
13-03 03:08:08,2.001,1.000,95.532,0,0,5240352,339772,165480,2264652,2640.888,1620.545,0,0,0,0,1286,1786,0.820,1.580,1.170,1,0,0,0,0,18,328,0,9,0
13-03 03:08:09,2.245,0.748,95.031,0,0,5240348,339772,165480,2264656,2633.925,1616.272,0,35.917,0,2.993,1324,1804,0.820,1.580,1.170,1,0,1.995,0,0,18,328,0,9,0
13-03 03:08:10,2.506,0.501,96.499,0,0,5240344,339772,165480,2264660,2724.032,1624.193,0,8.021,0,2.005,1105,1635,0.820,1.580,1.170,1,0,0,0,0,18,328,0,9,0
13-03 03:08:11,2.000,1.000,95.746,0,0,5240344,339772,165480,2264660,2639.882,1619.927,0,0,0,0,1133,1615,0.820,1.580,1.170,1,0,1.000,0,0,18,328,0,9,0
13-03 03:08:12,2.494,0.748,94.778,0.249,0,5240344,339772,165480,2264660,2873.256,1616.207,0,307.279,0,30.927,1435,2144,0.750,1.560,1.160,1,0,0,0,0,18,328,0,9,0
13-03 03:08:13,2.512,0.754,95.218,0,0,5240340,339772,165480,2264664,2610.838,1465.205,0,72.356,0,10.049,1173,1692,0.750,1.560,1.160,2,0,0,0,0,18,328,0,9,0
13-03 03:08:14,2.743,0.997,94.997,0.249,0,5240340,339772,165480,2264664,4107.046,1657.579,0,8660.900,0,495.678,1376,1870,0.750,1.560,1.160,2,0,0.997,0,0,18,328,0,9,0
13-03 03:08:15,1.995,1.247,94.762,0.499,0,5240572,339772,165480,2264668,3210.926,1615.937,0,191.518,0,15.960,1291,1818,0.750,1.560,1.160,3,0,0,0,0,18,328,0,9,0
13-03 03:08:16,2.505,0.501,96.204,0,0,5240576,339772,165480,2264668,481.021,0,0,4.009,0,1.002,1078,1681,0.750,1.560,1.160,1,0,0,0,0,18,328,0,6,0
13-03 03:08:17,10.766,2.504,85.623,0.250,0,5253672,326672,165484,2264668,279572.538,7074.186,4.006,596.859,1.001,120.173,2159,2048,0.690,1.530,1.160,2,0,7.010,0,0,18,328,0,6,0
13-03 03:08:18,10.218,3.738,81.743,1.745,0,5257416,322804,165484,2264792,145163.284,10062.342,119.624,0,4.984,0,2764,2435,0.690,1.530,1.160,1,0,26.915,0,0,18,328,0,6,0
13-03 03:08:19,21.058,8.273,69.944,0,0.251,5237844,342100,165484,2265068,292349.108,8381.253,16.045,613.703,1.003,28.078,4377,10443,0.690,1.530,1.160,2,0,58.161,0,0,18,328,0,7,0
