"pcp-dstat 6.2.0 CSV Output"
"Author:","PCP team <pcp@groups.io> and Dag Wieers <dag@wieers.com>",,,,"URL:","https://pcp.io/ and http://dag.wieers.com/home-made/dstat/"
"Host:","ubuntu",,,,"User:","ubuntu"
"Cmdline:","dstat -tcmndrylpg --tcp --output /tmp/devstack_logs/dstat-csv.log",,,,"Date:","28 Apr 2026 21:53:24 UTC"
"system","total usage",,,,,"memory usage",,,,"net/total",,"dsk/total",,"io/total",,"system",,"load avg",,,"procs",,,"paging",,"tcp sockets",,,,
"time","total usage:usr","total usage:sys","total usage:idl","total usage:wai","total usage:stl","used","free","buf","cach","net/total:recv","net/total:send","dsk/total:read","dsk/total:writ","read","writ","int","csw","1m","5m","15m","run","blk","new","in","out","lis","act","syn","tim","clo"
28-04 21:53:24,,924244,1779852,161360,4962288,,,,,,,1.060,0.960,0.650,3,0,,,,10,2,0,15,0
28-04 21:53:25,26.219,24.471,46.445,1.998,0,970360,1733748,161384,4962248,2889.583,1348.406,75.910,974.847,15.981,12.985,6042,4569,1.060,0.960,0.650,4,0,493.417,0,0,10,2,0,15,0
28-04 21:53:26,46.549,25.277,26.528,0.250,0,1029484,1655812,162400,4977804,3218.377,1459.532,8.008,516.542,1.001,93.098,5632,3791,1.060,0.960,0.650,4,0,369.388,0,0,10,2,0,11,0
28-04 21:53:27,58.835,17.950,22.437,0,0,1042856,1637968,162604,4981268,3337.615,1973.451,0,15.955,0,3.989,4937,4450,1.610,1.080,0.690,5,0,253.288,0,0,10,3,0,11,0
28-04 21:53:28,40.869,14.292,44.380,0,0,1040208,1638800,162620,5011264,14122.279,7055.624,0,2254.590,0,13.038,4767,6612,1.610,1.080,0.690,1,0,148.434,0,0,11,5,0,11,0
28-04 21:53:29,27.956,7.488,62.152,1.498,0,1161324,1517376,162620,5107948,230416.828,8289.898,15.975,0,0.998,0,3328,2457,1.610,1.080,0.690,3,0,66.894,0,0,11,6,0,11,0
28-04 21:53:30,56.500,7.750,34.750,0.250,0,1170444,1507576,162660,5108532,17934.000,6051.000,0,588.000,0,24.000,3920,1977,1.610,1.080,0.690,2,0,61.000,0,0,11,7,0,11,0
28-04 21:53:31,35.811,10.768,51.839,1.252,0,1191912,1486040,162716,5108484,26564.425,9564.355,100.171,1514.590,8.014,47.081,4253,3249,1.610,1.080,0.690,2,0,170.291,0,0,11,7,1,13,0
28-04 21:53:32,27.444,3.742,63.870,3.493,0,1233216,1442016,162784,5110728,25417.296,9289.104,1664.614,2139.648,112.771,49.898,2486,1951,1.650,1.090,0.700,3,0,0,0,0,11,8,0,13,0
28-04 21:53:33,39.924,3.992,54.147,1.497,0,1291720,1381476,162948,5112116,17018.611,9906.147,243.537,2107.988,6.987,32.937,2644,1469,1.650,1.090,0.700,4,0,0,0,0,11,7,0,13,1
28-04 21:53:34,34.884,3.513,56.466,3.513,0,1306008,1363864,163360,5114736,37378.187,12479.807,16.062,10797.362,1.004,869.330,5570,8256,1.650,1.090,0.700,0,1,10.038,0,0,11,9,0,13,1
28-04 21:53:35,28.234,6.996,51.720,9.994,0,1319468,1341372,164716,5122068,13467.172,7667.543,0,48547.781,0,3912.726,15775,29831,1.650,1.090,0.700,5,0,59.965,0,0,11,8,0,13,2
28-04 21:53:36,35.512,7.502,53.268,2.501,0.250,1236064,1407436,165056,5138456,181021.549,13261.362,0,20938.888,0,1322.435,6844,9827,1.650,1.090,0.700,2,0,87.029,0,0,11,6,0,13,2
28-04 21:53:37,44.007,5.751,48.508,0.750,0,1262224,1368576,165892,5148424,2420.400,1134.187,0,2612.431,0,146.024,3162,2152,1.670,1.110,0.710,2,0,2.000,0,0,11,6,0,13,2
28-04 21:53:38,45.747,5.250,48.747,0.500,0,1299000,1320788,166240,5157968,2479.844,1133.929,0,3143.802,0,121.992,2984,1712,1.670,1.110,0.710,2,0,0,0,0,11,6,0,13,2
28-04 21:53:39,48.617,2.742,47.121,0.748,0,1289984,1319112,166524,5166968,2447.280,1130.895,0,6920.997,0,374.970,3423,2878,1.670,1.110,0.710,3,0,0,0,0,11,6,0,13,2
28-04 21:53:40,43.806,6.008,48.312,0.751,0,1277596,1313116,166960,5183544,2483.165,1135.447,0,1886.404,0,130.166,3206,2050,1.670,1.110,0.710,2,0,10.013,0,0,11,6,0,13,2
28-04 21:53:41,44.374,4.737,48.362,0.997,0,1290784,1286188,167764,5194344,2404.149,1130.778,0,2441.044,0,146.582,3194,2069,1.670,1.110,0.710,3,0,0,0,0,11,6,0,13,2
28-04 21:53:42,47.795,3.003,48.045,0.751,0,1299136,1254716,168372,5215100,3919.686,1135.067,0,1269.193,0,49.046,2960,1569,1.700,1.120,0.710,4,0,0,0,0,11,6,0,12,2
28-04 21:53:43,32.320,20.795,44.848,1.754,0,1268332,1275308,169060,5223376,2481.397,1136.472,0,11356.701,0,478.040,6023,4392,1.700,1.120,0.710,2,0,359.783,0,0,11,6,0,12,2
28-04 21:53:44,28.791,21.531,48.319,0,0,1231988,1328160,169092,5206988,8333.933,3998.726,0,456.654,0,20.029,5780,4331,1.700,1.120,0.710,3,0,356.510,0,0,11,4,0,12,0
28-04 21:53:45,42.308,16.425,41.064,0,0,1170980,1389128,169092,5207032,2138.289,1021.362,0,23.892,0,2.986,5696,6397,1.700,1.120,0.710,5,0,147.331,0,0,11,4,0,12,0
28-04 21:53:46,36.059,11.268,45.074,6.511,0,1207104,1345144,169104,5215320,2727.471,2213.629,7716.650,1262.069,78.128,46.076,4101,3818,1.700,1.120,0.710,2,0,146.240,0,0,11,6,0,11,0
28-04 21:53:47,43.643,5.237,48.382,1.496,0,1273304,1278868,169120,5215380,3670.015,1131.230,19.951,75.814,3.990,4.988,2785,1440,1.720,1.140,0.720,3,0,0.998,0,0,11,6,0,11,0
28-04 21:53:48,46.850,3.257,47.852,1.503,0,1302852,1248296,169156,5216360,2367.055,1136.427,493.053,10354.112,4.009,84.180,2729,1203,1.720,1.140,0.720,3,0,0,0,0,11,6,0,11,0
28-04 21:53:49,41.738,10.247,48.485,0,0,1317456,1233176,169196,5216836,2033.392,1133.661,0,479.856,0,32.990,2877,1586,1.720,1.140,0.720,4,0,0,0,0,11,6,0,11,0
28-04 21:53:50,29.731,8.744,60.712,0,0.250,1343840,1204880,169288,5218556,3722.641,1079.316,0,511.676,0,39.975,4307,4777,1.720,1.140,0.720,1,0,117.925,0,0,11,5,0,12,0
28-04 21:53:51,9.262,3.504,86.610,0,0,1371048,1177664,169296,5218556,2858.622,1459.850,0,0,0,0,1458,1407,1.720,1.140,0.720,2,0,22.028,0,0,11,5,0,12,0
28-04 21:53:52,22.482,3.497,73.191,0,0,1426992,1121720,169296,5218556,2963.628,1618.705,0,2653.876,0,18.985,1844,1379,1.670,1.130,0.720,2,0,0,0,0,11,5,0,12,0
28-04 21:53:53,24.498,2.000,73.243,0,0,1446624,1102064,169296,5218556,2965.702,1619.837,0,1335.866,0,4.999,1736,1111,1.670,1.130,0.720,1,0,0,0,0,11,5,0,12,0
28-04 21:53:54,29.855,2.509,65.730,1.004,0,1467760,1080644,169324,5218804,8355.286,3875.584,0,1493.234,0,199.700,3871,4822,1.670,1.130,0.720,3,0,1.004,0,0,11,11,0,12,0
28-04 21:53:55,43.215,7.494,47.711,0.250,0,1390400,1151344,169340,5224444,3083.503,1630.680,0,3960.793,0,159.871,3510,2634,1.670,1.130,0.720,2,0,43.964,0,0,11,4,0,14,0
28-04 21:53:56,35.373,4.484,54.056,5.480,0,1465044,1076064,169480,5224776,9467.027,4568.605,370.670,860.911,12.954,5.979,2487,1340,1.670,1.130,0.720,3,0,16.939,0,0,11,5,0,14,0
28-04 21:53:57,42.536,7.256,49.542,0.250,0,1487908,1046420,169560,5230204,7039.952,4134.496,0,3683.114,0,126.107,9777,16403,1.690,1.150,0.730,3,0,8.007,0,0,11,11,0,14,0
28-04 21:53:58,36.630,6.774,47.920,7.276,0,1464680,1069008,169632,5230544,4298.276,3165.249,44.157,34378.178,11.039,196.699,4272,4272,1.690,1.150,0.730,1,1,13.046,0,0,11,17,0,14,0
28-04 21:53:59,27.500,7.750,45.500,18.000,0,1468592,1064404,169704,5230892,3291.979,2108.987,223.999,1871.988,55.000,17.000,8858,15881,1.690,1.150,0.730,2,0,16.000,0,0,11,27,0,14,0
28-04 21:54:00,39.705,7.991,51.193,0.250,0,1414296,1131884,169720,5219560,6919.240,5492.840,0,539.395,0,11.987,3387,2154,1.690,1.150,0.730,2,0,44.950,0,0,11,28,0,15,0
28-04 21:54:01,43.725,6.996,48.473,0,0.250,1436184,1110068,169720,5219588,3058.271,1457.176,0,3.998,0,0.999,2941,1433,1.690,1.150,0.730,3,0,24.986,0,0,11,28,0,15,0
28-04 21:54:02,32.447,5.241,61.650,0,0,1418844,1127476,169720,5219592,8127.751,7240.197,0,543.115,0,4.992,2904,1854,1.720,1.160,0.740,0,0,49.919,0,0,11,29,0,15,0
28-04 21:54:03,26.542,11.769,61.348,0,0,1415584,1130712,169720,5219616,4246.751,2534.028,0,1506.395,0,16.025,3594,2513,1.720,1.160,0.740,4,0,156.248,0,0,11,28,0,16,0
28-04 21:54:04,45.528,5.503,48.280,0,0,1475196,1071100,169724,5219612,2774.705,1755.078,0,224.138,0,9.006,2865,1548,1.720,1.160,0.740,2,0,0,0,0,11,28,1,16,0
28-04 21:54:05,32.020,3.752,63.541,0,0.250,1488332,1057936,169732,5219632,14045.984,13182.431,0,468.300,0,27.017,3855,3818,1.720,1.160,0.740,2,0,0,0,0,11,30,0,16,0
28-04 21:54:06,39.013,13.004,47.015,0.500,0,1394068,1151792,169748,5220024,10361.360,8219.665,0,232.075,0,38.012,6433,7569,1.720,1.160,0.740,4,0,229.074,0,0,11,28,0,17,0
28-04 21:54:07,73.684,25.477,0.999,0,0,1497012,1048776,169764,5220064,2475.790,1456.700,0,3476.897,0,193.827,5704,4794,1.980,1.230,0.760,6,0,349.688,0,0,11,28,0,17,0
28-04 21:54:08,87.670,11.489,0,0,0,1655008,890772,169764,5220072,6484.051,3811.503,0,243.776,0,9.991,4923,2531,1.980,1.230,0.760,6,0,0,0,0,11,29,0,17,0
28-04 21:54:09,88.419,10.520,1.503,0,0,1762280,783472,169768,5220096,19408.139,18797.971,0,24194.298,0,156.299,6548,5267,1.980,1.230,0.760,5,0,0,0,0,11,33,0,17,0
28-04 21:54:10,80.561,6.984,11.224,0,0,1775972,769668,169768,5220208,27239.137,24373.855,0,391.083,0,52.876,8279,10991,1.980,1.230,0.760,6,0,0,0,0,11,29,0,22,0
28-04 21:54:11,39.295,12.514,47.304,0,0,1500072,1045400,169780,5220364,6133.970,4527.144,0,364.414,0,30.034,4714,4675,1.980,1.230,0.760,1,0,255.290,0,0,11,28,0,20,0
28-04 21:54:12,20.001,6.500,72.753,0.250,0,1541820,1003652,169780,5220364,2630.117,1392.062,0,164.007,0,12.001,2386,1777,1.980,1.240,0.770,1,0,55.002,0,0,11,28,0,20,0
28-04 21:54:13,18.961,2.245,77.840,0.249,0,1539684,1005776,169784,5220372,6600.404,5310.062,0,143.704,0,7.984,1981,1688,1.980,1.240,0.770,2,0,0,0,0,11,29,0,20,0
28-04 21:54:14,19.038,5.260,75.149,0.250,0,1502464,1043036,169792,5220380,7286.471,4502.943,0,68820.678,0,706.403,3543,3543,1.980,1.240,0.770,4,0,6.012,0,0,11,28,0,21,0
28-04 21:54:15,19.521,6.507,73.328,0,0,1485836,1059660,169792,5220384,2780.961,1459.554,0,0,0,0,2427,1688,1.980,1.240,0.770,2,0,62.066,0,0,11,28,0,20,0
28-04 21:54:16,18.998,2.750,78.493,0,0,1495984,1049508,169792,5220388,6746.384,5266.519,0,0,0,0,1885,1545,1.980,1.240,0.770,1,0,0,0,0,11,29,0,20,0
28-04 21:54:17,19.223,1.997,77.141,0,0,1481480,1063988,169804,5220400,5654.985,4524.587,0,383.457,0,33.952,2621,2821,1.900,1.230,0.770,2,0,0.999,0,0,11,28,0,21,0
28-04 21:54:18,9.266,21.287,68.120,0,0,1397244,1148204,169808,5220416,2482.363,1460.567,0,2227.916,0,87.153,5702,4245,1.900,1.230,0.770,1,0,459.808,0,0,11,28,0,21,0
28-04 21:54:19,47.008,32.255,20.253,0,0,1440996,1104424,169808,5220444,2270.384,1350.228,0,336.057,0,22.004,5823,4651,1.900,1.230,0.770,5,0,579.098,0,0,11,28,0,17,0
28-04 21:54:20,85.679,13.739,0.250,0,0,1621376,924012,169824,5220568,2461.963,1402.839,0,647.464,0,39.967,5523,9789,1.900,1.230,0.770,5,0,35.970,0,0,11,28,0,18,0
28-04 21:54:21,85.250,8.750,5.750,0,0,1714076,831300,169828,5220468,17533.914,16985.917,0,111.999,0,10.000,5212,3721,1.900,1.230,0.770,3,0,0,0,0,11,32,0,18,0
28-04 21:54:22,75.190,9.243,15.238,0.250,0,1718660,826484,169832,5220680,29701.173,27055.295,0,735.410,0,24.980,6966,10522,2.150,1.300,0.790,4,0,24.980,0,0,11,32,0,18,0
28-04 21:54:23,77.113,19.278,2.504,0.250,0.250,1619008,926000,169856,5220792,12035.622,9403.768,0,1682.463,0,177.260,6714,7862,2.150,1.300,0.790,6,0,255.374,0,0,11,28,0,18,0
28-04 21:54:24,86.748,13.250,0,0,0,1614468,930516,169856,5220816,2509.951,1349.974,0,483.991,0,12.000,4902,2615,2.150,1.300,0.790,6,0,29.999,0,0,11,28,0,18,0
28-04 21:54:25,91.516,8.752,0.250,0,0,1736924,808044,169860,5220828,10406.817,9543.666,0,180.031,0,8.001,5002,2812,2.150,1.300,0.790,6,0,0,0,0,11,31,0,18,0
28-04 21:54:26,83.688,9.243,6.495,0,0,1787476,757180,169868,5221096,24732.659,23724.406,0,779.422,0,45.966,6957,7560,2.150,1.300,0.790,3,0,1.999,0,0,11,34,0,18,0
28-04 21:54:27,75.782,10.004,13.256,0,0,1694868,849712,169876,5221164,28763.963,25908.775,0,108.045,0,15.006,8306,11566,2.220,1.330,0.800,4,0,87.036,0,0,11,30,0,21,0
28-04 21:54:28,67.611,14.221,17.963,0,0,1521720,1022668,169880,5221352,11883.640,9297.940,0,211.566,0,20.957,6009,6340,2.220,1.330,0.800,3,0,171.648,0,0,11,28,0,23,0
28-04 21:54:29,46.513,6.502,46.263,0,0,1560908,983472,169880,5221360,2306.656,1336.380,0,344.098,0,10.003,3031,1539,2.220,1.330,0.800,2,0,46.013,0,0,11,28,0,23,0
28-04 21:54:30,35.800,4.006,59.584,0,0,1566856,977476,169880,5221408,12297.246,11651.340,0,132.185,0,9.013,3729,3459,2.220,1.330,0.800,1,0,0,0,0,11,30,0,23,0
28-04 21:54:31,37.733,18.741,41.981,0.250,0,1494616,1049692,169880,5221432,11232.796,9239.719,0,351.837,0,31.985,6047,6615,2.220,1.330,0.800,4,0,361.832,0,0,11,28,0,23,0
28-04 21:54:32,65.253,9.962,23.660,0,0,1517740,1026532,169884,5221464,2068.173,1291.114,0,159.397,0,8.966,3686,1560,2.280,1.350,0.820,5,0,15.940,0,0,11,28,0,23,0
28-04 21:54:33,55.248,5.274,39.176,0,0,1563524,980720,169888,5221488,14258.025,13214.338,0,220.992,0,21.095,4166,3125,2.280,1.350,0.820,3,0,0,0,0,11,31,0,23,0
28-04 21:54:34,52.637,5.239,40.663,0.249,0,1524908,1019136,169892,5221684,19933.343,17867.764,0,566.787,0,48.895,7862,9940,2.280,1.350,0.820,3,0,6.985,0,0,11,28,0,24,0
28-04 21:54:35,73.692,22.559,3.259,0,0,1495416,1048608,169892,5221704,2544.646,1461.818,0,268.702,0,14.037,5102,2985,2.280,1.350,0.820,4,0,251.657,0,0,11,28,0,24,0
28-04 21:54:36,77.365,7.736,14.724,0,0,1614980,929032,169892,5221716,10001.528,9939.636,0,223.609,0,10.981,4598,2074,2.280,1.350,0.820,4,0,0,0,0,11,31,0,24,0
28-04 21:54:37,69.004,7.000,23.501,0,0,1627120,916696,169912,5221892,24480.403,21919.256,0,952.055,0,59.003,7542,8558,2.500,1.410,0.840,2,0,1.000,0,0,11,32,0,24,0
28-04 21:54:38,58.830,15.271,25.034,0,0,1498668,1045084,169916,5221952,15992.688,12898.492,0,212.288,0,32.043,7368,8051,2.500,1.410,0.840,3,0,273.371,0,0,11,28,0,27,0
28-04 21:54:39,61.773,14.005,24.509,0,0,1509724,1034016,169916,5221964,2719.005,1458.539,0,2376.879,0,122.045,3851,1732,2.500,1.410,0.840,3,0,51.019,0,0,11,28,0,27,0
28-04 21:54:40,54.976,5.747,38.233,0,0,1580836,962888,169916,5221980,13284.196,11643.912,0,167.927,0,7.997,3753,2607,2.500,1.410,0.840,3,0,0,0,0,11,31,0,27,0
28-04 21:54:41,52.978,5.248,40.483,0.250,0.250,1550256,993400,169928,5222036,22080.690,18320.275,0,899.621,0,64.973,6779,8093,2.500,1.410,0.840,3,0,16.993,0,0,11,29,0,29,0
28-04 21:54:42,55.549,20.518,23.771,0,0,1477500,1065992,169932,5222196,5078.443,3427.999,0,336.294,0,25.022,5176,4299,2.780,1.490,0.870,4,0,282.247,0,0,11,28,0,29,0
28-04 21:54:43,63.282,7.225,28.402,0,0,1566204,977280,169936,5222200,4847.278,3801.884,0,175.395,0,8.969,3416,1287,2.780,1.490,0.870,3,0,0,0,0,11,29,0,29,0
28-04 21:54:44,51.638,5.264,42.614,0,0,1575984,967332,169944,5222360,18606.629,18535.439,0,1299.466,0,47.126,4827,5391,2.780,1.490,0.870,3,0,1.003,0,0,11,30,0,30,0
28-04 21:54:45,60.160,19.471,19.471,0,0,1516448,1026804,169948,5222480,13078.344,10137.764,0,159.760,0,12.980,6090,6412,2.780,1.490,0.870,4,0,286.569,0,0,11,28,0,32,0
28-04 21:54:46,67.433,7.992,23.726,0,0,1577740,965516,169948,5222480,3171.840,1456.549,0,183.817,0,7.992,3581,1370,2.780,1.490,0.870,4,0,0,0,0,11,28,0,32,0
28-04 21:54:47,47.900,5.517,46.144,0.251,0,1585524,957708,169948,5222504,18471.723,17379.309,0,148.464,0,9.028,4486,4390,2.720,1.500,0.870,4,0,1.003,0,0,11,31,0,32,0
28-04 21:54:48,55.694,10.989,31.968,0.250,0,1539784,1003136,169952,5222812,13194.722,11360.568,0,971.023,0,82.917,6354,7159,2.720,1.500,0.870,4,0,81.918,0,0,11,28,0,34,0
28-04 21:54:49,66.088,9.193,23.603,0,0.248,1528256,1014656,169956,5222816,2472.590,1448.969,0,846.723,0,13.913,3778,1665,2.720,1.500,0.870,3,0,29.814,0,0,11,28,0,34,0
28-04 21:54:50,57.034,5.025,37.939,0,0,1561120,981764,169972,5222828,12613.703,11951.411,0,156.779,0,8.040,3702,2518,2.720,1.500,0.870,2,0,0,0,0,11,31,0,34,0
28-04 21:54:51,51.690,10.987,35.459,0.250,0,1517740,1025056,169992,5222896,16523.849,14429.276,0,515.403,0,49.942,6320,7341,2.720,1.500,0.870,5,0,162.811,0,0,11,29,0,35,0
28-04 21:54:52,74.393,24.297,1.753,0,0,1516248,1026516,169992,5222928,4906.418,3752.203,0,1963.770,0,161.310,5722,5054,2.900,1.560,0.900,7,0,379.729,0,0,11,28,0,35,0
28-04 21:54:53,79.875,20.031,0,0,0,1627260,915472,169996,5222956,4104.409,1460.280,0,164.256,0,9.014,5209,3929,2.900,1.560,0.900,7,0,286.447,0,0,11,28,0,35,0
28-04 21:54:54,82.903,16.980,0.250,0,0,1753696,789012,170000,5222972,9053.421,7958.700,0,151.823,0,8.989,5415,4270,2.900,1.560,0.900,8,0,283.669,0,0,11,30,0,35,0
28-04 21:54:55,79.454,16.990,2.499,0,0,1792768,749708,170008,5223192,30618.450,28977.391,0,583.665,0,35.979,6696,7102,2.900,1.560,0.900,5,0,285.836,0,0,11,33,0,35,0
28-04 21:54:56,79.638,17.781,3.256,0,0.250,1613960,928228,170040,5223444,32530.359,30944.612,0,400.694,0,43.075,7699,9364,2.900,1.560,0.900,6,0,272.472,0,0,11,29,0,34,0
28-04 21:54:57,81.256,18.751,0,0,0,1578580,963580,170044,5223464,5351.395,2043.151,0,308.023,0,22.002,5439,3879,3.230,1.650,0.930,6,0,187.014,0,0,11,28,0,34,0
28-04 21:54:58,90.199,9.245,0.250,0,0,1667216,874940,170044,5223468,10268.197,7727.633,0,0,0,0,5103,2375,3.230,1.650,0.930,6,0,0,0,0,11,30,0,34,0
28-04 21:54:59,79.772,7.752,11.503,0,0,1702904,839212,170044,5223508,28681.985,27351.614,0,712.198,0,50.014,7013,8619,3.230,1.650,0.930,5,0,1.000,0,0,11,34,0,35,0
28-04 21:55:00,66.406,15.228,16.726,0,0,1604612,937252,170048,5223748,26146.036,23934.163,0,295.582,0,15.977,8191,11244,3.230,1.650,0.930,4,0,264.626,0,0,11,33,0,38,0
28-04 21:55:01,23.526,21.774,53.809,0.250,0,1436252,1105572,170064,5223772,5255.768,3472.811,0,1862.044,0,112.123,5793,5026,3.230,1.650,0.930,2,0,427.469,0,0,11,32,0,39,0
28-04 21:55:02,37.497,35.997,26.248,0.250,0,1458804,1082992,170064,5223800,2477.825,1457.897,0,135.990,0,15.999,6045,5198,2.970,1.620,0.920,6,0,742.948,0,0,11,32,0,39,0
28-04 21:55:03,80.550,15.760,3.252,0,0,1560996,980772,170064,5223828,3973.489,3432.150,0,0,0,0,4793,2569,2.970,1.620,0.920,3,0,171.107,0,0,11,33,0,39,0
28-04 21:55:04,68.934,7.243,23.228,0,0,1631944,909800,170064,5223852,19421.271,17677.952,0,0,0,0,5158,4602,2.970,1.620,0.920,4,0,0,0,0,11,36,0,37,0
28-04 21:55:05,67.261,11.502,20.253,0,0,1547744,993912,170096,5223908,18412.082,15297.561,0,552.092,0,56.009,6833,8773,2.970,1.620,0.920,5,0,134.022,0,0,11,33,0,40,0
28-04 21:55:06,81.971,16.744,1.250,0.250,0,1563820,977676,170100,5224064,3609.735,2343.179,0,251.912,0,21.992,5127,2962,2.970,1.620,0.920,5,0,133.953,0,0,11,32,0,41,0
28-04 21:55:07,75.965,7.497,15.993,0,0,1629576,911916,170100,5224068,15074.011,13777.612,0,143.933,0,5.997,4542,3041,3.050,1.660,0.940,5,0,1.000,0,0,11,35,0,41,0
28-04 21:55:08,59.807,5.756,33.532,0,0,1638108,903136,170116,5224296,30359.053,28742.506,0,664.636,0,41.039,8970,12924,3.050,1.660,0.940,2,0,0,0,0,11,36,0,40,0
28-04 21:55:09,54.363,5.237,39.151,0,0,1637984,903136,170136,5224392,31139.512,27355.051,0,203.487,0,28.927,10642,15243,3.050,1.660,0.940,5,0,0,0,0,11,34,1,40,0
28-04 21:55:10,76.743,13.292,10.032,0.251,0,1467344,1073608,170140,5224552,11277.677,9544.193,0,2981.432,0,150.476,6664,6875,3.050,1.660,0.940,5,0,91.289,0,0,11,32,0,40,0
28-04 21:55:11,83.037,10.473,5.735,0,0,1594444,946488,170144,5224568,7559.597,6755.660,0,107.724,0,5.985,4728,2080,3.050,1.660,0.940,3,0,28.926,0,0,11,34,0,40,0
28-04 21:55:12,69.418,7.017,23.557,0,0,1644008,896896,170144,5224596,22461.283,20272.994,0,4.010,0,1.002,6239,6368,3.050,1.680,0.950,3,0,0,0,0,11,36,0,34,0
28-04 21:55:13,53.504,4.750,39.503,0,0,1643772,896896,170144,5224832,28904.898,27460.804,0,0,0,0,9497,13508,3.050,1.680,0.950,4,0,0,0,0,11,36,0,34,0
28-04 21:55:14,59.214,10.993,28.233,0,0,1576456,964012,170144,5225024,27699.968,24004.240,0,0,0,0,8999,12467,3.050,1.680,0.950,4,0,140.913,0,0,11,34,0,36,0
28-04 21:55:15,82.020,15.754,3.001,0,0,1558040,982388,170160,5225048,8286.052,5489.360,0,260.064,0,39.010,5245,3472,3.050,1.680,0.950,6,0,119.029,0,0,11,32,0,38,0
28-04 21:55:16,81.248,7.750,10.750,0,0,1614496,925900,170160,5225080,12463.631,10459.690,0,103.997,0,8.000,4580,2232,3.050,1.680,0.950,2,0,0,0,0,11,35,0,37,0
28-04 21:55:17,60.884,5.739,32.438,0.250,0,1625600,914580,170164,5225284,29330.229,26831.979,0,103.803,0,7.985,7960,10467,3.040,1.700,0.960,2,0,0.998,0,0,11,36,0,37,0
28-04 21:55:18,68.406,11.276,19.044,0,0,1500620,1039488,170168,5225352,22424.264,19489.555,0,280.642,0,31.071,7457,10827,3.040,1.700,0.960,5,0,74.170,0,0,11,32,0,39,0
28-04 21:55:19,85.744,13.499,0.250,0,0.250,1557852,982240,170168,5225364,2417.822,1457.893,0,107.992,0,7.999,4857,2054,3.040,1.700,0.960,4,0,53.996,0,0,11,32,0,39,0
28-04 21:55:20,71.767,12.459,15.450,0,0,1658356,881516,170192,5227688,17060.536,16766.492,0,1283.826,0,9.968,4874,8146,3.040,1.700,0.960,7,0,132.569,0,0,11,36,0,38,0
28-04 21:55:21,69.416,21.050,9.523,0,0,1623324,916496,170216,5225548,15985.283,13050.254,0,693.661,0,55.132,6964,14880,3.040,1.700,0.960,4,0,443.061,0,0,11,34,0,41,0
28-04 21:55:22,75.464,8.746,14.493,0,0.250,1664992,874740,170220,5225628,23014.099,19902.573,0,187.911,0,7.996,6157,8629,3.280,1.780,0.990,4,0,0,0,0,11,34,0,41,0
28-04 21:55:23,73.852,12.768,13.018,0,0,1621204,918372,170220,5225784,17571.359,13955.346,0,108.150,0,8.011,5185,4437,3.280,1.780,0.990,4,0,141.196,0,0,11,34,0,43,0
28-04 21:55:24,79.992,8.499,10.999,0,0,1651840,887684,170220,5225832,15913.495,13735.701,0,115.989,0,8.999,5700,6686,3.280,1.780,0.990,4,0,0,0,0,11,33,0,42,0
28-04 21:55:25,76.746,12.249,10.499,0,0,1581604,957900,170220,5225848,11851.308,10537.385,0,3055.822,0,176.990,5072,3305,3.280,1.780,0.990,4,0,86.995,0,0,11,34,0,43,0
28-04 21:55:26,81.689,7.970,10.211,0,0,1574980,964520,170220,5225880,12665.855,10902.558,0,3.985,0,0.996,5164,4717,3.280,1.780,0.990,3,0,33.871,0,0,11,33,0,45,0
28-04 21:55:27,75.298,11.546,13.052,0,0,1621328,918016,170220,5226040,14869.809,13420.076,0,0,0,0,5527,5155,3.180,1.780,1,4,0,41.163,0,0,11,34,0,45,0
28-04 21:55:28,67.633,10.731,20.714,0.250,0,1519420,1019880,170228,5226076,21312.021,18559.797,0,291.494,0,32.943,5592,6734,3.180,1.780,1,5,0,108.811,0,0,11,34,0,42,0
28-04 21:55:29,59.309,10.510,29.779,0,0,1455160,1084132,170228,5226100,7953.855,4956.895,0,344.340,0,33.033,4571,3788,3.180,1.780,1,4,0,105.104,0,0,11,32,0,44,0
28-04 21:55:30,61.470,9.745,28.486,0,0,1525860,1013380,170232,5226148,7597.236,6092.981,0,239.881,0,14.993,3945,2086,3.180,1.780,1,3,0,43.978,0,0,11,33,0,44,0
28-04 21:55:31,52.569,7.009,40.053,0,0,1499904,1039260,170248,5226208,17104.559,15568.533,0,232.306,0,18.024,4771,4782,3.180,1.780,1,2,0,55.073,0,0,11,34,0,45,0
28-04 21:55:32,57.004,8.463,34.103,0,0,1485612,1053496,170252,5226252,15884.357,13487.714,0,167.277,0,7.966,5514,6686,3.080,1.780,1,5,0,42.815,0,0,11,33,0,44,0
28-04 21:55:33,57.462,11.292,30.111,0,0,1507752,1031276,170252,5226332,7938.302,6839.245,0,116.430,0,8.030,4251,2935,3.080,1.780,1,3,0,84.311,0,0,11,33,0,45,0
28-04 21:55:34,60.154,6.739,33.447,0,0,1579808,958972,170252,5226580,8590.273,7554.927,0,171.726,0,12.979,4170,3482,3.080,1.780,1,2,0,0,0,0,11,33,0,46,0
28-04 21:55:35,41.242,7.249,50.241,0,0,1572480,966136,170252,5226740,16886.845,14987.200,0,179.966,0,12.998,5054,5756,3.080,1.780,1,1,0,85.984,0,0,11,34,0,46,0
28-04 21:55:36,33.830,8.270,57.637,0.251,0,1497288,1041284,170272,5226764,11452.239,9208.903,0,453.078,0,36.086,5514,5989,3.080,1.780,1,3,0,124.296,0,0,11,32,0,48,0
28-04 21:55:37,42.113,7.725,48.841,0,0,1503204,1035368,170272,5226764,2469.945,1453.261,0,143.532,0,9.967,2758,1544,3,1.790,1.010,3,0,11.961,0,0,11,32,0,47,0
28-04 21:55:38,36.977,4.497,58.463,0,0,1533836,1004712,170276,5226784,12478.171,11029.080,0,175.890,0,16.989,3141,2621,3,1.790,1.010,3,0,0,0,0,11,34,0,47,0
28-04 21:55:39,38.520,4.252,55.278,0.250,0,1487420,1051040,170292,5226852,11256.723,9373.766,0,920.468,0,65.033,5258,6253,3,1.790,1.010,3,0,16.008,0,0,11,32,0,49,0
28-04 21:55:40,38.782,12.761,48.290,0,0,1478880,1059572,170292,5226860,2480.077,1459.222,0,8.007,0,2.002,3593,2194,3,1.790,1.010,3,0,122.102,0,0,11,32,0,49,0
28-04 21:55:41,41.259,4.001,54.512,0,0,1537544,1000772,170292,5226996,8536.844,7778.680,0,0,0,0,2776,1718,3,1.790,1.010,3,0,0,0,0,11,34,0,46,0
28-04 21:55:42,34.277,6.005,58.046,0,0,1500124,1038172,170292,5227016,13256.613,9712.776,0,308.247,0,25.020,4527,4698,2.840,1.780,1.010,3,0,60.048,0,0,11,33,0,47,0
28-04 21:55:43,39.737,6.998,52.483,0.250,0,1464384,1073892,170300,5227024,5028.410,3876.774,0,103.967,0,11.996,2957,2253,2.840,1.780,1.010,2,0,4.998,0,0,11,32,0,48,0
28-04 21:55:44,42.066,4.978,52.769,0,0,1508224,1030036,170308,5227032,7574.807,6315.326,0,119.476,0,7.965,2701,1592,2.840,1.780,1.010,3,0,0,0,0,11,33,0,48,0
28-04 21:55:45,37.651,4.016,58.233,0,0,1509272,1028960,170308,5227060,15561.325,13586.416,0,0,0,0,4526,4807,2.840,1.780,1.010,3,0,0,0,0,11,33,0,46,0
28-04 21:55:46,36.465,7.992,53.949,0.250,0,1431608,1106588,170312,5227092,8283.158,6491.854,0,383.637,0,62.940,4405,4458,2.840,1.780,1.010,2,0,47.955,0,0,11,32,0,47,0
28-04 21:55:47,40.477,5.497,53.969,0,0,1512916,1025272,170316,5227096,7853.505,6339.371,0,143.918,0,9.994,2848,1874,2.770,1.780,1.010,4,0,0.999,0,0,11,33,0,47,0
28-04 21:55:48,34.792,4.255,59.822,0.250,0,1524464,1013700,170316,5227116,14758.862,12095.639,0,112.136,0,7.008,3995,4201,2.770,1.780,1.010,2,0,0,0,0,11,34,0,47,0
28-04 21:55:49,31.321,14.032,53.121,0.251,0,1475784,1062140,170324,5227348,10512.987,8270.871,0,336.768,0,34.078,6274,6506,2.770,1.780,1.010,2,0,262.599,0,0,11,32,0,45,0
28-04 21:55:50,22.648,4.480,72.176,0,0,1461112,1076804,170324,5227352,2526.659,1451.485,0,175.214,0,8.960,2017,1346,2.770,1.780,1.010,2,0,19.911,0,0,11,32,0,45,0
28-04 21:55:51,19.535,2.254,77.390,0,0,1454228,1083684,170324,5227356,9353.937,6512.793,0,3438.226,0,137.249,1845,1563,2.770,1.780,1.010,2,0,0,0,0,11,33,0,45,0
28-04 21:55:52,17.262,2.502,78.304,0.250,0,1446172,1091708,170332,5227376,8448.873,7272.055,0,624.434,0,41.029,3436,4171,2.630,1.770,1.010,3,0,0,0,0,11,32,0,46,0
28-04 21:55:53,14.476,14.476,69.884,0.250,0,1396320,1141544,170340,5227384,2414.007,1455.592,0,151.749,0,17.970,4296,3208,2.630,1.770,1.010,1,0,283.531,0,0,11,32,0,44,0
28-04 21:55:54,23.754,2.751,73.013,0,0,1446604,1091256,170340,5227388,2418.446,1458.269,0,8.001,0,2.000,1741,1084,2.630,1.770,1.010,2,0,0,0,0,11,32,0,44,0
28-04 21:55:55,18.277,2.754,78.616,0.250,0,1444252,1093600,170340,5227396,10105.971,7142.581,0,268.398,0,15.022,2111,2020,2.630,1.770,1.010,3,0,0,0,0,11,33,0,44,0
28-04 21:55:56,18.987,4.747,74.949,0,0.250,1384088,1153744,170340,5227416,8248.428,6516.598,0,155.895,0,15.989,3729,4131,2.630,1.770,1.010,2,0,45.969,0,0,11,32,0,45,0
28-04 21:55:57,22.263,3.752,73.043,0.250,0,1398468,1139364,170340,5227416,2719.586,1458.851,0,144.084,0,8.005,1866,1300,2.500,1.750,1.010,2,0,1.001,0,0,11,32,0,44,0
28-04 21:55:58,18.737,2.498,78.445,0,0,1413300,1124524,170340,5227424,8074.380,7058.088,0,0,0,0,1927,1543,2.500,1.750,1.010,2,0,0,0,0,11,33,0,44,0
28-04 21:55:59,17.755,3.001,77.771,0,0,1410548,1127244,170344,5227452,11824.131,9517.520,0,264.070,0,21.006,4548,5808,2.500,1.750,1.010,2,0,0,0,0,11,33,0,44,0
28-04 21:56:00,13.779,16.284,68.894,0,0,1377520,1159952,170348,5227760,3201.693,1927.028,0,100.209,0,14.029,4838,3775,2.500,1.750,1.010,1,0,321.672,0,0,11,32,0,44,0
28-04 21:56:01,28.163,16.948,53.834,0.249,0,1422512,1114928,170372,5227764,2786.399,1495.384,0,279.138,0,19.938,4970,3763,2.500,1.750,1.010,2,0,304.061,0,0,11,32,0,41,0
28-04 21:56:02,45.557,4.756,48.061,0.250,0,1518420,1018832,170412,5227908,2431.063,1459.839,36.045,552.696,1.001,23.029,2882,1570,2.460,1.760,1.020,2,0,0,0,0,11,32,0,41,0
28-04 21:56:03,42.123,6.480,48.105,2.991,0,1566940,966824,170740,5230800,2420.684,1453.607,434.686,4530.309,16.949,359.912,4501,4843,2.460,1.760,1.020,2,1,22.931,0,0,11,36,0,41,0
28-04 21:56:04,39.585,6.263,42.591,10.021,0,1521348,1006844,171332,5235396,2334.995,1352.894,0,28673.338,0,3058.543,13527,25167,2.460,1.760,1.020,5,0,109.234,0,0,11,36,0,41,0
28-04 21:56:05,39.242,8.498,40.742,8.998,0,1550100,976492,172016,5236248,2537.511,1457.719,0,41096.078,0,3670.292,14515,28104,2.460,1.760,1.020,3,0,38.992,0,0,11,36,0,38,0
28-04 21:56:06,45.591,6.763,45.090,1.503,0,1520840,1005652,172116,5236248,2726.431,1406.802,0,19639.119,0,1069.130,4671,6211,2.460,1.760,1.020,4,0,7.014,0,0,11,32,0,38,0
28-04 21:56:07,46.366,4.736,48.111,0.249,0,1512000,1014472,172116,5236268,2530.687,1453.799,0,1754.929,0,179.481,2974,1655,2.420,1.760,1.020,4,0,1.994,0,0,11,32,0,38,0
28-04 21:56:08,39.360,8.022,42.369,7.772,0,1518340,1007416,172448,5236644,2605.289,1462.091,0,17841.917,0,2257.315,14621,24259,2.420,1.760,1.020,3,1,1.003,0,0,11,34,0,38,0
28-04 21:56:09,37.630,9.968,48.345,2.741,0.249,1464280,1061172,172620,5236768,2709.326,1453.347,0,6678.619,0,886.163,8075,10950,2.420,1.760,1.020,2,0,99.681,0,0,11,32,0,37,0
28-04 21:56:10,23.244,2.999,72.480,0.250,0,1434520,1090908,172624,5236784,4456.789,1457.604,0,731.801,0,41.989,1948,1557,2.420,1.760,1.020,2,0,1.000,0,0,11,32,0,37,0
28-04 21:56:11,23.717,2.996,72.150,0.749,0,1489864,1035520,172668,5236784,2970.886,1455.984,0,6558.918,0,350.515,2282,2630,2.420,1.760,1.020,2,0,0,0,0,11,32,0,37,0
28-04 21:56:12,22.852,3.265,73.579,0,0,1507504,1017880,172668,5236784,2609.662,1506.733,0,4.018,0,1.004,1799,1230,2.310,1.750,1.020,2,0,2.009,0,0,11,32,0,37,0
28-04 21:56:13,22.439,3.740,73.301,0,0,1493120,1032244,172668,5236804,2471.295,1454.055,0,0,0,0,1783,1234,2.310,1.750,1.020,2,0,0.997,0,0,11,32,0,37,0
28-04 21:56:14,23.047,3.507,73.399,0,0,1513012,1012348,172668,5236804,4046.199,1460.960,0,0,0,0,1837,1292,2.310,1.750,1.020,3,0,2.004,0,0,11,32,0,37,0
28-04 21:56:15,23.779,2.503,73.588,0,0,1486156,1039188,172668,5236820,2541.054,1459.755,0,0,0,0,1695,1128,2.310,1.750,1.020,1,0,1.001,0,0,11,32,0,37,0
28-04 21:56:16,22.692,3.242,73.064,0,0,1478280,1047064,172668,5236820,4098.551,1454.292,0,79.797,0,1.995,1785,1257,2.310,1.750,1.020,2,0,0,0,0,11,32,0,37,0
28-04 21:56:17,22.664,3.736,72.724,0,0,1488640,1036704,172668,5236820,2528.413,1452.493,0,1713.503,0,195.260,1976,1226,2.200,1.740,1.020,2,0,2.989,0,0,11,32,0,37,0
28-04 21:56:18,23.872,3.015,73.124,0.251,0.251,1446200,1079048,172676,5236904,2430.437,1465.499,0,221.132,0,15.077,1939,1587,2.200,1.740,1.020,2,0,1.005,0,0,11,32,0,33,0
28-04 21:56:19,22.986,3.498,73.204,0.500,0,1484364,1040876,172680,5236908,4035.464,1457.084,0,339.786,0,21.986,1794,1270,2.200,1.740,1.020,2,0,0,0,0,11,32,0,33,0
28-04 21:56:20,22.285,3.506,73.366,0,0,1520516,1004724,172680,5236908,2722.305,1460.309,0,0,0,0,1780,1180,2.200,1.740,1.020,1,0,2.003,0,0,11,32,0,33,0
28-04 21:56:21,32.409,4.238,62.325,0,0,1449168,1075972,172680,5236996,2787.195,1453.929,0,0,0,0,2877,13447,2.200,1.740,1.020,2,0,36.897,0,0,11,32,0,34,0
28-04 21:56:22,22.811,3.760,73.445,0,0,1449084,1076036,172688,5237008,2484.598,1461.882,0,457.214,0,55.146,1830,1387,2.100,1.720,1.020,3,0,0,0,0,11,32,0,29,0
28-04 21:56:23,22.494,3.749,72.982,0,0,1481564,1043528,172692,5237032,2357.408,1457.634,0,163.959,0,2.999,1806,1408,2.100,1.720,1.020,1,0,1.000,0,0,11,32,0,29,0
28-04 21:56:24,23.166,3.487,72.238,0.249,0,1510112,1014960,172712,5237032,2247.853,1291.320,0,6759.502,0,328.808,2133,2227,2.100,1.720,1.020,2,0,1.993,0,0,11,32,0,29,0
28-04 21:56:25,23.599,2.511,73.809,0,0,1480624,1044428,172712,5237052,4277.904,1626.809,0,0,0,0,1676,1028,2.100,1.720,1.020,2,0,1.004,0,0,11,32,0,29,0
28-04 21:56:26,22.737,3.498,73.209,0,0,1471632,1053408,172716,5237060,2493.620,1457.194,0,0,0,0,1765,1375,2.100,1.720,1.020,2,0,0,0,0,11,32,0,25,0
28-04 21:56:27,23.550,4.259,72.405,0,0,1445696,1079316,172716,5237084,2483.307,1461.123,0,0,0,0,1919,1316,2.020,1.710,1.020,1,0,8.017,0,0,11,32,0,25,0
28-04 21:56:28,22.672,3.488,72.998,0.249,0.249,1486152,1038852,172720,5237088,2409.668,1452.976,0,131.545,0,8.969,1901,1600,2.020,1.710,1.020,3,0,0,0,0,11,32,0,25,0
28-04 21:56:29,22.730,3.247,73.435,0,0,1503312,1021688,172724,5237088,5896.741,1550.617,0,359.679,0,24.978,1887,1381,2.020,1.710,1.020,3,0,1.998,0,0,11,32,0,25,0
28-04 21:56:30,13.556,15.564,70.290,0,0,1439580,1085196,172724,5237272,2608.750,1464.033,0,333.374,0,8.033,4623,3428,2.020,1.710,1.020,3,0,291.200,0,0,11,32,0,19,0
28-04 21:56:31,9.731,19.463,68.868,0,0,1431412,1093184,172724,5237444,5963.575,1455.212,0,714.631,0,10.979,5786,4457,2.020,1.710,1.020,2,0,420.195,0,0,11,32,0,19,0
28-04 21:56:32,9.021,21.801,68.662,0,0,1421088,1103476,172724,5237472,2423.702,1461.438,0,412.972,0,6.014,5743,4286,1.930,1.700,1.020,1,0,408.962,0,0,11,32,0,19,0
28-04 21:56:33,12.216,14.958,71.051,0,0,1421888,1102656,172724,5237492,2423.209,1453.925,0,486.636,0,86.757,4408,3179,1.930,1.700,1.020,2,0,249.301,0,0,11,32,0,19,0
28-04 21:56:34,22.521,3.503,73.318,0,0,1471276,1053284,172724,5237476,2360.188,1459.353,0,0,0,0,1764,1224,1.930,1.700,1.020,3,0,0,0,0,11,32,0,16,0
28-04 21:56:35,22.474,3.496,73.414,0,0,1491876,1032680,172728,5237476,2415.178,1456.299,0,227.734,0,4.994,1743,1194,1.930,1.700,1.020,2,0,2.996,0,0,11,32,0,16,0
28-04 21:56:36,23.265,3.752,73.296,0,0,1479604,1044956,172728,5237472,2616.631,1458.910,0,4.002,0,1.001,1822,1273,1.930,1.700,1.020,3,0,1.001,0,0,11,32,0,16,0
28-04 21:56:37,22.762,3.502,72.789,0,0,1509456,1015104,172728,5237472,4170.236,1458.782,0,1925.032,0,7.004,1881,1282,1.860,1.690,1.020,2,0,3.002,0,0,11,32,0,16,0
28-04 21:56:38,24.194,2.494,72.831,0.249,0,1526616,997916,172732,5237492,2352.554,1454.633,0,235.455,0,13.968,1879,1567,1.860,1.690,1.020,2,0,0,0,0,11,32,0,13,0
28-04 21:56:39,22.061,4.011,72.951,0,0,1472116,1052408,172740,5237492,2424.672,1462.023,0,385.060,0,29.080,1856,1446,1.860,1.690,1.020,2,0,1.003,0,0,11,32,0,13,0
28-04 21:56:40,22.491,3.499,73.721,0,0,1518388,1006136,172740,5237492,3976.417,1457.420,0,0,0,0,1839,1284,1.860,1.690,1.020,2,0,1.999,0,0,11,32,0,13,0
28-04 21:56:41,24.212,2.496,72.886,0,0,1482896,1041612,172740,5237508,2670.828,1455.726,0,11.981,0,0.998,1745,1109,1.860,1.690,1.020,4,0,0.998,0,0,11,32,0,13,0
28-04 21:56:42,22.028,4.255,73.594,0,0,1494732,1029792,172740,5237492,2904.691,1459.855,0,56.071,0,3.004,1817,1341,1.790,1.680,1.020,3,0,0,0,0,11,32,0,10,0
28-04 21:56:43,22.496,3.249,73.488,0,0,1526676,997848,172740,5237492,2477.611,1457.771,0,0,0,0,1787,1224,1.790,1.680,1.020,3,0,2.000,0,0,11,32,0,10,0
28-04 21:56:44,23.483,2.498,72.946,0,0,1482084,1042416,172744,5237512,2476.162,1456.918,0,339.748,0,56.958,1751,1188,1.790,1.680,1.020,2,0,1.999,0,0,11,32,0,10,0
28-04 21:56:45,22.769,3.003,73.813,0,0,1534584,989928,172744,5237500,2734.326,1513.287,0,0,0,0,1705,1215,1.790,1.680,1.020,3,0,0,0,0,11,32,0,10,0
28-04 21:56:46,22.518,3.503,73.808,0,0,1542732,981780,172744,5237500,2797.190,1459.142,0,12.009,0,1.001,1729,1203,1.790,1.680,1.020,3,0,2.002,0,0,11,32,0,7,0
28-04 21:56:47,23.167,3.238,73.238,0,0,1501892,1022636,172744,5237484,2648.511,1452.795,0,0,0,0,1816,1311,1.730,1.660,1.020,4,0,1.993,0,0,11,32,0,7,0
28-04 21:56:48,23.059,3.008,72.936,0.251,0,1526008,998520,172744,5237484,2544.503,1461.736,0,96.246,0,12.031,1979,1691,1.730,1.660,1.020,2,0,2.005,0,0,11,32,0,7,0
28-04 21:56:49,23.229,2.997,73.433,0.250,0,1487668,1036824,172752,5237512,2715.508,1456.663,0,471.567,0,49.954,1799,1247,1.730,1.660,1.020,2,0,0.999,0,0,11,32,0,7,0
28-04 21:56:50,23.490,2.499,73.718,0,0,1525872,998704,172752,5237428,2656.859,1457.374,0,0,0,0,1825,1282,1.730,1.660,1.020,2,0,0,0,0,11,32,0,5,0
28-04 21:56:51,22.291,4.007,73.135,0,0.250,1550724,973852,172752,5237428,2860.293,1460.703,0,0,0,0,1714,1150,1.730,1.660,1.020,2,0,2.004,0,0,11,32,0,5,0
28-04 21:56:52,24.466,2.247,73.399,0,0,1495556,1028932,172752,5237516,2714.264,1455.996,0,595.181,0,66.908,1771,1088,1.670,1.650,1.020,3,0,0.999,0,0,11,32,0,5,0
28-04 21:56:53,22.490,3.748,73.219,0,0.250,1511704,1012796,172752,5237504,2656.864,1457.377,0,11.995,0,1.000,1771,1404,1.670,1.650,1.020,3,0,0,0,0,11,32,0,5,0
28-04 21:56:54,22.560,3.259,73.193,0,0,1487524,1036988,172752,5237496,2873.585,1570.145,0,96.254,0,4.011,1760,1223,1.670,1.650,1.020,3,0,1.003,0,0,11,32,0,4,0
28-04 21:56:55,23.704,2.994,73.356,0,0,1504832,1019680,172752,5237496,2592.918,1455.148,0,0,0,0,1735,1092,1.670,1.650,1.020,3,0,1.996,0,0,11,32,0,4,0
28-04 21:56:56,23.482,2.498,73.193,0,0,1466372,1058120,172752,5237516,2852.783,1498.835,0,19.984,0,0.999,1681,1062,1.670,1.650,1.020,2,0,0.999,0,0,11,32,0,4,0
28-04 21:56:57,22.301,4.260,73.418,0,0,1489196,1035312,172752,5237500,2363.407,1461.343,0,8.018,0,1.002,1848,1438,1.610,1.640,1.020,3,0,1.002,0,0,11,32,0,4,0
28-04 21:56:58,24.194,2.494,72.583,0,0,1470148,1054328,172756,5237532,2292.725,1454.653,0,127.706,0,9.977,1918,1482,1.610,1.640,1.020,3,0,0.998,0,0,11,32,0,4,0
28-04 21:56:59,22.529,3.254,73.343,0.250,0,1492996,1031488,172760,5237520,2300.926,1459.856,0,396.504,0,29.037,1865,1469,1.610,1.640,1.020,3,0,0,0,0,11,32,0,3,0
28-04 21:57:00,22.911,3.486,72.966,0,0,1510520,1013964,172760,5237520,2229.338,1452.357,0,15.938,0,1.992,1785,1189,1.610,1.640,1.020,1,0,1.992,0,0,11,32,0,3,0
28-04 21:57:01,12.074,17.356,69.424,0,0,1439824,1084608,172760,5237568,4194.647,1509.228,0,193.181,0,8.049,4758,3600,1.610,1.640,1.020,1,0,333.036,0,0,11,32,0,3,0
28-04 21:57:02,17.978,9.488,71.663,0,0,1444356,1080060,172760,5237584,2355.143,1456.233,0,47.942,0,1.998,3127,2285,1.570,1.630,1.020,2,0,128.844,0,0,11,32,0,3,0
28-04 21:57:03,23.237,2.749,73.210,0,0,1487564,1036840,172760,5237596,2536.630,1457.213,0,43.976,0,2.998,1737,1104,1.570,1.630,1.020,2,0,0,0,0,11,32,0,1,0
28-04 21:57:04,24.196,1.996,73.088,0,0,1454232,1069920,172764,5237836,2785.825,1508.656,0,127.717,0,1.996,1848,1108,1.570,1.630,1.020,3,0,8.980,0,0,11,32,0,1,0
28-04 21:57:05,22.041,4.007,73.637,0,0,1486936,1037216,172764,5237836,2648.927,1406.616,0,176.328,0,39.073,1820,1377,1.570,1.630,1.020,2,0,0,0,0,11,32,0,1,0
28-04 21:57:06,24.516,2.252,73.049,0,0.250,1502560,1021592,172764,5237836,2977.002,1458.981,0,4.003,0,1.001,1683,964,1.570,1.630,1.020,1,0,0,0,0,11,32,0,1,0
28-04 21:57:07,8.763,21.782,67.099,1.502,0,1469624,1054364,172764,5237980,4418.504,1514.229,40.059,84.124,2.003,3.004,5523,4247,1.760,1.670,1.030,1,0,406.598,0,0,11,32,0,1,0
28-04 21:57:08,8.249,20.996,68.738,0,0,1460468,1063488,172764,5238012,2491.562,1511.734,0,139.975,0,4.999,5717,4175,1.760,1.670,1.030,1,0,402.929,0,0,11,32,0,1,0
28-04 21:57:09,8.245,22.736,67.459,0,0,1436688,1087236,172764,5238036,2596.411,1457.108,0,331.797,0,4.997,5855,4482,1.760,1.670,1.030,2,0,445.727,0,0,11,32,0,1,0
28-04 21:57:10,8.506,22.016,68.048,0,0,1427840,1096056,172764,5238060,2599.853,1459.040,0,792.565,0,9.006,5748,4328,1.760,1.670,1.030,2,0,423.302,0,0,11,32,0,1,0
28-04 21:57:11,9.255,21.262,68.287,0,0,1416644,1107180,172764,5238080,2556.393,1458.795,0,976.532,0,11.006,5763,4271,1.760,1.670,1.030,1,0,418.228,0,0,11,32,0,1,0
28-04 21:57:12,9.483,21.462,67.881,0,0,1394464,1129336,172764,5238104,2174.185,1455.446,0,1018.213,0,12.977,5785,4316,1.700,1.660,1.030,1,0,434.238,0,0,11,32,0,1,0
28-04 21:57:13,7.760,20.527,70.093,0,0,1389532,1134236,172764,5238136,2301.046,1459.933,0,268.355,0,5.007,5407,3898,1.700,1.660,1.030,1,0,354.469,0,0,11,32,0,1,0
28-04 21:57:14,8.245,20.737,69.207,0,0,1372524,1151216,172764,5238164,2536.411,1457.087,0,299.812,0,8.994,5571,4048,1.700,1.660,1.030,1,0,370.768,0,0,11,32,0,1,0
28-04 21:57:15,8.241,21.726,68.423,0,0,1379284,1144428,172764,5238188,2609.083,1510.311,0,235.736,0,8.990,5558,4078,1.700,1.660,1.030,1,0,382.572,0,0,11,32,0,1,0
28-04 21:57:16,8.513,22.536,68.108,0,0,1371900,1151788,172764,5238212,4361.885,1460.305,0,44.070,0,11.017,5821,4363,1.700,1.660,1.030,2,0,435.688,0,0,11,32,0,1,0
28-04 21:57:17,13.255,22.009,62.526,0.250,0,1318720,1204924,172776,5238240,2599.068,1458.599,0,332.137,0,18.007,5951,4958,1.640,1.650,1.030,2,0,451.185,0,0,11,32,0,3,0
28-04 21:57:18,42.753,28.002,27.752,0.250,0,1387980,1135540,172816,5238292,4218.251,1500.089,0,1060.063,0,60.004,6286,5496,1.640,1.650,1.030,3,0,545.032,0,0,11,32,0,7,0
28-04 21:57:19,67.556,8.226,24.181,0.249,0,1531240,991928,172876,5238580,2590.562,1453.826,0,207.404,0,7.977,3773,1546,1.640,1.650,1.030,2,1,0,0,0,11,32,0,7,0
28-04 21:57:20,58.653,9.024,23.060,8.021,0,1637812,879296,173292,5243840,2484.501,1461.825,445.165,12789.467,10.026,1158.030,7549,11547,1.640,1.650,1.030,3,1,46.121,0,0,11,34,0,7,0
28-04 21:57:21,53.736,13.496,23.244,7.248,0,1661228,847348,174196,5250668,2614.308,1457.614,0,54401.609,0,3925.961,15913,38974,1.640,1.650,1.030,2,2,159.958,0,0,11,36,0,9,0
28-04 21:57:22,44.012,9.753,31.759,11.503,0,1686940,810988,174564,5260456,2358.638,1458.395,4.001,66049.869,1.000,4999.353,17792,35661,1.670,1.650,1.040,4,1,90.024,0,0,11,36,0,9,0
28-04 21:57:23,43.890,9.227,31.920,11.471,0,1695072,794832,174840,5267932,9356.566,6484.759,0,74704.900,0,5945.110,18724,37719,1.670,1.650,1.040,7,0,29.925,0,0,11,37,0,8,0
28-04 21:57:24,47.572,6.760,31.798,10.266,0,1690840,790728,175356,5275460,7037.698,5709.679,0,57026.688,0,4440.751,16341,32024,1.670,1.650,1.040,3,1,36.055,0,0,11,36,0,9,0
28-04 21:57:25,38.428,22.707,28.197,8.983,0,1575508,900692,175712,5280624,2680.945,1563.053,371.300,52041.875,5.989,3478.441,15046,27088,1.670,1.650,1.040,6,1,341.356,0,0,11,34,0,9,0
28-04 21:57:26,55.309,18.019,16.518,8.259,0,1598852,872864,175840,5284400,3905.146,1351.435,0,47246.165,0,3783.017,15541,31203,1.670,1.650,1.040,12,0,149.158,0,0,11,34,0,9,0
28-04 21:57:27,42.182,17.971,28.204,10.483,0,1627380,841464,175952,5287044,7767.386,7052.547,1797.082,20092.372,34.943,2078.625,11871,20877,1.940,1.710,1.060,2,1,218.645,0,0,11,35,0,9,0
28-04 21:57:28,30.584,8.022,48.383,9.275,0,1619432,845688,176076,5290544,10291.218,7944.784,0,60473.815,0,4564.516,17525,34221,1.940,1.710,1.060,3,0,56.154,0,0,11,35,0,9,0
28-04 21:57:29,33.384,6.228,47.584,8.969,0,1610744,855120,176300,5289560,10753.548,9045.497,0,42189.065,0,3617.401,15946,30267,1.940,1.710,1.060,7,0,11.958,0,0,11,34,0,9,0
28-04 21:57:30,38.062,9.015,39.565,10.768,0,1569656,893996,176540,5291500,2728.469,1526.500,0,43342.998,0,3934.445,13985,28159,1.940,1.710,1.060,6,0,66.108,0,0,11,34,0,9,0
28-04 21:57:31,35.330,6.765,44.099,11.275,0,1604040,859216,176564,5291848,4492.133,3437.755,0,44420.199,0,3938.885,13627,28494,1.940,1.710,1.060,3,1,27.061,0,0,11,37,0,9,0
28-04 21:57:32,39.729,5.997,42.977,8.995,0,1603736,857948,176620,5293324,9702.772,7757.820,0,33629.878,0,3035.364,13982,25743,1.940,1.710,1.060,5,1,32.982,0,0,11,37,0,9,0
28-04 21:57:33,33.213,5.993,48.196,9.489,0,1597048,862244,176660,5295616,11303.452,9345.625,0,36795.154,0,3454.166,16747,31369,1.940,1.710,1.060,3,1,50.943,0,0,11,37,0,9,0
28-04 21:57:34,32.793,9.262,44.809,10.514,0,1551024,905280,176824,5298352,8445.202,5513.313,0,49625.825,0,3975.273,16137,30846,1.940,1.710,1.060,7,0,113.150,0,0,11,36,0,10,0
28-04 21:57:35,35.501,9.750,42.501,10.000,0,1584396,869272,176912,5300804,2538.048,1458.027,0,54825.032,0,4441.084,16086,32308,1.940,1.710,1.060,2,1,45.001,0,0,11,36,0,10,0
28-04 21:57:36,33.750,7.000,46.249,9.750,0,1600672,849912,176976,5303744,7962.911,6500.927,0,48715.454,0,4058.955,16335,31545,1.940,1.710,1.060,4,0,95.999,0,0,11,37,0,10,0
28-04 21:57:37,34.920,6.984,46.144,9.977,0,1595240,853560,176996,5305464,8751.853,7255.298,0,53073.820,0,4334.023,16355,32203,2.110,1.750,1.080,3,3,39.908,0,0,11,37,0,10,0
28-04 21:57:38,33.082,7.769,48.369,8.772,0,1591980,862280,177044,5299936,10319.426,8815.721,0,47172.226,0,4064.013,17540,34379,2.110,1.750,1.080,4,0,6.015,0,0,11,37,0,10,0
28-04 21:57:39,37.363,9.714,42.096,7.224,0,1542040,911240,177084,5300868,3767.200,2667.230,0,47605.616,0,3794.102,13787,27336,2.110,1.750,1.080,2,0,68.748,0,0,11,34,0,12,0
28-04 21:57:40,39.876,12.790,47.400,0,0,1441720,1011560,177084,5300868,2726.612,1462.620,0,722.281,0,43.136,4309,2810,2.110,1.750,1.080,1,0,212.672,0,0,11,32,0,12,0
28-04 21:57:41,18.019,2.252,78.835,0.250,0,1444232,1008996,177084,5300916,8987.671,7603.181,0,752.810,0,39.042,2373,2366,2.110,1.750,1.080,0,0,0,0,0,11,33,0,12,0
28-04 21:57:42,17.439,2.491,78.974,0.498,0,1442084,1011108,177088,5300948,12237.249,9990.099,0,5919.321,0,328.851,4656,6363,1.940,1.720,1.070,3,0,0,0,0,11,33,0,12,0
28-04 21:57:43,18.803,5.014,75.715,0,0,1361272,1091648,177088,5301220,8421.951,6931.713,0,8.023,0,1.003,3765,4036,1.940,1.720,1.070,1,0,55.157,0,0,11,32,0,13,0
28-04 21:57:44,21.685,3.490,73.531,0,0.249,1416144,1036776,177088,5301220,4307.182,1615.193,0,3.988,0,0.997,1761,1224,1.940,1.720,1.070,2,0,0,0,0,11,32,0,13,0
28-04 21:57:45,19.247,2.750,77.737,0,0,1431268,1021556,177088,5301312,9198.417,6499.882,0,87.985,0,6.999,2072,1793,1.940,1.720,1.070,1,0,0,0,0,11,33,0,13,0
28-04 21:57:46,19.772,3.754,75.084,0,0,1416196,1036612,177088,5301328,6562.355,5217.848,0,72.081,0,6.007,3132,3177,1.940,1.720,1.070,2,0,34.038,0,0,11,32,0,14,0
28-04 21:57:47,22.470,3.745,73.154,0,0,1460788,992020,177088,5301328,2794.327,1456.086,0,0,0,0,1751,1234,1.860,1.710,1.070,1,0,0.999,0,0,11,32,0,14,0
28-04 21:57:48,18.790,2.004,78.416,0,0,1470328,982472,177088,5301336,7541.944,7053.913,0,92.195,0,11.023,2042,1929,1.860,1.710,1.070,2,0,0,0,0,11,33,0,14,0
28-04 21:57:49,17.239,6.496,74.700,0.250,0,1465692,986976,177088,5301468,4198.210,2599.273,0,599.602,0,36.975,2954,2700,1.860,1.710,1.070,1,0,59.960,0,0,11,32,0,15,0
28-04 21:57:50,23.238,3.248,73.461,0,0,1499248,953420,177088,5301468,2476.702,1457.236,0,139.927,0,11.994,1712,1178,1.860,1.710,1.070,2,0,0,0,0,11,32,0,15,0
28-04 21:57:51,16.998,2.250,79.992,0,0,1496200,956456,177088,5301480,11624.814,8429.140,0,63.993,0,5.999,2352,2343,1.860,1.710,1.070,2,0,0,0,0,11,33,0,15,0
28-04 21:57:52,18.722,4.743,74.390,0.250,0,1465732,986776,177088,5301628,8084.042,5016.579,0,1437.873,0,150.777,3336,3333,1.800,1.700,1.070,3,0,42.936,0,0,11,32,0,16,0
28-04 21:57:53,22.533,3.004,73.607,0,0,1473904,978604,177088,5301628,2361.422,1460.116,0,44.064,0,4.006,1633,1120,1.800,1.700,1.070,2,0,0,0,0,11,32,0,16,0
28-04 21:57:54,19.555,2.758,77.470,0,0,1476924,975568,177092,5301640,8785.920,7733.936,0,4179.855,0,25.071,2371,2310,1.800,1.700,1.070,0,0,0,0,0,11,33,0,16,0
28-04 21:57:55,15.741,4.498,78.207,0,0,1436412,1016064,177092,5301656,8160.486,6037.661,0,287.841,0,12.993,3217,3378,1.800,1.700,1.070,0,0,47.973,0,0,11,32,0,17,0
28-04 21:57:56,8.759,22.272,67.315,0,0,1431404,1020900,177092,5301828,2857.775,1459.417,0,152.148,0,9.009,5598,4009,1.800,1.700,1.070,2,0,399.388,0,0,11,32,0,17,0
28-04 21:57:57,39.500,19.750,39.750,0.250,0,1460692,991400,177108,5302024,2478.030,1458.018,0,768.009,0,58.001,5813,4729,1.650,1.670,1.070,3,0,351.004,0,0,11,32,0,23,0
28-04 21:57:58,67.069,8.228,23.935,0.249,0,1539724,912020,177116,5302364,2531.174,1454.079,0,355.043,0,26.927,3802,1938,1.650,1.670,1.070,3,0,2.992,0,0,11,32,0,23,0
28-04 21:57:59,68.713,7.246,23.987,0,0,1696260,753512,177184,5304136,2596.603,1457.216,0,2182.826,0,95.948,3643,1384,1.650,1.670,1.070,4,0,0,0,0,11,32,0,23,0
28-04 21:58:00,69.372,6.011,23.040,0.501,0.501,1788628,658520,177288,5306432,2602.569,1502.638,0,4880.567,0,171.301,4072,1763,1.650,1.670,1.070,5,0,6.011,0,0,11,32,0,23,0
28-04 21:58:01,51.041,7.006,33.276,7.256,0,1801352,636848,177388,5314732,2677.125,1459.158,0,47633.817,0,3306.625,14026,24892,1.650,1.670,1.070,6,0,105.083,0,0,11,38,0,23,0
28-04 21:58:02,32.226,8.494,43.467,12.241,0,1800660,626516,177464,5325296,2236.306,1456.896,0,79012.140,0,5897.532,21808,43307,1.920,1.730,1.090,4,0,227.827,0,0,11,38,0,23,0
28-04 21:58:03,34.757,10.002,39.759,11.502,0,1800080,618452,177532,5333608,2358.507,1458.313,0,84494.152,0,6578.413,24143,48341,1.920,1.730,1.090,8,0,171.037,0,0,11,38,0,23,0
28-04 21:58:04,45.765,11.754,30.010,10.003,0,1667404,743456,177604,5340952,2538.810,1458.465,0,63436.230,0,4968.584,19291,36476,1.920,1.730,1.090,7,0,234.075,0,0,11,36,0,23,0
28-04 21:58:05,49.483,9.747,27.240,9.997,0,1716568,686784,177644,5348152,2477.133,1457.490,0,77736.797,0,5292.148,18312,35447,1.920,1.730,1.090,5,1,81.971,0,0,11,36,0,23,0
28-04 21:58:06,43.119,10.219,31.654,12.213,0,1757512,633864,177680,5359656,2547.258,1453.582,3.988,92853.790,0.997,5997.771,19109,39130,1.920,1.730,1.090,2,1,0,0,0,11,36,0,23,0
28-04 21:58:07,41.777,10.507,33.271,10.507,0,1800220,585228,177704,5365336,2359.503,1458.929,0,75047.790,0,5458.476,19297,38297,2.090,1.760,1.100,3,1,69.044,0,0,11,36,0,23,0
28-04 21:58:08,57.205,10.789,23.083,8.029,0,1732212,649744,177708,5368716,2426.690,1463.240,0,54169.991,0,4355.598,16693,31802,2.090,1.760,1.100,3,0,153.550,0,0,11,36,0,23,0
28-04 21:58:09,28.926,12.967,55.858,0.748,0,1507128,874792,177708,5368752,2531.550,1454.294,0,8653.950,0,481.772,4663,4654,2.090,1.760,1.100,2,0,248.367,0,0,11,32,0,23,0
28-04 21:58:10,22.996,3.749,72.238,0.500,0,1518380,863536,177708,5368756,2537.580,1457.759,0,5427.102,0,259.957,2171,2218,2.090,1.760,1.100,1,0,1.000,0,0,11,32,0,23,0
28-04 21:58:11,23.021,3.003,73.817,0,0,1553748,828168,177708,5368756,2797.547,1459.329,0,28.026,0,4.004,1706,1148,2.090,1.760,1.100,4,0,0,0,0,11,32,0,23,0
28-04 21:58:12,23.452,2.744,72.852,0,0,1569568,812344,177708,5368760,2427.081,1508.942,0,163.668,0,12.974,2106,1811,2,1.750,1.100,1,0,1.996,0,0,11,38,0,23,0
28-04 21:58:13,21.773,4.505,73.078,0,0,1470016,911892,177708,5368764,2420.590,1459.562,0,0,0,0,2154,1339,2,1.750,1.100,3,0,27.029,0,0,11,32,0,23,0
28-04 21:58:14,22.027,3.755,73.338,0,0,1512812,869092,177708,5368768,4096.937,1459.759,0,172.208,0,32.039,1720,1194,2,1.750,1.100,2,0,1.001,0,0,11,32,0,23,0
28-04 21:58:15,23.177,2.991,73.520,0,0,1545136,836764,177708,5368768,2663.654,1507.277,0,0,0,0,1692,1120,2,1.750,1.100,3,0,0,0,0,11,32,0,23,0
28-04 21:58:16,24.570,1.504,72.959,0.251,0,1489472,892428,177708,5368768,2742.849,1504.305,0,300.861,0,24.069,1872,1493,2,1.750,1.100,2,0,3.009,0,0,11,32,0,23,0
28-04 21:58:17,12.774,35.315,49.842,0,0,1483848,898012,177708,5368808,2676.935,1514.792,0,276.510,0,25.046,6966,6188,1.920,1.740,1.100,4,0,768.416,0,0,11,32,0,23,0
28-04 21:58:18,11.243,29.980,57.962,0,0,1481480,900320,177708,5368848,2596.296,1457.044,0,159.895,0,15.990,6432,5263,1.920,1.740,1.100,1,0,663.564,0,0,11,32,0,23,0
28-04 21:58:19,9.005,21.513,68.291,0,0,1468440,913284,177708,5368920,2901.732,1458.871,0,272.162,0,59.035,5861,4263,1.920,1.740,1.100,1,0,431.257,0,0,11,32,0,23,0
28-04 21:58:20,8.745,19.988,69.457,0,0,1438132,943560,177708,5368952,2596.406,1457.106,0,11.993,0,2.998,5529,4011,1.920,1.740,1.100,1,0,336.793,0,0,11,32,0,17,0
28-04 21:58:21,15.510,21.514,62.039,0,0,1407884,973760,177708,5372188,2796.777,1458.927,0,32.020,0,8.005,5887,12298,1.920,1.740,1.100,5,0,363.231,0,0,11,32,0,17,0
28-04 21:58:22,22.252,13.251,62.505,0,0,1389364,992224,177708,5368988,4098.355,1458.126,0,4.000,0,1.000,5454,13063,2.090,1.780,1.120,1,0,132.011,0,0,11,32,0,18,0
28-04 21:58:23,44.397,11.972,42.900,0,0,1486684,894876,177720,5369468,2532.112,1454.618,0,215.499,0,5.986,3810,2267,2.090,1.780,1.120,4,0,124.710,0,0,11,33,0,18,0
28-04 21:58:24,43.545,7.758,48.550,0,0,1556156,825304,177720,5369568,2600.704,1459.518,0,8.008,0,2.002,2711,1307,2.090,1.780,1.120,4,0,0,0,0,11,33,0,18,0
28-04 21:58:25,46.893,3.741,48.390,0,0,1619968,761336,177720,5369724,2472.372,1454.689,0,251.428,0,0.998,3309,2262,2.090,1.780,1.120,2,0,14.966,0,0,11,47,0,15,0
28-04 21:58:26,45.935,5.492,47.683,0.250,0,1657220,722556,177780,5370948,2685.228,1509.879,103.854,1050.524,0.999,59.916,3212,2117,2.090,1.780,1.120,3,0,3.994,0,0,11,49,0,15,0
28-04 21:58:27,35.677,10.552,52.510,0.251,0,1679104,697616,177792,5373808,2369.745,1465.262,0,466.311,0,28.139,5139,8352,2.080,1.780,1.120,2,0,108.538,0,0,11,48,0,15,0
28-04 21:58:28,14.458,17.449,66.805,0,0,1681276,695404,177796,5374260,2470.791,1453.758,0,295.139,0,14.956,5890,6115,2.080,1.780,1.120,2,0,302.118,0,0,11,48,0,15,0
28-04 21:58:29,14.735,8.991,75.171,0,0,1678540,698132,177796,5373832,2415.471,1456.475,0,127.866,0,12.986,4076,5541,2.080,1.780,1.120,1,0,91.904,0,0,11,48,0,15,0
28-04 21:58:30,1.752,1.502,95.849,0.250,0,1677940,698704,177796,5373872,2738.842,1607.668,0,6594.842,0,416.432,1203,1199,2.080,1.780,1.120,1,0,3.003,0,0,11,48,0,15,0
28-04 21:58:31,1.001,1.001,97.549,0,0,1676412,700232,177796,5373872,2736.375,1458.733,0,0,0,0,795,987,2.080,1.780,1.120,1,0,2.001,0,0,11,48,0,15,0
28-04 21:58:32,0.749,0.250,97.907,0,0,1675032,701612,177796,5373872,2489.628,1510.561,0,3.996,0,0.999,749,954,1.910,1.750,1.120,1,0,1.998,0,0,11,48,0,15,0
28-04 21:58:33,2.753,3.003,93.599,0,0,1665760,710884,177796,5373860,2360.504,1459.548,0,0,0,0,1425,1551,1.910,1.750,1.120,1,0,30.032,0,0,11,48,0,15,0
28-04 21:58:34,19.988,15.491,63.462,0,0,1703140,673448,177796,5374236,2162.701,1403.158,0,0,0,0,6133,8367,1.910,1.750,1.120,3,0,251.849,0,0,11,48,0,15,0
28-04 21:58:35,14.019,13.519,70.848,0,0,1699096,677488,177796,5373892,2685.709,1514.091,0,552.763,0,21.029,4217,4069,1.910,1.750,1.120,8,0,207.286,0,0,11,58,0,15,0
28-04 21:58:36,18.270,21.524,59.066,0.250,0,1722004,654404,177796,5374436,3154.527,1697.898,0,1513.692,0,52.058,7080,7568,1.910,1.750,1.120,1,0,326.365,0,0,12,64,0,15,0
28-04 21:58:37,20.176,10.960,67.504,0,0.249,1703424,672964,177796,5374008,2409.213,1452.702,0,59.782,0,3.985,4332,5766,1.840,1.740,1.120,2,0,118.568,0,0,12,64,0,14,0
28-04 21:58:38,5.516,8.274,84.996,0.251,0,1705432,670948,177796,5374004,2547.384,1462.239,0,188.547,0,11.032,2485,2483,1.840,1.740,1.120,1,0,148.430,0,0,12,64,0,14,0
28-04 21:58:39,16.481,15.732,66.173,0,0,1694652,681700,177796,5374028,2654.912,1456.306,0,31.963,0,5.993,5376,5598,1.840,1.740,1.120,1,0,192.776,0,0,14,64,0,14,0
28-04 21:58:40,16.023,15.272,67.345,0,0,1702376,673796,177796,5374192,2809.977,1568.220,0,4.006,0,1.001,5337,5936,1.840,1.740,1.120,2,0,220.312,0,0,14,66,0,15,0
28-04 21:58:41,9.007,19.516,70.058,0,0,1706516,669628,177796,5374220,4411.658,1501.245,0,16.013,0,4.003,5347,3800,1.840,1.740,1.120,1,0,317.263,0,0,14,66,0,13,0
28-04 21:58:42,9.749,21.498,67.743,0,0,1674688,701300,177796,5374716,2477.756,1457.856,0,31.997,0,7.999,5398,4266,1.770,1.730,1.110,3,0,295.971,0,0,14,66,0,13,0
28-04 21:58:43,24.695,12.722,61.612,0,0,1676228,699748,177796,5374384,2352.748,1454.752,0,123.724,0,5.987,5352,6652,1.770,1.730,1.110,2,0,129.710,0,0,14,66,0,13,0
28-04 21:58:44,30.058,24.547,44.585,0,0,1737424,638456,177808,5374428,2663.104,1460.800,0,308.591,0,8.015,6125,4808,1.770,1.730,1.110,2,0,448.860,0,0,14,66,0,13,0
28-04 21:58:45,29.992,24.493,44.988,0,0,1791996,583868,177832,5374420,2745.267,1565.582,0,91.975,0,1.000,6141,4481,1.770,1.730,1.110,2,0,469.875,0,0,14,66,0,12,0
28-04 21:58:46,32.756,22.754,43.508,0,0,1804860,569400,177880,5375916,2629.486,1602.296,8.001,1000.185,1.000,41.008,6824,8227,1.770,1.730,1.110,3,0,393.073,0,0,14,70,0,14,0
28-04 21:58:47,34.494,22.496,42.243,0,0,1912108,462084,177880,5376392,2297.623,1457.761,0,171.972,0,10.998,5577,4882,2.030,1.780,1.140,2,0,272.955,0,0,14,70,0,14,0
28-04 21:58:48,51.453,17.734,29.973,0,0,1957488,416676,177880,5376304,2235.950,1456.664,0,7.993,0,1.998,5615,5439,2.030,1.780,1.140,5,0,195.820,0,0,14,70,0,14,0
28-04 21:58:49,71.642,25.462,2.746,0,0,2050976,322944,177896,5376644,2636.018,1617.556,0,599.095,0,7.988,5258,4293,2.030,1.780,1.140,3,0,403.391,0,0,14,70,0,12,0
28-04 21:58:50,63.394,17.970,18.219,0,0,2118044,255268,177904,5377636,2473.846,1525.438,0,35.940,0,2.995,5830,8244,2.030,1.780,1.140,5,0,187.685,0,0,14,70,0,12,0
28-04 21:58:51,70.586,23.529,5.507,0,0,2196404,176440,177948,5377532,2558.115,1459.777,0,40.049,0,5.006,4906,4031,2.030,1.780,1.140,4,0,334.407,0,0,14,70,0,12,0
28-04 21:58:52,63.910,26.316,4.762,4.511,0,2265164,187020,173140,5304800,2484.206,1503.756,1094.735,1976.939,94.235,71.178,6151,6584,2.270,1.830,1.160,3,1,318.796,0,0,14,70,0,12,0
28-04 21:58:53,78.947,15.240,2.498,3.747,0,2356972,152456,172344,5248928,2638.220,1618.908,1091.264,19.987,62.958,4.997,6458,5388,2.270,1.830,1.160,6,0,104.929,0,0,14,74,0,11,0
28-04 21:58:54,56.787,26.017,8.506,7.005,0,2436304,156724,171072,5169120,2419.582,1458.954,3826.502,24640.112,176.115,1553.016,11996,18212,2.270,1.830,1.160,10,1,333.218,0,0,14,76,0,11,0
28-04 21:58:55,62.803,24.771,6.005,4.754,0,2510332,134816,170564,5119280,2540.138,1459.228,1801.516,16097.546,67.056,1772.492,12282,23229,2.270,1.830,1.160,6,0,293.247,0,0,14,76,0,11,0
28-04 21:58:56,71.845,16.714,9.230,2.495,0.249,2587452,131320,170144,5047220,2669.247,1544.671,119.742,11758.656,9.978,867.131,8497,11576,2.270,1.830,1.160,7,0,89.806,0,0,14,76,0,13,0
28-04 21:58:57,75.487,21.746,1.750,0.250,0,2629556,160852,169608,4977796,2357.593,1457.748,963.833,955.835,40.993,45.992,7842,10721,2.570,1.900,1.180,8,0,303.947,0,0,14,82,0,9,0
28-04 21:58:58,61.092,25.538,12.268,0,0,2709356,149716,169280,4910836,2764.158,1622.441,20.030,2135.212,5.008,73.110,6698,7280,2.570,1.900,1.180,4,0,347.523,0,0,14,93,0,13,0
28-04 21:58:59,56.529,23.512,19.510,0.250,0,2801576,130128,169284,4840156,2419.236,1458.745,0,876.448,0,48.025,7098,8264,2.570,1.900,1.180,5,0,330.169,0,0,14,93,0,13,0
28-04 21:59:00,48.176,16.390,32.531,1.490,0,2841872,159936,169284,4771804,2709.756,1448.249,234.422,5391.699,9.933,441.031,6039,8767,2.570,1.900,1.180,2,1,120.191,0,0,14,95,0,13,0
28-04 21:59:01,63.178,12.334,17.116,7.048,0,2945468,124320,169272,4705616,2814.072,1510.236,2025.729,7732.406,72.491,455.084,5970,6518,2.570,1.900,1.180,4,0,123.839,0,0,14,94,0,14,0
28-04 21:59:02,50.093,7.477,41.121,0.498,0,3019408,183484,169276,4574844,2571.954,1614.948,275.139,3321.609,23.925,7.975,3219,2614,2.600,1.920,1.190,2,0,5.981,0,0,14,98,0,16,0
28-04 21:59:03,30.067,14.533,54.121,0.501,0,3058960,143336,169300,4575528,2303.169,1461.279,8.018,1355.041,2.004,88.198,5444,5244,2.600,1.920,1.190,1,0,256.576,0,0,14,101,0,16,0
28-04 21:59:04,8.496,19.491,70.968,0.250,0,3070996,131244,169300,4575568,2666.793,1457.340,0,127.942,0,12.994,5705,4426,2.600,1.920,1.190,2,0,359.837,0,0,14,101,0,16,0
28-04 21:59:05,8.012,19.780,70.858,0.250,0,3074940,127272,169300,4575596,2601.970,1460.228,0,228.348,0,5.008,5473,4062,2.600,1.920,1.190,1,0,344.526,0,0,14,101,0,16,0
28-04 21:59:06,19.662,5.227,71.678,1.493,0,3111312,156588,169300,4511316,2603.323,1451.490,991.553,370.339,41.812,1.991,2132,1529,2.600,1.920,1.190,2,0,30.862,0,0,14,101,0,16,0
28-04 21:59:07,19.257,3.251,77.527,0,0,3135468,132408,169300,4511340,8614.030,7504.640,12.004,156.055,2.001,7.002,2011,1728,2.470,1.910,1.190,2,0,2.001,0,0,14,104,0,16,0
28-04 21:59:08,22.060,2.256,72.696,1.755,0,3059784,208072,169304,4511356,21691.528,18930.077,8.022,401.082,2.005,43.116,2517,2517,2.470,1.910,1.190,2,0,8.022,0,0,14,111,0,17,0
28-04 21:59:09,19.756,7.252,72.524,0,0,3109664,158176,169304,4511372,2598.850,1458.477,0,40.013,0,3.001,2430,1805,2.470,1.910,1.190,2,0,59.019,0,0,14,113,0,17,0
28-04 21:59:10,19.519,2.502,77.575,0.250,0,3136068,131756,169304,4511388,8336.010,7261.978,0,304.292,0,26.025,2128,2062,2.470,1.910,1.190,2,0,0,0,0,14,114,0,17,0
28-04 21:59:11,20.446,3.989,73.556,0.249,0,3137644,129992,169316,4511568,3507.726,2275.983,0,462.777,0,38.897,2475,2534,2.470,1.910,1.190,2,0,1.995,0,0,14,118,0,17,0
28-04 21:59:12,36.697,8.987,51.924,0.999,0,3227148,171836,169204,4383480,2294.655,1455.878,515.249,1853.298,30.955,248.638,6230,9188,2.360,1.890,1.190,2,0,5.991,0,0,14,123,0,17,0
28-04 21:59:13,34.279,3.503,59.550,1.001,0,3236092,162820,169204,4383552,3407.871,2669.249,0,1641.383,0,160.135,5366,7147,2.360,1.890,1.190,2,0,4.003,0,0,14,128,0,19,0
28-04 21:59:14,17.275,9.764,70.853,0.501,0,3206516,192340,169204,4383608,2361.448,1460.132,0,2559.738,0,159.233,3435,3117,2.360,1.890,1.190,2,0,111.162,0,0,14,128,0,19,0
28-04 21:59:15,19.695,2.742,77.284,0.249,0,3245576,153280,169204,4383608,5715.032,3813.345,0,1463.910,0,69.805,1764,1341,2.360,1.890,1.190,1,0,0,0,0,14,129,0,19,0
28-04 21:59:16,22.820,2.758,73.727,0.251,0,3248460,150256,169296,4383656,8942.476,6650.434,128.394,160.493,7.022,14.043,2240,2091,2.360,1.890,1.190,1,0,0,0,0,14,129,0,19,0
28-04 21:59:17,19.477,4.744,73.913,0.749,0,3253688,144968,169296,4383716,6058.835,2487.059,47.943,771.088,1.998,83.901,3969,5216,2.410,1.910,1.200,2,0,0.999,0,0,14,129,0,19,0
28-04 21:59:18,40.787,10.760,46.793,0.250,0,3279864,182584,169296,4321428,3639.321,2720.483,0,720.658,0,70.064,4560,4025,2.410,1.910,1.200,2,0,94.086,0,0,14,128,0,20,0
28-04 21:59:19,44.747,7.250,48.247,0,0,3334388,128036,169296,4321452,2717.816,1457.901,19.999,275.981,1.000,12.999,2846,1449,2.410,1.910,1.200,2,0,5.000,0,0,14,128,0,20,0
28-04 21:59:20,39.695,4.743,54.425,0,0,3373668,153020,169296,4259008,25948.035,24702.761,0,1338.145,0,69.903,2898,1893,2.410,1.910,1.200,3,0,0,0,0,14,128,0,21,0
28-04 21:59:21,21.765,6.505,71.300,0,0,3362052,164620,169296,4259024,2736.922,1459.025,0,0,0,0,2413,1712,2.410,1.910,1.200,3,0,55.039,0,0,14,128,0,21,0
28-04 21:59:22,41.762,7.002,48.514,1.750,0,3385176,141228,169296,4259276,2538.724,1458.416,32.009,464.132,4.001,40.011,4882,14364,2.370,1.910,1.200,3,0,43.012,0,0,14,130,0,21,0
28-04 21:59:23,17.976,2.497,78.145,0.499,0,3391992,134384,169296,4259304,23319.621,24374.202,7.989,639.140,1.997,33.954,2161,2110,2.370,1.910,1.200,1,0,0,0,0,14,131,0,21,0
28-04 21:59:24,20.273,6.007,72.583,0,0,3364328,162036,169296,4259316,4954.671,1561.788,0,152.174,0,11.013,2357,1739,2.370,1.910,1.200,3,0,51.058,0,0,14,130,0,22,0
28-04 21:59:25,23.529,2.753,73.092,0.250,0,3384304,142060,169296,4259316,2601.261,1459.830,0,1117.401,0,13.016,1770,1136,2.370,1.910,1.200,4,0,0,0,0,14,130,0,22,0
28-04 21:59:26,15.746,2.749,79.981,0.250,0.250,3386928,139396,169296,4259356,9424.738,8009.077,127.969,1187.715,8.998,137.967,2325,2609,2.370,1.910,1.200,1,0,0,0,0,14,131,0,23,0
28-04 21:59:27,20.725,8.490,69.916,0.499,0,3353308,172868,169296,4259504,4862.161,2506.989,0,527.367,0,53.935,3664,3776,2.260,1.900,1.200,2,0,88.893,0,0,14,130,0,24,0
28-04 21:59:28,24.239,3.248,71.966,0.250,0,3380016,146156,169296,4259508,2356.902,1457.321,0,299.860,0,25.988,2009,1645,2.260,1.900,1.200,2,0,0,0,0,14,130,0,24,0
28-04 21:59:29,18.221,1.747,79.126,0,0,3386604,139560,169296,4259516,25721.764,24470.721,0,227.644,0,14.977,1922,1579,2.260,1.900,1.200,2,0,0,0,0,14,130,0,25,0
28-04 21:59:30,20.272,7.258,71.578,0.250,0,3390052,136052,169296,4259576,2544.767,1553.689,12.013,1149.250,3.003,16.017,2608,1818,2.260,1.900,1.200,3,0,55.060,0,0,14,130,0,25,0
28-04 21:59:31,24.041,3.005,72.624,0,0.250,3375868,213524,169296,4197884,2619.465,1460.489,0,1041.776,0,97.166,1836,1185,2.260,1.900,1.200,3,0,0,0,0,14,130,0,25,0
28-04 21:59:32,16.975,2.247,79.381,0.250,0,3385048,204324,169296,4197904,8048.912,7951.059,11.982,5056.406,2.996,452.321,2056,1642,2.080,1.860,1.200,1,0,0.999,0,0,14,133,0,25,0
28-04 21:59:33,24.544,5.510,65.618,2.505,0,3386052,203068,169300,4198152,3242.832,1526.746,4.007,3129.629,1.002,366.659,6660,10229,2.080,1.860,1.200,2,0,1.002,0,0,14,134,0,25,0
28-04 21:59:34,24.452,6.238,67.119,0.250,0,3356736,232316,169300,4198204,3453.252,2596.925,0,1237.582,0,108.787,4596,5751,2.080,1.860,1.200,1,0,52.897,0,0,14,133,0,27,0
28-04 21:59:35,22.466,3.744,73.390,0.499,0,3374880,214172,169300,4198204,2474.275,1455.808,0,499.248,0,29.955,1803,1356,2.080,1.860,1.200,2,0,0,0,0,14,133,0,27,0
28-04 21:59:36,17.446,2.742,78.509,0.249,0,3391760,197288,169300,4198208,8905.633,7747.193,0,2560.133,0,153.528,1930,1874,2.080,1.860,1.200,3,0,0,0,0,14,135,0,27,0
28-04 21:59:37,20.632,4.780,73.720,0.252,0,3394444,194516,169300,4198296,6020.398,5036.120,32.205,958.111,2.013,109.700,4446,6475,1.920,1.830,1.190,1,0,1.006,0,0,14,134,0,27,0
28-04 21:59:38,23.982,5.995,67.699,0.749,0,3395160,193760,169300,4198336,2677.978,1456.900,0,4928.279,0,315.762,5174,7712,1.920,1.830,1.190,2,0,0,0,0,14,134,0,27,0
28-04 21:59:39,35.518,8.504,54.278,0.750,0,3374408,214452,169300,4198396,4566.353,2229.148,0,620.320,0,59.030,7496,10503,1.920,1.830,1.190,2,0,78.040,0,0,14,135,0,28,0
28-04 21:59:40,22.765,3.502,73.299,0,0,3382460,206388,169300,4198408,2719.813,1458.973,0,284.189,0,15.010,1878,1359,1.920,1.830,1.190,1,0,0,0,0,14,135,0,28,0
28-04 21:59:41,19.500,2.750,76.749,0.250,0,3399844,189000,169300,4198412,8367.944,7087.952,0,1743.988,0,102.999,2177,1994,1.920,1.830,1.190,1,0,0,0,0,14,136,0,28,0
28-04 21:59:42,19.468,3.744,74.875,0.499,0,3321436,267376,169300,4198444,6496.193,5386.039,0,854.578,0,104.826,3621,4364,1.760,1.800,1.180,3,0,36.939,0,0,14,135,0,28,0
28-04 21:59:43,18.475,9.238,70.905,0.250,0,3367028,221768,169300,4198460,2665.438,1402.126,0,655.124,0,35.952,3079,2617,1.760,1.800,1.180,2,0,109.853,0,0,14,135,0,28,0
28-04 21:59:44,23.043,3.506,73.135,0,0,3399236,189552,169300,4198468,8439.576,7099.102,0,424.784,0,38.070,2485,2367,1.760,1.800,1.180,5,0,0,0,0,14,136,0,28,0
28-04 21:59:45,21.764,3.002,74.799,0,0,3409924,178716,169300,4198616,8700.702,7313.793,0,508.333,0,16.010,2877,2831,1.760,1.800,1.180,2,0,1.001,0,0,14,136,0,28,2
28-04 21:59:46,24.249,6.250,66.748,0.500,0,3411856,176700,169300,4198700,4072.865,1295.957,31.999,1235.959,2.000,148.995,6485,9856,1.760,1.800,1.180,2,0,2.000,0,0,14,136,0,26,2
28-04 21:59:47,31.549,8.263,56.337,1.252,0,3419660,168888,169300,4198708,2273.512,1352.088,32.050,973.504,2.003,102.158,9564,15364,1.700,1.790,1.180,5,0,5.008,0,0,14,138,0,26,2
28-04 21:59:48,46.714,15.738,35.722,0.749,0,3388740,199540,169300,4198928,4250.705,3409.357,15.988,1866.553,0.999,183.857,10387,14836,1.700,1.790,1.180,3,0,285.778,0,0,14,137,0,27,2
28-04 21:59:49,23.197,4.240,71.837,0,0,3408468,179660,169300,4199080,2620.068,1540.512,0,506.853,0,26.939,2031,1722,1.700,1.790,1.180,4,0,0,0,0,14,137,0,27,2
28-04 21:59:50,20.032,2.254,76.372,0,0,3425844,162272,169300,4199092,9401.015,8288.237,0,432.691,0,24.038,1970,1695,1.700,1.790,1.180,2,0,0,0,0,14,139,0,27,2
28-04 21:59:51,13.751,13.251,71.504,0.250,0.250,3409132,178952,169300,4199124,5469.334,2480.151,4.000,388.024,1.000,26.002,4452,3192,1.700,1.790,1.180,2,0,226.014,0,0,14,137,0,28,2
28-04 21:59:52,10.003,21.007,68.272,0.250,0,3378828,209220,169300,4199160,2598.825,1500.477,0,3048.968,0,323.103,6021,4236,1.560,1.760,1.170,2,0,338.107,0,0,14,137,0,28,2
28-04 21:59:53,19.937,15.949,61.804,0,0,3358520,229516,169300,4199524,2691.463,1614.878,0,1766.397,0,103.671,6997,9055,1.560,1.760,1.170,2,0,207.342,0,0,14,137,0,28,2
28-04 21:59:54,26.869,17.829,54.492,0,0,3394632,193260,169300,4199320,2428.800,1534.825,0,172.768,0,14.063,5191,4166,1.560,1.760,1.170,2,0,291.295,0,0,14,137,0,28,2
28-04 21:59:55,32.959,21.973,43.446,0,0,3432324,155528,169300,4199360,4180.848,1456.205,0,159.803,0,15.980,5798,4319,1.560,1.760,1.170,2,0,352.566,0,0,14,139,0,28,2
28-04 21:59:56,40.524,19.011,39.774,0.250,0,3478632,171168,169312,4139316,2958.761,1620.965,52.031,584.348,6.004,44.026,6919,8364,1.560,1.760,1.170,2,0,245.146,0,0,14,141,0,28,2
28-04 21:59:57,41.771,17.009,40.521,0,0,3531836,179332,169312,4079476,2419.228,1458.741,4.002,208.106,1.001,4.002,5066,4376,1.520,1.750,1.170,4,0,282.143,0,0,16,145,0,28,2
28-04 21:59:58,59.723,27.238,11.745,0.250,0.250,3647252,162536,169016,3982884,2596.844,1547.311,83.963,4366.056,7.996,274.878,8200,14697,1.520,1.750,1.170,6,0,379.831,0,0,16,151,0,28,2
28-04 21:59:59,58.105,21.945,19.701,0.249,0,3706152,147840,169016,3939028,2471.817,1454.362,0,1767.578,0,21.945,5364,5699,1.520,1.750,1.170,4,0,245.386,0,0,16,151,0,19,2
28-04 22:00:00,64.460,18.310,16.052,0,0,3774708,129624,169020,3888832,2708.844,1625.306,72.236,1280.180,10.033,74.242,7012,9887,1.520,1.750,1.170,4,0,252.825,0,0,16,165,0,19,2
28-04 22:00:01,46.211,23.480,29.975,0,0,3822872,181868,169020,3789880,4351.314,1526.707,0,0,0,0,7422,7653,1.520,1.750,1.170,4,0,446.622,0,0,16,167,0,19,2
28-04 22:00:02,31.028,23.021,44.290,0.250,0,3862060,142496,169028,3790056,2720.466,1459.323,8.007,9244.379,2.002,779.707,6506,4688,1.560,1.750,1.180,5,0,367.333,0,0,16,167,0,19,2
28-04 22:00:03,20.483,17.985,59.700,0.250,0,3890372,167508,168948,3738424,4182.498,1456.780,11.990,419.649,2.997,31.973,6701,8725,1.560,1.750,1.180,3,0,232.805,0,0,17,167,0,16,2
28-04 22:00:04,27.438,15.715,56.374,0,0,3929036,128788,168948,3738024,2753.822,1616.374,0,0,0,0,4752,3715,1.560,1.750,1.180,3,0,249.440,0,0,17,167,0,16,2
28-04 22:00:05,31.323,23.304,44.353,0,0,3950516,161508,168948,3685068,2724.338,1461.400,4.009,188.438,1.002,12.028,5874,4360,1.560,1.750,1.180,3,0,348.812,0,0,17,167,0,16,2
28-04 22:00:06,43.157,16.465,38.916,0,0,3995288,157952,168956,3645052,4225.892,1454.864,3.991,255.449,0.998,22.951,6523,8175,1.560,1.750,1.180,2,0,193.583,0,0,17,171,0,16,2
28-04 22:00:07,32.270,21.263,45.028,0.250,0,4035460,155160,169084,3608196,2419.488,1458.897,124.076,68.042,4.002,10.006,6128,5146,1.670,1.770,1.190,3,0,375.231,0,0,17,181,0,16,0
28-04 22:00:08,40.810,29.293,28.542,0.250,0,4143048,197756,169088,3461704,2523.684,1622.368,40.058,693.012,7.010,53.077,8602,12623,1.670,1.770,1.190,2,0,477.697,0,0,17,187,0,16,0
28-04 22:00:09,33.877,23.415,41.847,0,0,4167472,213456,169088,3422268,2528.784,1584.226,0,231.158,0,8.967,7216,9777,1.670,1.770,1.190,5,0,427.442,0,0,17,189,0,16,0
28-04 22:00:10,16.815,21.834,59.229,0.502,0,4198996,180372,169088,3424176,2427.393,1463.664,12.047,766.968,3.012,57.221,6676,8274,1.670,1.770,1.190,5,0,317.228,0,0,17,203,0,16,0
28-04 22:00:11,22.054,13.133,63.188,0.248,0,4214716,164644,169088,3423952,2591.932,1445.139,0,348.895,0,30.727,5456,7937,1.670,1.770,1.190,4,0,142.730,0,0,17,209,0,15,0
28-04 22:00:12,38.733,12.576,47.033,1.509,0,4291952,141352,169088,3370608,2474.879,1629.798,338.032,398.395,5.030,14.085,3941,2766,1.700,1.780,1.190,3,0,117.708,0,0,17,209,0,15,0
28-04 22:00:13,47.474,6.746,43.476,0.500,0,4396360,132872,169088,3276436,2236.761,1457.193,175.903,787.564,5.997,73.959,3663,2789,1.700,1.780,1.190,3,0,4.997,0,0,17,215,0,15,0
28-04 22:00:14,43.586,7.721,47.073,1.494,0,4490512,139692,169320,3177068,2528.500,1494.385,362.637,155.416,20.921,13.948,3021,1647,1.700,1.780,1.190,5,0,3.985,0,0,17,215,0,15,0
28-04 22:00:15,32.697,8.048,58.351,0,0,4374724,263200,169324,3170012,2492.995,1466.823,4.024,358.154,1.006,26.157,3475,2974,1.700,1.780,1.190,5,0,102.617,0,0,17,218,0,13,0
28-04 22:00:16,28.280,24.276,44.547,1.502,0,4426812,210128,169332,3170988,2900.091,1691.803,916.977,112.120,9.010,5.005,6135,4981,1.700,1.780,1.190,6,0,419.447,0,0,17,221,0,13,0
28-04 22:00:17,34.561,30.086,31.826,2.735,0,4467924,166840,169344,3173140,8218.092,7210.597,1229.283,978.652,22.875,27.848,6668,6403,1.880,1.810,1.210,2,0,447.554,0,0,17,228,0,13,0
28-04 22:00:18,46.387,15.044,37.109,0.501,0,4400804,232984,169352,3174580,5489.166,4514.295,84.248,453.335,5.015,25.074,6862,8361,1.880,1.810,1.210,3,0,168.496,0,0,17,229,0,14,0
28-04 22:00:19,68.071,19.020,12.513,0.501,0,4524932,135944,169356,3147960,4102.272,1549.614,120.125,272.284,5.005,15.016,4897,3834,1.880,1.810,1.210,4,0,154.161,0,0,17,232,0,13,0
28-04 22:00:20,70.384,12.524,13.275,2.755,0.250,4602592,157032,169356,3051080,8419.088,7317.984,432.827,300.574,12.023,12.023,4489,3057,1.880,1.810,1.210,3,0,10.019,0,0,17,233,0,13,0
28-04 22:00:21,62.858,9.728,19.955,6.735,0,4688456,143484,169388,2981504,8287.301,6759.748,2167.110,901.965,79.820,45.896,5142,4337,1.880,1.810,1.210,5,0,26.939,0,0,17,238,0,14,0
28-04 22:00:22,68.835,15.269,9.011,6.508,0,4669700,154632,169448,2989076,2481.075,1459.809,5354.635,7481.271,372.462,69.086,5817,13109,1.970,1.830,1.220,1,2,57.071,0,0,17,238,0,15,0
28-04 22:00:23,60.142,15.223,22.709,0.998,0,4705480,155680,169456,2952804,8381.982,7290.937,279.499,1517.282,40.927,179.678,6273,7452,1.970,1.830,1.220,2,0,177.682,0,0,17,244,0,17,0
28-04 22:00:24,31.963,24.472,40.953,0,0,4735764,165404,169460,2913840,7953.810,6707.251,71.917,755.128,4.994,52.939,7102,7040,1.970,1.830,1.220,3,0,356.588,0,0,17,243,0,18,0
28-04 22:00:25,46.092,19.790,34.319,0,0,4736468,163952,169464,2914928,2771.558,1406.821,0,464.932,0,30.060,5747,7119,1.970,1.830,1.220,5,0,235.472,0,0,17,243,0,18,0
28-04 22:00:26,50.101,19.691,28.665,0.249,0,4736416,162456,169464,2916120,5621.272,3837.580,3.988,406.789,0.997,25.923,5789,6392,1.970,1.830,1.220,5,0,251.252,0,0,17,244,0,18,0
28-04 22:00:27,53.230,26.364,19.333,0,0,4779660,158744,169464,2877840,11234.509,10051.400,12.052,883.816,3.013,43.186,6572,6864,2.220,1.890,1.240,4,0,393.700,0,0,17,243,0,16,0
28-04 22:00:28,61.646,20.965,15.973,1.248,0,4795668,140336,169820,2880308,2593.644,1455.556,1361.713,523.121,58.901,25.956,6674,8390,2.220,1.890,1.240,5,0,220.629,0,0,17,245,0,16,0
28-04 22:00:29,60.239,19.996,18.497,0.500,0,4857860,147280,169820,2811644,5197.040,3848.289,267.951,443.918,11.998,27.995,7132,8752,2.220,1.890,1.240,7,0,233.957,0,0,17,248,0,18,0
28-04 22:00:30,53.878,26.939,18.209,0,0,4879964,133584,169796,2804080,11731.462,10186.956,634.565,4669.437,10.975,54.876,7601,12124,2.220,1.890,1.240,7,0,343.224,0,0,17,247,0,19,0
28-04 22:00:31,62.789,22.161,14.281,0.492,0,4875592,159072,169544,2784216,2886.796,1436.011,358.510,937.642,17.729,39.397,7874,16155,2.220,1.890,1.240,6,0,233.426,0,0,17,249,0,19,0
28-04 22:00:32,52.732,16.049,28.022,2.038,0,4942904,155764,169512,2720272,4205.289,3329.994,379.057,358.677,24.455,21.398,5975,5899,2.280,1.900,1.250,2,0,178.320,0,0,17,256,0,19,0
28-04 22:00:33,58.541,9.507,30.772,0.751,0,5040984,151128,169512,2628636,12331.649,10608.440,152.107,19837.913,13.009,1172.823,5377,3546,2.280,1.900,1.250,3,0,5.004,0,0,17,259,0,21,0
28-04 22:00:34,65.006,8.219,23.910,1.743,0,5059384,131904,169516,2629564,8411.479,7222.933,486.178,434.372,12.951,30.884,4601,4687,2.280,1.900,1.250,3,0,13.948,0,0,17,262,0,23,0
28-04 22:00:35,58.860,9.768,26.800,4.007,0,5148296,142776,168232,2533992,5877.946,5682.583,1082.015,3959.374,87.162,218.407,5883,7545,2.280,1.900,1.250,2,0,10.019,0,0,17,267,0,26,0
28-04 22:00:36,64.611,8.264,25.043,1.503,0,5074200,244444,168268,2506980,13731.485,11356.423,1065.823,496.850,22.038,48.082,4986,4344,2.280,1.900,1.250,8,0,17.029,0,0,17,272,0,26,0
28-04 22:00:37,52.713,26.232,17.987,1.999,0,5095752,222156,168408,2507564,2536.221,1456.978,907.363,10512.625,34.975,227.840,7231,8558,2.340,1.920,1.260,2,1,387.728,0,0,17,273,0,27,0
28-04 22:00:38,44.028,28.268,23.265,2.752,0,5137964,175944,168524,2511364,4065.570,3324.101,4070.573,1880.188,64.040,73.046,7136,7816,2.340,1.920,1.260,2,0,389.246,0,0,17,276,0,27,0
28-04 22:00:39,50.374,19.202,29.676,0.249,0,5147664,166080,168524,2511808,13002.563,9660.900,690.278,2146.645,8.978,136.659,6421,8167,2.340,1.920,1.260,4,0,174.565,0,0,17,278,0,28,0
28-04 22:00:40,71.252,18.436,8.720,0.747,0.249,5148408,165224,168528,2512000,3403.152,2243.190,649.738,223.223,16.941,13.951,5271,3911,2.340,1.920,1.260,4,0,168.414,0,0,18,280,0,28,0
28-04 22:00:41,84.728,9.852,0.985,3.941,0.246,5208628,171540,168528,2447288,2712.291,1276.836,1174.374,271.919,51.231,20.689,5031,2519,2.340,1.920,1.260,5,0,5.911,0,0,18,280,0,28,0
28-04 22:00:42,74.442,10.925,8.384,5.844,0,5277468,132940,168528,2417920,10105.764,9560.028,2654.491,4012.224,150.408,19.309,4763,2728,2.390,1.940,1.270,4,0,8.130,0,0,18,283,0,28,0
28-04 22:00:43,77.716,11.031,6.267,4.763,0,5285500,156056,168544,2387532,6400.769,4465.397,962.673,1235.430,33.092,78.217,5416,3864,2.390,1.940,1.270,5,0,14.039,0,0,18,282,0,30,0
28-04 22:00:44,75.216,14.793,8.023,1.755,0,5319920,145256,168564,2364672,2591.458,1408.052,754.171,665.917,21.061,52.150,6837,6613,2.390,1.940,1.270,4,0,163.470,0,0,18,283,0,31,0
28-04 22:00:45,42.067,9.459,47.045,0.747,0,5365540,162860,168580,2303604,12389.000,8900.207,589.431,426.143,11.948,40.822,4135,3374,2.390,1.940,1.270,3,0,61.731,0,0,18,289,0,31,0
28-04 22:00:46,36.106,7.271,55.664,0.251,0,5336164,192228,168580,2303624,23579.504,10857.002,385.135,469.384,3.009,44.130,3639,3050,2.390,1.940,1.270,3,0,13.038,0,0,18,289,0,32,0
28-04 22:00:47,43.281,9.452,46.514,0,0.249,5359704,167988,168580,2304324,964886.141,25916.766,493.501,429.824,8.955,38.804,5430,4787,2.360,1.940,1.270,2,0,5.970,0,0,18,291,0,32,0
28-04 22:00:48,40.639,6.773,51.928,0,0,5390624,135868,168580,2305524,1206660.103,41736.751,513.757,248.851,4.014,12.041,5104,2901,2.360,1.940,1.270,3,0,6.021,0,0,18,292,0,31,0
28-04 22:00:49,35.308,7.011,56.342,0.501,0,5360384,197144,168580,2275600,14862.257,6716.963,516.844,352.575,5.008,34.056,3491,2877,2.360,1.940,1.270,3,0,9.015,0,0,18,291,0,32,0
28-04 22:00:50,24.636,4.728,70.176,0.249,0,5391348,166164,168580,2275616,8239.968,1600.612,0,254.824,0,21.899,2398,2079,2.360,1.940,1.270,3,0,0,0,0,18,291,0,32,0
28-04 22:00:51,20.293,2.505,76.414,0,0,5407852,149524,168580,2275752,11376.374,7259.553,0,232.498,0,18.039,2047,1824,2.360,1.940,1.270,3,0,0,0,0,18,292,0,32,0
28-04 22:00:52,17.257,1.501,79.531,0.250,0,5403328,154036,168580,2275764,13691.318,6918.687,0,336.131,0,35.014,2379,2507,2.250,1.930,1.270,3,0,0,0,0,18,291,0,32,0
28-04 22:00:53,3.490,3.739,92.236,0,0,5321856,235500,168580,2275768,8673.194,1603.414,3.989,267.236,0.997,19.943,1570,1700,2.250,1.930,1.270,2,0,36.894,0,0,18,291,0,32,0
28-04 22:00:54,1.505,0.753,96.330,0.251,0,5317708,239648,168580,2275768,8804.202,1776.093,0,509.749,0,37.127,1071,1478,2.250,1.930,1.270,2,0,2.007,0,0,18,295,0,32,0
28-04 22:00:55,3.250,1.500,93.993,0.250,0,5309700,246712,168580,2276712,656839.121,17020.707,0,255.981,0,22.998,2244,2432,2.250,1.930,1.270,0,0,0,0,0,18,295,0,32,0
28-04 22:00:56,3.742,1.996,90.818,0,0,5307424,246832,168580,2278868,2834623.987,65644.300,3.992,235.527,0.998,26.946,5098,4549,2.250,1.930,1.270,1,0,0,0,0,18,295,0,32,0
28-04 22:00:57,3.249,1.999,89.972,0.250,0,5303852,247828,168580,2281444,2826193.720,95524.247,15.995,315.902,1.000,33.989,5825,4334,2.070,1.890,1.260,1,0,1.999,0,0,18,297,0,32,0
28-04 22:00:58,4.258,2.004,91.423,0.501,0,5301904,247224,168580,2283996,2844145.433,93100.221,0,336.637,0,23.044,4561,4029,2.070,1.890,1.260,2,0,0,0,0,18,297,0,32,0
28-04 22:00:59,2.498,1.998,91.680,0,0,5300376,245980,168580,2286752,2832229.189,99740.116,0,799.392,0,118.910,4443,3800,2.070,1.890,1.260,3,0,0,0,0,18,297,0,32,0
28-04 22:01:00,4.763,3.008,89.235,0.251,0,5303096,239896,168580,2290116,2954714.395,113956.689,0,216.571,0,20.053,5524,4439,2.070,1.890,1.260,2,0,6.016,0,0,18,298,0,32,0
28-04 22:01:01,9.495,15.243,70.466,2.999,0,5313664,227020,168580,2292424,3056.524,1457.296,2286.896,2442.820,26.987,18.991,4796,3753,2.070,1.890,1.260,2,0,252.878,0,0,18,298,0,32,0
28-04 22:01:02,23.701,3.992,71.354,0,0,5361240,179436,168580,2292432,2712.446,1455.021,0,239.510,0,34.928,2272,1819,1.980,1.880,1.260,2,0,0,0,0,18,298,0,32,0
28-04 22:01:03,19.294,2.506,77.426,0.251,0,5381504,159164,168580,2292440,10183.119,7320.620,0,749.702,0,114.259,1974,1523,1.980,1.880,1.260,2,0,0,0,0,18,299,0,32,0
28-04 22:01:04,20.252,3.000,74.506,1.000,0,5381288,158876,168580,2292956,5954.503,4820.407,464.039,7692.650,27.002,909.077,4880,5648,1.980,1.880,1.260,1,0,0,0,0,18,303,0,33,0
28-04 22:01:05,3.244,1.747,90.580,0,0,5388200,151912,168580,2293008,302870.065,10421953.579,47.910,347.348,2.994,35.933,4597,2512,1.980,1.880,1.260,1,0,0.998,0,0,18,302,0,34,0
28-04 22:01:06,2.498,0.749,93.435,0.250,0,5385636,154476,168580,2293008,231867.331,6009261.966,0,203.859,0,15.989,2883,1609,1.980,1.880,1.260,2,0,0,0,0,18,303,1,34,0
28-04 22:01:07,24.022,3.753,68.313,0.250,0,5348976,187340,168592,2296776,3976338.597,130889.253,20.019,1409.306,2.002,95.088,11466,10694,1.900,1.860,1.260,3,0,2.002,0,0,18,307,0,35,0
28-04 22:01:08,4.505,3.003,89.340,0.250,0,5336284,196796,168592,2299996,4145818.973,117034.507,0,84.085,0,12.012,8808,7371,1.900,1.860,1.260,3,0,0,0,0,18,307,0,35,0
28-04 22:01:09,4.257,3.255,88.646,0,0,5338196,190724,168592,2304156,3774688.737,135038.187,0,204.336,0,19.031,8567,6964,1.900,1.860,1.260,2,0,0,0,0,18,307,0,35,0
28-04 22:01:10,5.236,4.239,86.773,0,0,5337164,187844,168592,2308068,4016579.265,113295.918,0,55.854,0,6.982,8328,8730,1.900,1.860,1.260,0,0,0.997,0,0,18,309,0,35,0
28-04 22:01:11,13.529,7.015,76.663,0.752,0,5263568,260192,168592,2309316,1195543.339,52601.814,60.128,925.968,4.009,67.143,5293,4447,1.900,1.860,1.260,2,0,110.234,0,0,18,306,0,38,0
28-04 22:01:12,12.510,16.513,68.803,0.751,0,5296444,227248,168592,2309368,2632.030,1351.042,28.022,18338.145,2.002,164.127,5338,5038,1.910,1.870,1.270,1,0,355.274,0,0,18,306,0,38,0
28-04 22:01:13,23.915,3.488,71.495,0.249,0,5345836,177856,168592,2309368,2495.093,1452.814,0,518.150,0,41.851,2238,1962,1.910,1.870,1.270,2,0,0,0,0,18,306,0,38,0
28-04 22:01:14,14.803,12.545,71.507,0,0,5341924,181728,168592,2309392,2366.503,1463.257,0,136.490,0,14.050,4116,3263,1.910,1.870,1.270,1,0,193.696,0,0,18,306,0,38,0
28-04 22:01:15,9.754,19.757,69.276,0.250,0,5348252,175340,168592,2309436,2444.918,1458.548,0,428.161,0,41.015,5780,5034,1.910,1.870,1.270,2,0,328.123,0,0,18,310,0,38,0
28-04 22:01:16,3.734,8.464,85.881,0.249,0,5345208,178368,168592,2309452,2689.452,1493.587,0,55.761,0,3.983,2933,2556,1.910,1.870,1.270,2,0,149.359,0,0,18,310,0,38,0
28-04 22:01:17,14.024,4.007,81.139,0.250,0,5368316,155228,168592,2309484,2348.012,1406.403,32.055,629.075,1.002,43.074,2244,2333,1.760,1.840,1.260,1,0,10.017,0,0,18,310,0,38,0
28-04 22:01:18,22.178,2.741,74.010,0,0,5402044,121484,168592,2309500,4223.309,3418.917,0,39.871,0,4.984,1944,1401,1.760,1.840,1.260,1,0,0,0,0,18,311,0,38,0
28-04 22:01:19,19.585,3.766,75.578,0,0,5372872,150664,168592,2309512,11805.299,8607.403,64.279,16122.057,4.017,27.118,2631,2333,1.760,1.840,1.260,1,0,23.100,0,0,18,314,0,39,0
28-04 22:01:20,12.012,16.016,70.572,0.501,0,5361428,161960,168596,2309656,4356.449,1459.491,12.012,0,3.003,0,4905,3534,1.760,1.840,1.260,4,0,185.189,0,0,18,314,0,39,0
28-04 22:01:21,14.494,15.993,68.222,0,0,5340016,183016,168596,2309996,2939.805,1457.407,47.980,215.912,2.999,20.991,5463,4436,1.760,1.840,1.260,2,0,176.928,0,0,18,314,0,38,0
28-04 22:01:22,16.206,17.952,64.077,0,0,5362404,160296,168596,2311748,2383.583,1346.375,0,0,0,0,6228,8259,1.620,1.800,1.250,8,0,216.417,0,0,18,314,0,38,0
28-04 22:01:23,26.983,6.746,64.461,0,0,5370156,152432,168596,2310424,2622.393,1457.107,83.949,83.949,5.996,5.996,3336,10050,1.620,1.800,1.250,4,0,41.974,0,0,18,314,0,39,0
28-04 22:01:24,25.449,3.742,70.109,0.499,0,5397104,156052,168596,2280992,2353.265,1455.072,0,3297.366,0,450.094,2569,2158,1.620,1.800,1.250,3,0,0.998,0,0,18,314,0,39,0
28-04 22:01:25,23.556,3.508,71.922,0.752,0,5433092,119772,168596,2281284,2750.593,1461.503,292.702,184.442,6.014,19.046,2456,2228,1.620,1.800,1.250,3,0,4.010,0,0,18,318,0,32,0
28-04 22:01:26,24.244,2.499,70.984,0.500,0,5337760,246152,168596,2251184,2640.398,1457.668,95.978,395.910,4.999,42.990,2592,2527,1.620,1.800,1.250,2,0,4.999,0,0,18,314,0,32,0
28-04 22:01:27,24.961,3.245,70.640,0.250,0,5384580,199204,168596,2251312,2294.416,1455.726,103.838,479.251,8.986,26.958,2489,2194,1.570,1.790,1.250,2,0,6.989,0,0,18,314,0,32,0
28-04 22:01:28,23.299,4.760,71.651,0.251,0,5424080,159704,168596,2251312,2449.147,1461.071,0,248.522,0,21.044,2280,1972,1.570,1.790,1.250,2,0,1.002,0,0,18,314,0,32,0
28-04 22:01:29,15.416,2.735,79.815,0.249,0,5437916,145840,168596,2251340,10988.079,10300.827,15.913,521.158,0.995,27.848,2300,2142,1.570,1.790,1.250,0,0,1.989,0,0,18,317,0,30,0
28-04 22:01:30,20.853,1.507,76.879,0,0,5438624,145080,168596,2251392,13528.645,11667.477,0,156.772,0,11.054,2266,1906,1.570,1.790,1.250,4,0,1.005,0,0,18,314,0,31,0
28-04 22:01:31,23.267,5.004,71.802,0.250,0,5406904,176800,168596,2251392,2883.080,1459.053,0,188.136,0,13.009,2216,1724,1.570,1.790,1.250,2,0,15.011,0,0,18,314,0,31,0
28-04 22:01:32,23.733,2.748,71.950,0,0.250,5421572,162128,168596,2251396,2416.308,1456.980,0,279.804,0,15.989,2041,1461,1.520,1.780,1.250,3,0,0,0,0,18,314,0,31,0
28-04 22:01:33,16.549,10.281,71.964,0.501,0,5384352,199188,168600,2251552,2571.659,1462.355,393.171,449.338,5.015,22.066,3781,3071,1.520,1.780,1.250,1,0,149.445,0,0,18,314,0,29,0
28-04 22:01:34,10.199,15.920,69.899,2.239,0,5383300,200080,168600,2251712,2405.905,1450.707,47.760,330.339,5.970,52.735,5217,4184,1.520,1.780,1.250,2,0,343.274,0,0,18,314,0,29,0
28-04 22:01:35,20.764,6.504,71.548,1.001,0,5399764,183588,168600,2251744,2565.717,1458.976,24.016,376.252,3.002,23.015,3252,2841,1.520,1.780,1.250,3,0,105.070,0,0,18,314,0,29,0
28-04 22:01:36,19.554,3.510,75.710,0.251,0,5398120,185216,168600,2251760,8135.521,3597.960,0,276.766,0,14.039,2134,1858,1.520,1.780,1.250,2,0,17.047,0,0,18,315,0,29,0
28-04 22:01:37,24.199,2.495,71.849,0.499,0,5382084,195036,168720,2257744,2574.584,1628.574,427.101,1061.766,12.973,27.941,2315,2049,1.480,1.760,1.250,2,0,1.996,0,0,18,314,0,19,0
28-04 22:01:38,21.009,3.001,74.783,0.250,0,5379744,197308,168720,2257796,6807.961,2731.188,0,324.141,0,18.008,2123,1671,1.480,1.760,1.250,1,0,18.008,0,0,18,315,0,19,0
28-04 22:01:39,39.552,6.759,52.069,1.502,0,5423676,148200,168736,2262848,5217.902,3297.362,260.344,1125.489,3.004,28.037,3020,1837,1.480,1.760,1.250,3,0,7.009,0,0,18,314,0,19,0
28-04 22:01:40,42.603,10.776,44.607,0,0,5432996,138340,168736,2263372,2630.336,1461.520,513.236,1692.076,4.010,280.676,11156,18127,1.480,1.760,1.250,3,0,18.043,0,0,18,314,0,19,0
28-04 22:01:41,11.692,2.239,84.578,0.249,0,5413376,157992,168736,2263356,7343.376,3611.986,254.730,354.233,1.990,20.896,1843,1877,1.480,1.760,1.250,2,0,0.995,0,0,18,315,0,17,0
28-04 22:01:42,1.756,1.003,96.328,0,0,5402220,169144,168740,2263356,2486.466,1462.981,0,72.246,0,7.024,1021,1401,1.360,1.740,1.240,1,0,0,0,0,18,315,0,17,0
28-04 22:01:43,2.250,0.500,96.248,0.500,0,5393368,177992,168740,2263360,2623.950,1457.972,0,247.995,0,23.000,1230,1809,1.360,1.740,1.240,1,0,0,0,0,18,315,0,17,0
28-04 22:01:44,1.499,0.999,96.945,0,0,5385544,185816,168740,2263360,2476.585,1457.167,0,31.982,0,4.997,878,1257,1.360,1.740,1.240,1,0,0,0,0,18,315,0,17,0
28-04 22:01:45,2.502,1.001,95.584,0,0,5378832,192436,168740,2263456,2806.460,1459.279,96.084,348.305,6.005,30.026,1336,1984,1.360,1.740,1.240,2,0,0,0,0,18,315,0,13,0
28-04 22:01:46,1.994,0.748,95.951,0,0,5372980,198284,168740,2263460,4219.843,1345.804,0,51.838,0,6.978,1034,1410,1.360,1.740,1.240,1,0,1.994,0,0,18,315,0,13,0
28-04 22:01:47,2.002,0.751,95.604,0.501,0,5365040,206056,168740,2263628,4310.691,1567.706,160.174,364.397,6.007,29.032,1434,2009,1.250,1.710,1.230,1,0,1.001,0,0,18,315,0,13,0
28-04 22:01:48,1.502,1.002,96.904,0,0,5357628,213468,168740,2263628,2660.224,1352.147,0,32.051,0,5.008,969,1316,1.250,1.710,1.230,1,0,0,0,0,18,315,0,13,0
28-04 22:01:49,1.498,0.749,96.887,0,0,5352508,218588,168740,2263628,2774.772,1456.306,0,0,0,0,934,1286,1.250,1.710,1.230,2,0,0,0,0,18,315,0,11,0
28-04 22:01:50,1.747,0.749,96.564,0,0,5348420,222672,168740,2263632,4471.372,1455.192,0,0,0,0,1040,1379,1.250,1.710,1.230,1,0,0,0,0,18,315,0,11,0
28-04 22:01:51,2.260,0.753,96.433,0,0,5345036,226056,168740,2263632,3070.802,1464.583,0,48.217,0,6.027,970,1326,1.250,1.710,1.230,2,0,0,0,0,18,315,0,11,0
28-04 22:01:52,1.244,0.498,97.070,0,0.249,5343060,228032,168740,2263632,2526.809,1493.386,0,0,0,0,924,1310,1.230,1.690,1.230,1,0,0,0,0,18,315,0,11,0
28-04 22:01:53,1.752,1.001,96.617,0,0,5342036,229056,168740,2263632,3043.689,1459.769,0,48.058,0,6.007,954,1326,1.230,1.690,1.230,2,0,0,0,0,18,315,0,10,0
28-04 22:01:54,1.001,0.500,97.328,0,0,5341392,229700,168740,2263632,2271.816,1351.080,0,164.131,0,2.002,818,1176,1.230,1.690,1.230,1,0,0,0,0,18,315,0,10,0
28-04 22:01:55,2.506,1.003,95.492,0.752,0,5341176,229908,168740,2263640,2590.555,1407.562,0,1319.338,0,220.558,1296,1835,1.230,1.690,1.230,1,0,0,0,0,18,315,0,10,0
28-04 22:01:56,4.241,0.499,94.039,0,0,5341304,229780,168740,2263640,7296.658,3552.045,0,203.544,0,23.946,1270,1628,1.230,1.690,1.230,1,0,0,0,0,18,315,0,10,1
28-04 22:01:57,19.765,4.753,71.803,0.250,0.250,5362440,208360,168784,2263880,6542.816,2464.814,32.024,508.374,1.001,26.019,9828,18164,1.290,1.700,1.240,3,0,7.005,0,0,18,315,0,10,0
28-04 22:01:58,21.715,6.490,70.886,0.250,0,5350884,219772,168828,2263980,2653.740,1455.663,0,611.019,0,21.965,2525,2093,1.290,1.700,1.240,2,0,13.978,0,0,18,315,0,10,0
28-04 22:01:59,18.313,8.780,71.999,0.753,0,5298664,281880,168968,2254040,3216.110,1637.657,0,1180.077,0,30.104,3372,2615,1.290,1.700,1.240,4,0,106.367,0,0,18,314,0,10,0
28-04 22:02:00,17.467,10.730,70.619,0,0,5330316,250216,168968,2254064,4449.719,1455.292,0,339.368,0,20.961,3606,2969,1.290,1.700,1.240,2,0,162.697,0,0,18,314,0,10,0
28-04 22:02:01,24.449,2.245,72.350,0,0.249,5358036,222496,168968,2254064,3244.253,1454.974,0,35.925,0,3.992,1951,1374,1.290,1.700,1.240,2,0,0,0,0,18,314,0,10,0
28-04 22:02:02,19.286,2.004,77.396,0,0,5374440,205904,168968,2254252,10025.946,7155.521,0,0,0,0,2015,1591,1.270,1.690,1.230,2,0,0,0,0,18,315,0,10,0
28-04 22:02:03,20.256,5.752,73.272,0,0,5342768,237528,168968,2254300,7249.191,6030.822,32.010,252.076,2.001,20.006,3277,2762,1.270,1.690,1.230,2,0,80.024,0,0,18,314,0,13,0
28-04 22:02:04,22.199,5.238,71.335,0.249,0,5355492,224800,168968,2254304,2558.069,1454.627,0,131.695,0,8.979,2289,1826,1.270,1.690,1.230,2,0,35.917,0,0,18,314,0,13,0
28-04 22:02:05,20.830,2.510,75.290,0.251,0,5376248,203912,168968,2254440,8355.167,7278.020,0,3364.955,0,207.800,2466,2532,1.270,1.690,1.230,2,0,0,0,0,18,315,0,13,0
28-04 22:02:06,20.518,6.506,71.562,0,0,5350836,229316,168968,2254448,7601.534,4446.822,0,68.059,0,7.006,2939,2379,1.270,1.690,1.230,3,0,70.060,0,0,18,314,0,12,0
28-04 22:02:07,25.168,2.492,71.767,0.249,0,5395928,184172,168968,2254500,2734.105,1453.272,31.896,203.338,0.997,20.932,2238,1892,1.250,1.680,1.230,2,0,0.997,0,0,18,314,0,12,0
28-04 22:02:08,17.263,2.502,78.810,0.250,0,5394920,185128,168968,2254552,16189.418,14533.148,32.025,216.166,2.002,21.016,2181,1964,1.250,1.680,1.230,2,0,0,0,0,18,314,0,13,0
28-04 22:02:09,20.509,6.753,71.780,0,0,5395900,184144,168968,2254556,4604.915,1500.624,0,0,0,0,2575,1989,1.250,1.680,1.230,3,0,56.023,0,0,18,314,0,13,0
28-04 22:02:10,22.962,2.745,73.627,0,0,5427512,152528,168968,2254560,3053.911,2015.641,0,291.514,0,16.972,1908,1392,1.250,1.680,1.230,1,0,0,0,0,18,315,0,12,0
28-04 22:02:11,18.481,1.998,77.422,0,0,5421524,158500,168968,2254576,14604.222,10974.895,0,1558.423,0,273.723,2496,2233,1.250,1.680,1.230,2,0,0,0,0,18,314,0,16,0
28-04 22:02:12,20.983,5.246,72.191,0.999,0,5367984,212028,168968,2254588,4299.469,1498.769,11.990,3.997,0.999,0.999,2392,1849,1.230,1.660,1.230,1,0,31.974,0,0,18,314,0,16,0
28-04 22:02:13,22.206,2.495,73.854,0.499,0,5387764,192240,168972,2254592,3897.317,3423.251,0,542.930,0,52.896,2389,2360,1.230,1.660,1.230,2,0,0,0,0,18,315,0,16,0
28-04 22:02:14,15.541,2.256,80.715,0.251,0,5387704,192240,168972,2254652,12260.660,10498.967,32.085,417.111,2.005,37.099,2432,2631,1.230,1.660,1.230,2,0,0,0,0,18,314,0,15,0
28-04 22:02:15,21.750,6.000,70.750,0.250,0,5343492,236444,168972,2254660,2538.018,1458.010,0,284.002,0,29.000,2824,2641,1.230,1.660,1.230,2,0,47.000,0,0,18,314,0,15,0
28-04 22:02:16,20.541,2.255,76.653,0,0,5381540,198392,168972,2254664,5225.433,3856.700,0,112.224,0,8.016,1921,1536,1.230,1.660,1.230,2,0,0,0,0,18,315,0,15,0
28-04 22:02:17,21.055,4.512,73.443,0.251,0,5373832,206092,168972,2254672,11333.817,9342.579,0,465.224,0,29.076,2700,2302,1.210,1.650,1.230,1,0,33.087,0,0,18,314,0,18,0
28-04 22:02:18,24.866,4.973,68.134,0,0,5415196,164616,168972,2254784,3276.409,1450.214,0,107.423,0,11.936,3264,3924,1.210,1.650,1.230,3,0,2.984,0,0,18,314,0,18,0
28-04 22:02:19,21.864,2.764,75.142,0,0,5426236,153624,168972,2254800,8668.176,7221.637,0,36.189,0,1.005,2279,1907,1.210,1.650,1.230,4,0,2.010,0,0,18,315,0,18,0
28-04 22:02:20,18.684,1.744,78.472,0.249,0,5413064,166768,168972,2254828,7879.127,6629.547,0,390.618,0,40.855,2518,2710,1.210,1.650,1.230,2,0,0.996,0,0,18,314,0,19,0
28-04 22:02:21,5.992,11.983,79.638,0.749,0,5371428,208196,169160,2254848,3211.486,2129.008,135.809,211.702,3.994,15.978,3803,3314,1.210,1.650,1.230,1,0,199.719,0,0,18,314,0,19,0
28-04 22:02:22,6.520,1.755,87.773,2.759,0,5360568,218260,169160,2255644,2365.358,1462.550,834.596,421.311,46.144,17.053,1399,1544,1.110,1.630,1.220,4,0,3.009,0,0,18,314,0,18,0
28-04 22:02:23,17.714,12.225,62.374,6.986,0,5325356,251440,169232,2257496,3850.242,1455.068,1584.807,1728.517,54.889,35.928,4048,14338,1.110,1.630,1.220,2,0,100.797,0,0,18,314,0,19,0
28-04 22:02:24,17.764,10.508,67.803,3.002,0,5275416,298532,169244,2260140,7842.159,125672.702,908.714,6921.436,52.041,14.011,5659,8614,1.110,1.630,1.220,1,0,10.008,0,0,18,314,0,19,0
28-04 22:02:25,2.004,0.501,96.179,0,0,5272316,301464,169244,2260308,2422.506,1460.717,0,268.499,0,23.043,1210,1825,1.110,1.630,1.220,1,0,0,0,0,18,314,0,19,0
28-04 22:02:26,1.748,0.999,95.893,0.749,0,5265356,308420,169244,2260312,2492.218,1456.374,0,5669.671,0,704.214,1320,1734,1.110,1.630,1.220,1,0,0,0,0,18,314,0,18,0
28-04 22:02:27,1.999,1.749,94.937,0,0,5261008,312768,169244,2260312,2296.475,1457.032,0,27.981,0,2.998,1251,1514,1.020,1.600,1.220,1,0,6.995,0,0,18,314,0,18,0
28-04 22:02:28,2.252,0.751,96.085,0.250,0,5259784,313992,169244,2260312,2300.032,1459.290,0,324.287,0,29.026,1222,1791,1.020,1.600,1.220,1,0,0,0,0,18,314,0,18,0
28-04 22:02:29,1.497,1.248,95.829,0.250,0,5258132,315644,169244,2260312,4030.809,1455.404,0,119.786,0,13.975,1031,1426,1.020,1.600,1.220,3,0,0,0,0,18,314,0,18,0
28-04 22:02:30,2.252,1.501,95.315,0.250,0,5256900,316836,169244,2260352,4160.859,1459.002,0,1797.235,0,35.024,1232,1583,1.020,1.600,1.220,1,0,0,0,0,18,314,0,16,0
28-04 22:02:31,1.001,1.001,97.584,0,0,5255636,318100,169244,2260352,2737.349,1459.252,0,0,0,0,905,1255,1.020,1.600,1.220,1,0,0,0,0,18,314,0,16,0
28-04 22:02:32,1.747,0.499,96.328,0,0,5254604,319132,169244,2260352,2473.584,1455.402,0,0,0,0,1058,1400,0.940,1.570,1.210,1,0,0,0,0,18,314,0,16,0
28-04 22:02:33,1.988,0.745,96.400,0,0,5254604,319132,169244,2260352,4013.015,1448.979,0,0,0,0,989,1331,0.940,1.570,1.210,2,0,0,0,0,18,314,0,16,0
28-04 22:02:34,1.008,0.756,97.800,0,0,5254604,319132,169244,2260352,2498.450,1470.032,0,8.066,0,1.008,830,1230,0.940,1.570,1.210,1,0,0,0,0,18,314,0,16,0
28-04 22:02:35,2.246,1.248,94.842,0.250,0,5254472,319432,169244,2260356,2653.581,1455.576,0,8465.903,0,467.222,1391,2011,0.940,1.570,1.210,2,0,0,0,0,18,314,0,16,0
28-04 22:02:36,1.750,0.750,96.022,0,0,5254476,319432,169244,2260356,3035.704,1458.338,0,72.017,0,11.003,1062,1420,0.940,1.570,1.210,5,0,0,0,0,18,314,0,16,0
28-04 22:02:37,1.502,1.251,96.608,0,0,5254476,319432,169244,2260356,2600.909,1459.632,0,0,0,0,1089,1408,0.860,1.540,1.200,1,0,1.001,0,0,18,314,0,16,0
28-04 22:02:38,1.247,0.748,96.236,0.249,0,5254476,319432,169244,2260356,2531.065,1454.016,0,47.869,0,5.984,985,1344,0.860,1.540,1.200,1,0,0,0,0,18,314,0,16,0
28-04 22:02:39,19.032,5.259,75.377,0,0,5290180,283720,169244,2260364,2722.574,1460.454,256.431,0,2.003,0,2103,1628,0.860,1.540,1.200,2,0,6.010,0,0,18,314,0,16,0
28-04 22:02:40,19.992,5.998,72.971,0,0,5288080,285820,169244,2260364,2776.884,1457.414,511.794,19.992,3.998,1.999,2215,1647,0.860,1.540,1.200,3,0,4.998,0,0,18,314,0,16,0
28-04 22:02:41,4.493,1.997,91.861,0,0,5262520,311376,169244,2260368,2730.860,1455.793,255.612,319.516,1.997,23.964,1488,1788,0.860,1.540,1.200,1,0,0.998,0,0,18,314,0,16,0
28-04 22:02:42,2.005,1.253,96.747,0,0,5262516,311376,169244,2260372,2484.332,1461.725,0,4.010,0,1.003,1015,1325,0.800,1.520,1.200,1,0,0,0,0,18,314,0,16,0
28-04 22:02:43,3.251,1.250,94.024,0.500,0,5262504,311376,169244,2260384,2478.632,1458.372,0,456.116,0,47.012,1500,2190,0.800,1.520,1.200,1,0,1.000,0,0,18,314,0,16,0
28-04 22:02:44,1.247,0.499,97.049,0,0,5262504,311376,169244,2260384,2652.506,1496.900,0,27.942,0,3.992,888,1289,0.800,1.520,1.200,0,0,0,0,0,18,314,0,16,0
28-04 22:02:45,1.999,1.000,95.703,0,0,5262504,311376,169244,2260384,2476.771,1457.277,0,299.851,0,27.986,1193,1826,0.800,1.520,1.200,1,0,0,0,0,18,314,0,16,0
28-04 22:02:46,1.502,0.751,96.597,0.250,0,5262500,311376,169244,2260388,2677.699,1459.471,0,28.028,0,4.004,990,1365,0.800,1.520,1.200,1,0,2.002,0,0,18,314,0,16,0
28-04 22:02:47,1.750,1.000,95.488,0,0,5262748,311128,169244,2260388,2417.692,1457.814,0,1523.806,0,288.963,1609,1965,0.730,1.490,1.190,2,0,1.000,0,0,18,314,0,16,0
28-04 22:02:48,1.751,1.001,97.310,0,0,5262748,311128,169244,2260388,2309.413,1458.893,0,4.002,0,1.001,1000,1330,0.730,1.490,1.190,1,0,0,0,0,18,314,0,16,0
28-04 22:02:49,1.251,0.250,96.604,0.250,0,5262744,311128,169244,2260392,2600.787,1459.564,0,28.030,0,4.004,904,1309,0.730,1.490,1.190,1,0,0,0,0,18,314,0,16,0
28-04 22:02:50,2.745,1.248,94.843,0.250,0,5262740,311128,169244,2260396,2473.918,1455.598,0,279.539,0,24.959,1309,1946,0.730,1.490,1.190,1,0,0,0,0,18,314,0,16,0
28-04 22:02:51,1.745,0.748,95.957,0.249,0,5262736,311128,169244,2260400,2740.641,1507.402,0,83.745,0,9.970,1044,1460,0.730,1.490,1.190,4,0,0,0,0,18,314,0,16,0
28-04 22:02:52,1.508,0.503,97.550,0,0,5262736,311128,169244,2260400,2311.020,1466.261,0,0,0,0,991,1392,0.670,1.470,1.180,2,0,0,0,0,18,314,0,16,0
28-04 22:02:53,1.494,0.996,96.599,0,0,5262736,311128,169244,2260400,2587.250,1451.967,0,47.801,0,5.975,959,1340,0.670,1.470,1.180,1,0,0,0,0,18,314,0,16,0
28-04 22:02:54,1.754,0.752,97.216,0,0,5262736,311128,169244,2260400,2311.126,1028.281,0,8.018,0,2.004,875,1230,0.670,1.470,1.180,2,0,0,0,0,18,314,0,16,0
28-04 22:02:55,1.754,1.253,95.202,0.251,0,5263236,310624,169244,2260404,6938.723,380.808,0,364.774,0,28.060,1142,1760,0.670,1.470,1.180,3,0,3.006,0,0,18,314,0,16,0
28-04 22:02:56,13.224,2.745,82.839,0.250,0,5278828,295032,169244,2260404,272399.023,6164.007,0,542.944,0,19.961,2057,1938,0.670,1.470,1.180,3,0,3.992,0,0,18,314,0,16,0
28-04 22:02:57,8.266,4.008,86.170,0.501,0,5282784,291072,169248,2260404,142308.111,6829.443,108.213,120.237,5.010,6.012,2266,1981,0.700,1.460,1.180,1,0,24.047,0,0,18,314,0,16,0
28-04 22:02:58,9.491,2.997,86.169,0.500,0,5282656,291072,169248,2260532,148434.422,5512.816,15.985,431.594,0.999,29.972,2235,2201,0.700,1.460,1.180,1,0,13.987,0,0,18,314,0,16,0
28-04 22:02:59,12.746,5.248,78.723,1.499,0,5279056,292944,169248,2262260,147343.850,3342.862,15.995,79.973,1.000,3.999,2290,1803,0.700,1.460,1.180,2,0,22.992,0,0,18,314,0,16,0
